Component: ARM Compiler 5.06 update 6 (build 750) Tool: armlink [4d35ed]

==============================================================================

Section Cross References

    startup_stm32f302x8.o(RESET) refers to startup_stm32f302x8.o(STACK) for __initial_sp
    startup_stm32f302x8.o(RESET) refers to startup_stm32f302x8.o(.text) for Reset_Handler
    startup_stm32f302x8.o(RESET) refers to stm32f30x_mc_it.o(i.HardFault_Handler) for HardFault_Handler
    startup_stm32f302x8.o(RESET) refers to stm32f30x_mc_it.o(i.SysTick_Handler) for SysTick_Handler
    startup_stm32f302x8.o(RESET) refers to stm32f30x_mc_it.o(i.ADC1_IRQHandler) for ADC1_IRQHandler
    startup_stm32f302x8.o(RESET) refers to stm32f30x_mc_it.o(i.TIM1_BRK_TIM15_IRQHandler) for TIM1_BRK_TIM15_IRQHandler
    startup_stm32f302x8.o(RESET) refers to stm32f30x_mc_it.o(i.TIM1_UP_TIM16_IRQHandler) for TIM1_UP_TIM16_IRQHandler
    startup_stm32f302x8.o(RESET) refers to stm32f30x_mc_it.o(i.USART2_IRQHandler) for USART2_IRQHandler
    startup_stm32f302x8.o(RESET) refers to stm32f30x_mc_it.o(i.EXTI15_10_IRQHandler) for EXTI15_10_IRQHandler
    startup_stm32f302x8.o(.text) refers to system_stm32f3xx.o(i.SystemInit) for SystemInit
    startup_stm32f302x8.o(.text) refers to entry.o(.ARM.Collect$$$$00000000) for __main
    main.o(i.SystemClock_Config) refers to stm32f3xx_hal_rcc.o(i.HAL_RCC_OscConfig) for HAL_RCC_OscConfig
    main.o(i.SystemClock_Config) refers to stm32f3xx_hal_rcc.o(i.HAL_RCC_ClockConfig) for HAL_RCC_ClockConfig
    main.o(i.SystemClock_Config) refers to stm32f3xx_hal_rcc_ex.o(i.HAL_RCCEx_PeriphCLKConfig) for HAL_RCCEx_PeriphCLKConfig
    main.o(i.main) refers to stm32f3xx_hal.o(i.HAL_Init) for HAL_Init
    main.o(i.main) refers to stm32f3xx_hal_rcc.o(i.HAL_RCC_OscConfig) for HAL_RCC_OscConfig
    main.o(i.main) refers to stm32f3xx_hal_rcc.o(i.HAL_RCC_ClockConfig) for HAL_RCC_ClockConfig
    main.o(i.main) refers to stm32f3xx_hal_rcc_ex.o(i.HAL_RCCEx_PeriphCLKConfig) for HAL_RCCEx_PeriphCLKConfig
    main.o(i.main) refers to stm32f3xx_hal_gpio.o(i.HAL_GPIO_WritePin) for HAL_GPIO_WritePin
    main.o(i.main) refers to stm32f3xx_hal_gpio.o(i.HAL_GPIO_Init) for HAL_GPIO_Init
    main.o(i.main) refers to stm32f3xx_hal_adc_ex.o(i.HAL_ADC_Init) for HAL_ADC_Init
    main.o(i.main) refers to stm32f3xx_hal_adc_ex.o(i.HAL_ADCEx_InjectedConfigChannel) for HAL_ADCEx_InjectedConfigChannel
    main.o(i.main) refers to stm32f3xx_hal_adc_ex.o(i.HAL_ADC_ConfigChannel) for HAL_ADC_ConfigChannel
    main.o(i.main) refers to stm32f3xx_hal_dac.o(i.HAL_DAC_Init) for HAL_DAC_Init
    main.o(i.main) refers to stm32f3xx_hal_dac_ex.o(i.HAL_DAC_ConfigChannel) for HAL_DAC_ConfigChannel
    main.o(i.main) refers to stm32f3xx_hal_tim.o(i.HAL_TIM_Base_Init) for HAL_TIM_Base_Init
    main.o(i.main) refers to stm32f3xx_hal_tim.o(i.HAL_TIM_PWM_Init) for HAL_TIM_PWM_Init
    main.o(i.main) refers to stm32f3xx_hal_tim.o(i.HAL_TIM_SlaveConfigSynchro) for HAL_TIM_SlaveConfigSynchro
    main.o(i.main) refers to stm32f3xx_hal_tim_ex.o(i.HAL_TIMEx_MasterConfigSynchronization) for HAL_TIMEx_MasterConfigSynchronization
    main.o(i.main) refers to stm32f3xx_hal_tim.o(i.HAL_TIM_PWM_ConfigChannel) for HAL_TIM_PWM_ConfigChannel
    main.o(i.main) refers to stm32f3xx_hal_tim_ex.o(i.HAL_TIMEx_ConfigBreakDeadTime) for HAL_TIMEx_ConfigBreakDeadTime
    main.o(i.main) refers to stm32f3xx_hal_msp.o(i.HAL_TIM_MspPostInit) for HAL_TIM_MspPostInit
    main.o(i.main) refers to stm32f3xx_hal_uart.o(i.HAL_UART_Init) for HAL_UART_Init
    main.o(i.main) refers to motorcontrol.o(i.MX_MotorControl_Init) for MX_MotorControl_Init
    main.o(i.main) refers to stm32f3xx_hal_cortex.o(i.HAL_NVIC_SetPriority) for HAL_NVIC_SetPriority
    main.o(i.main) refers to stm32f3xx_hal_cortex.o(i.HAL_NVIC_EnableIRQ) for HAL_NVIC_EnableIRQ
    main.o(i.main) refers to main.o(.bss) for .bss
    motorcontrol.o(i.MX_MotorControl_Init) refers to stm32f3xx_hal_rcc.o(i.HAL_RCC_GetHCLKFreq) for HAL_RCC_GetHCLKFreq
    motorcontrol.o(i.MX_MotorControl_Init) refers to stm32f3xx_hal_cortex.o(i.HAL_SYSTICK_Config) for HAL_SYSTICK_Config
    motorcontrol.o(i.MX_MotorControl_Init) refers to mc_tasks.o(i.MCboot) for MCboot
    motorcontrol.o(i.MX_MotorControl_Init) refers to mc_tasks.o(i.mc_lock_pins) for mc_lock_pins
    motorcontrol.o(i.MX_MotorControl_Init) refers to ui_task.o(i.UI_TaskInit) for UI_TaskInit
    motorcontrol.o(i.MX_MotorControl_Init) refers to motorcontrol.o(.data) for .data
    motorcontrol.o(i.MX_MotorControl_Init) refers to motorcontrol.o(.constdata) for .constdata
    mc_api.o(i.MC_AcknowledgeFaultMotor1) refers to mc_interface.o(i.MCI_FaultAcknowledged) for MCI_FaultAcknowledged
    mc_api.o(i.MC_AcknowledgeFaultMotor1) refers to motorcontrol.o(.data) for pMCI
    mc_api.o(i.MC_Clear_IqdrefMotor1) refers to mc_interface.o(i.MCI_Clear_Iqdref) for MCI_Clear_Iqdref
    mc_api.o(i.MC_Clear_IqdrefMotor1) refers to motorcontrol.o(.data) for pMCI
[...]
    i.TSK_StopPermanencyTimeHasElapsedM1     0x08005d8c   Section        0  mc_tasks.o(i.TSK_StopPermanencyTimeHasElapsedM1)
    i.UART_AdvFeatureConfig                  0x08005da0   Section        0  stm32f3xx_hal_uart.o(i.UART_AdvFeatureConfig)
    i.UART_CheckIdleState                    0x08005e7a   Section        0  stm32f3xx_hal_uart.o(i.UART_CheckIdleState)
    i.UART_SetConfig                         0x08005ed8   Section        0  stm32f3xx_hal_uart.o(i.UART_SetConfig)
    i.UART_WaitOnFlagUntilTimeout            0x08006084   Section        0  stm32f3xx_hal_uart.o(i.UART_WaitOnFlagUntilTimeout)
    i.UFCP_AbortReceive                      0x08006138   Section        0  usart_frame_communication_protocol.o(i.UFCP_AbortReceive)
    i.UFCP_Init                              0x08006140   Section        0  usart_frame_communication_protocol.o(i.UFCP_Init)
    i.UFCP_OVR_IRQ_Handler                   0x08006144   Section        0  usart_frame_communication_protocol.o(i.UFCP_OVR_IRQ_Handler)
    i.UFCP_RX_IRQ_Handler                    0x08006158   Section        0  usart_frame_communication_protocol.o(i.UFCP_RX_IRQ_Handler)
    i.UFCP_Receive                           0x08006218   Section        0  usart_frame_communication_protocol.o(i.UFCP_Receive)
    i.UFCP_Send                              0x08006240   Section        0  usart_frame_communication_protocol.o(i.UFCP_Send)
    i.UFCP_TX_IRQ_Handler                    0x08006296   Section        0  usart_frame_communication_protocol.o(i.UFCP_TX_IRQ_Handler)
    i.UI_DACExec                             0x080062fa   Section        0  user_interface.o(i.UI_DACExec)
    i.UI_DACInit                             0x08006304   Section        0  user_interface.o(i.UI_DACInit)
    i.UI_DACUpdate                           0x08006310   Section        0  ui_task.o(i.UI_DACUpdate)
    i.UI_ExecCmd                             0x08006330   Section        0  user_interface.o(i.UI_ExecCmd)
    i.UI_ExecSpeedRamp                       0x080063a0   Section        0  user_interface.o(i.UI_ExecSpeedRamp)
    i.UI_ExecTorqueRamp                      0x080063d0   Section        0  user_interface.o(i.UI_ExecTorqueRamp)
    i.UI_GetDAC                              0x080063e4   Section        0  user_interface.o(i.UI_GetDAC)
    i.UI_GetMPInfo                           0x080063f4   Section        0  user_interface.o(i.UI_GetMPInfo)
    i.UI_GetReg                              0x080063f8   Section        0  user_interface.o(i.UI_GetReg)
    i.UI_GetRevupData                        0x08006994   Section        0  user_interface.o(i.UI_GetRevupData)
    i.UI_GetSelectedMC                       0x080069de   Section        0  user_interface.o(i.UI_GetSelectedMC)
    i.UI_HandleStartStopButton_cb            0x080069e4   Section        0  ui_task.o(i.UI_HandleStartStopButton_cb)
    i.UI_Init                                0x080069fc   Section        0  user_interface.o(i.UI_Init)
    i.UI_Scheduler                           0x08006a14   Section        0  ui_task.o(i.UI_Scheduler)
    i.UI_SelectMC                            0x08006a40   Section        0  user_interface.o(i.UI_SelectMC)
    i.UI_SerialCommunicationTimeOutStart     0x08006a54   Section        0  ui_task.o(i.UI_SerialCommunicationTimeOutStart)
    i.UI_SerialCommunicationTimeOutStop      0x08006a60   Section        0  ui_task.o(i.UI_SerialCommunicationTimeOutStop)
    i.UI_SetCurrentReferences                0x08006a6c   Section        0  user_interface.o(i.UI_SetCurrentReferences)
    i.UI_SetDAC                              0x08006a86   Section        0  user_interface.o(i.UI_SetDAC)
    i.UI_SetReg                              0x08006a90   Section        0  user_interface.o(i.UI_SetReg)
    i.UI_SetRevupData                        0x08006cd8   Section        0  user_interface.o(i.UI_SetRevupData)
    i.UI_TaskInit                            0x08006d10   Section        0  ui_task.o(i.UI_TaskInit)
    i.USART2_IRQHandler                      0x08006dc0   Section        0  stm32f30x_mc_it.o(i.USART2_IRQHandler)
    i.VBS_GetAvBusVoltage_V                  0x08006e28   Section        0  bus_voltage_sensor.o(i.VBS_GetAvBusVoltage_V)
    i.VBS_GetAvBusVoltage_d                  0x08006e32   Section        0  bus_voltage_sensor.o(i.VBS_GetAvBusVoltage_d)
    i.VSS_CalcAvrgMecSpeedUnit               0x08006e36   Section        0  virtual_speed_sensor.o(i.VSS_CalcAvrgMecSpeedUnit)
    i.VSS_CalcElAngle                        0x08006ed2   Section        0  virtual_speed_sensor.o(i.VSS_CalcElAngle)
    i.VSS_Clear                              0x08006f70   Section        0  virtual_speed_sensor.o(i.VSS_Clear)
    i.VSS_Init                               0x08006f9c   Section        0  virtual_speed_sensor.o(i.VSS_Init)
    i.VSS_SetCopyObserver                    0x08006fa4   Section        0  virtual_speed_sensor.o(i.VSS_SetCopyObserver)
    i.VSS_SetMecAcceleration                 0x08006fac   Section        0  virtual_speed_sensor.o(i.VSS_SetMecAcceleration)
    i.VSS_SetMecAngle                        0x08007028   Section        0  virtual_speed_sensor.o(i.VSS_SetMecAngle)
    i.VSS_SetStartTransition                 0x08007036   Section        0  virtual_speed_sensor.o(i.VSS_SetStartTransition)
    i.VSS_TransitionEnded                    0x08007052   Section        0  virtual_speed_sensor.o(i.VSS_TransitionEnded)
    i.__scatterload_copy                     0x08007058   Section       14  handlers.o(i.__scatterload_copy)
    i.__scatterload_null                     0x08007066   Section        2  handlers.o(i.__scatterload_null)
    i.__scatterload_zeroinit                 0x08007068   Section       14  handlers.o(i.__scatterload_zeroinit)
    i.getScalingFactor                       0x08007078   Section        0  ramp_ext_mngr.o(i.getScalingFactor)
    i.main                                   0x080070a0   Section        0  main.o(i.main)
    i.mc_lock_pins                           0x08007448   Section        0  mc_tasks.o(i.mc_lock_pins)
    i.startTimers                            0x08007520   Section        0  pwm_common.o(i.startTimers)
    i.waitForPolarizationEnd                 0x08007580   Section        0  pwm_common.o(i.waitForPolarizationEnd)
    .constdata                               0x080075e6   Section       32  motorcontrol.o(.constdata)
    .constdata                               0x08007608   Section        2  mc_tasks.o(.constdata)
    .constdata                               0x0800760a   Section      512  mc_math.o(.constdata)
    .constdata                               0x0800780c   Section      132  mc_parameters.o(.constdata)
    .constdata                               0x08007890   Section       32  stm32f3xx_hal_rcc.o(.constdata)
    .constdata                               0x080078b0   Section       16  system_stm32f3xx.o(.constdata)
    .constdata                               0x080078c0   Section        8  system_stm32f3xx.o(.constdata)
    .constdata                               0x080078c8   Section       18  r3_1_f30x_pwm_curr_fdbk.o(.constdata)
    OFFSET_TAB_CCMRx                         0x080078c8   Data           9  r3_1_f30x_pwm_curr_fdbk.o(.constdata)
    SHIFT_TAB_OCxx                           0x080078d1   Data           9  r3_1_f30x_pwm_curr_fdbk.o(.constdata)
    .constdata                               0x080078da   Section        6  usart_frame_communication_protocol.o(.constdata)
    UFCP_Usart_Timeout_none                  0x080078da   Data           2  usart_frame_communication_protocol.o(.constdata)
    UFCP_Usart_Timeout_start                 0x080078dc   Data           2  usart_frame_communication_protocol.o(.constdata)
    UFCP_Usart_Timeout_stop                  0x080078de   Data           2  usart_frame_communication_protocol.o(.constdata)
    .data                                    0x20000000   Section       12  motorcontrol.o(.data)
    .data                                    0x2000000c   Section        8  motor_control_protocol.o(.data)
    .data                                    0x20000014   Section      276  mc_config.o(.data)
    .data                                    0x20000128   Section       44  mc_config.o(.data)
    .data                                    0x20000154   Section       44  mc_config.o(.data)
    .data                                    0x20000180   Section       44  mc_config.o(.data)
    .data                                    0x200001ac   Section       52  mc_config.o(.data)
    .data                                    0x200001e0   Section      120  mc_config.o(.data)
    .data                                    0x20000258   Section      120  mc_config.o(.data)
    .data                                    0x200002d0   Section       56  mc_config.o(.data)
    .data                                    0x20000308   Section      296  mc_config.o(.data)
    .data                                    0x20000430   Section       20  mc_config.o(.data)
    .data                                    0x20000444   Section       40  mc_config.o(.data)
    .data                                    0x2000046c   Section       40  mc_config.o(.data)
    .data                                    0x20000494   Section       48  mc_config.o(.data)
    .data                                    0x200004c4   Section       60  mc_config.o(.data)
    .data                                    0x20000500   Section       24  mc_config.o(.data)
    .data                                    0x20000518   Section      180  mc_config.o(.data)
    .data                                    0x200005cc   Section      316  mc_config.o(.data)
    .data                                    0x20000708   Section       58  mc_tasks.o(.data)
    hMFTaskCounterM1                         0x2000070a   Data           2  mc_tasks.o(.data)
    hBootCapDelayCounterM1                   0x2000070c   Data           2  mc_tasks.o(.data)
    hStopPermanencyCounterM1                 0x2000070e   Data           2  mc_tasks.o(.data)
    .data                                    0x20000742   Section        4  regular_conversion_manager.o(.data)
    .data                                    0x20000746   Section        1  stm32f30x_mc_it.o(.data)
    SystickDividerCounter                    0x20000746   Data           1  stm32f30x_mc_it.o(.data)
    .data                                    0x20000748   Section       16  ui_task.o(.data)
    bCOMATRTimeCounter                       0x20000748   Data           2  ui_task.o(.data)
    bUITaskCounter                           0x2000074a   Data           2  ui_task.o(.data)
    bCOMTimeoutCounter                       0x2000074c   Data           2  ui_task.o(.data)
    .data                                    0x20000758   Section       12  stm32f3xx_hal.o(.data)
    .data                                    0x20000764   Section        4  system_stm32f3xx.o(.data)
    .bss                                     0x20000768   Section      292  main.o(.bss)
    .bss                                     0x2000088c   Section       12  mc_config.o(.bss)
    .bss                                     0x20000898   Section      152  mc_tasks.o(.bss)
    .bss                                     0x20000930   Section       48  regular_conversion_manager.o(.bss)
    .bss                                     0x20000960   Section      204  ui_task.o(.bss)
    STACK                                    0x20000a30   Section     1024  startup_stm32f302x8.o(STACK)

    Global Symbols

    Symbol Name                              Value     Ov Type        Size  Object(Section)

    BuildAttributes$$THM_ISAv4$E$P$D$K$B$S$7EM$VFPi3$EXTD16$VFPS$VFMA$PE$A:L22UL41UL21$X:L11$S22US41US21$IEEE1$IW$USESV6$~STKCKD$USESV7$~SHL$OTIME$EBA8$MICROLIB$REQ8$PRES8$EABIv2 0x00000000   Number         0  anon$$obj.o ABSOLUTE
    __ARM_use_no_argv                        0x00000000   Number         0  main.o ABSOLUTE
    __cpp_initialize__aeabi_                  - Undefined Weak Reference
    __cxa_finalize                            - Undefined Weak Reference
    _clock_init                               - Undefined Weak Reference
    _microlib_exit                            - Undefined Weak Reference
    __Vectors_Size                           0x00000188   Number         0  startup_stm32f302x8.o ABSOLUTE
    __Vectors                                0x08000000   Data           4  startup_stm32f302x8.o(RESET)
    __Vectors_End                            0x08000188   Data           0  startup_stm32f302x8.o(RESET)
    __main                                   0x08000189   Thumb Code     0  entry.o(.ARM.Collect$$$$00000000)
    _main_stk                                0x08000189   Thumb Code     0  entry2.o(.ARM.Collect$$$$00000001)
    _main_scatterload                        0x0800018d   Thumb Code     0  entry5.o(.ARM.Collect$$$$00000004)
    __main_after_scatterload                 0x08000191   Thumb Code     0  entry5.o(.ARM.Collect$$$$00000004)
    _main_clock                              0x08000191   Thumb Code     0  entry7b.o(.ARM.Collect$$$$00000008)
    _main_cpp_init                           0x08000191   Thumb Code     0  entry8b.o(.ARM.Collect$$$$0000000A)
    _main_init                               0x08000191   Thumb Code     0  entry9a.o(.ARM.Collect$$$$0000000B)
    __rt_final_cpp                           0x08000199   Thumb Code     0  entry10a.o(.ARM.Collect$$$$0000000D)
    __rt_final_exit                          0x08000199   Thumb Code     0  entry11a.o(.ARM.Collect$$$$0000000F)
    RUC_FirstAccelerationStageReached        0x0800019d   Thumb Code    20  revup_ctrl.o(.ccmram)
    STO_PLL_CalcElAngle                      0x080001b1   Thumb Code   466  sto_pll_speed_pos_fdbk.o(.ccmram)
    STO_PLL_CalcAvrgElSpeedDpp               0x08000383   Thumb Code    78  sto_pll_speed_pos_fdbk.o(.ccmram)
    STO_ResetPLL                             0x080003d1   Thumb Code     8  sto_pll_speed_pos_fdbk.o(.ccmram)
    Reset_Handler                            0x080003d9   Thumb Code     8  startup_stm32f302x8.o(.text)
    NMI_Handler                              0x080003e1   Thumb Code     2  startup_stm32f302x8.o(.text)
    MemManage_Handler                        0x080003e5   Thumb Code     2  startup_stm32f302x8.o(.text)
    BusFault_Handler                         0x080003e7   Thumb Code     2  startup_stm32f302x8.o(.text)
    UsageFault_Handler                       0x080003e9   Thumb Code     2  startup_stm32f302x8.o(.text)
    SVC_Handler                              0x080003eb   Thumb Code     2  startup_stm32f302x8.o(.text)
    DebugMon_Handler                         0x080003ed   Thumb Code     2  startup_stm32f302x8.o(.text)
    PendSV_Handler                           0x080003ef   Thumb Code     2  startup_stm32f302x8.o(.text)
    CAN_RX1_IRQHandler                       0x080003f3   Thumb Code     0  startup_stm32f302x8.o(.text)
    CAN_SCE_IRQHandler                       0x080003f3   Thumb Code     0  startup_stm32f302x8.o(.text)
    COMP2_IRQHandler                         0x080003f3   Thumb Code     0  startup_stm32f302x8.o(.text)
    COMP4_6_IRQHandler                       0x080003f3   Thumb Code     0  startup_stm32f302x8.o(.text)
    DMA1_Channel1_IRQHandler                 0x080003f3   Thumb Code     0  startup_stm32f302x8.o(.text)
    DMA1_Channel2_IRQHandler                 0x080003f3   Thumb Code     0  startup_stm32f302x8.o(.text)
    DMA1_Channel3_IRQHandler                 0x080003f3   Thumb Code     0  startup_stm32f302x8.o(.text)
    DMA1_Channel4_IRQHandler                 0x080003f3   Thumb Code     0  startup_stm32f302x8.o(.text)
    DMA1_Channel5_IRQHandler                 0x080003f3   Thumb Code     0  startup_stm32f302x8.o(.text)
    DMA1_Channel6_IRQHandler                 0x080003f3   Thumb Code     0  startup_stm32f302x8.o(.text)
    DMA1_Channel7_IRQHandler                 0x080003f3   Thumb Code     0  startup_stm32f302x8.o(.text)
    EXTI0_IRQHandler                         0x080003f3   Thumb Code     0  startup_stm32f302x8.o(.text)
    EXTI1_IRQHandler                         0x080003f3   Thumb Code     0  startup_stm32f302x8.o(.text)
    EXTI2_TSC_IRQHandler                     0x080003f3   Thumb Code     0  startup_stm32f302x8.o(.text)
    EXTI3_IRQHandler                         0x080003f3   Thumb Code     0  startup_stm32f302x8.o(.text)
    EXTI4_IRQHandler                         0x080003f3   Thumb Code     0  startup_stm32f302x8.o(.text)
    EXTI9_5_IRQHandler                       0x080003f3   Thumb Code     0  startup_stm32f302x8.o(.text)
    FLASH_IRQHandler                         0x080003f3   Thumb Code     0  startup_stm32f302x8.o(.text)
    FPU_IRQHandler                           0x080003f3   Thumb Code     0  startup_stm32f302x8.o(.text)
    I2C1_ER_IRQHandler                       0x080003f3   Thumb Code     0  startup_stm32f302x8.o(.text)
    I2C1_EV_IRQHandler                       0x080003f3   Thumb Code     0  startup_stm32f302x8.o(.text)
    I2C2_ER_IRQHandler                       0x080003f3   Thumb Code     0  startup_stm32f302x8.o(.text)
    I2C2_EV_IRQHandler                       0x080003f3   Thumb Code     0  startup_stm32f302x8.o(.text)
    I2C3_ER_IRQHandler                       0x080003f3   Thumb Code     0  startup_stm32f302x8.o(.text)
    I2C3_EV_IRQHandler                       0x080003f3   Thumb Code     0  startup_stm32f302x8.o(.text)
    PVD_IRQHandler                           0x080003f3   Thumb Code     0  startup_stm32f302x8.o(.text)
    RCC_IRQHandler                           0x080003f3   Thumb Code     0  startup_stm32f302x8.o(.text)
    RTC_Alarm_IRQHandler                     0x080003f3   Thumb Code     0  startup_stm32f302x8.o(.text)
    RTC_WKUP_IRQHandler                      0x080003f3   Thumb Code     0  startup_stm32f302x8.o(.text)
    SPI2_IRQHandler                          0x080003f3   Thumb Code     0  startup_stm32f302x8.o(.text)
    SPI3_IRQHandler                          0x080003f3   Thumb Code     0  startup_stm32f302x8.o(.text)
    TAMP_STAMP_IRQHandler                    0x080003f3   Thumb Code     0  startup_stm32f302x8.o(.text)
    TIM1_CC_IRQHandler                       0x080003f3   Thumb Code     0  startup_stm32f302x8.o(.text)
    TIM1_TRG_COM_TIM17_IRQHandler            0x080003f3   Thumb Code     0  startup_stm32f302x8.o(.text)
    TIM2_IRQHandler                          0x080003f3   Thumb Code     0  startup_stm32f302x8.o(.text)
    TIM6_DAC_IRQHandler                      0x080003f3   Thumb Code     0  startup_stm32f302x8.o(.text)
    USART1_IRQHandler                        0x080003f3   Thumb Code     0  startup_stm32f302x8.o(.text)
    USART3_IRQHandler                        0x080003f3   Thumb Code     0  startup_stm32f302x8.o(.text)
    USBWakeUp_IRQHandler                     0x080003f3   Thumb Code     0  startup_stm32f302x8.o(.text)
    USBWakeUp_RMP_IRQHandler                 0x080003f3   Thumb Code     0  startup_stm32f302x8.o(.text)
    USB_HP_CAN_TX_IRQHandler                 0x080003f3   Thumb Code     0  startup_stm32f302x8.o(.text)
    USB_HP_IRQHandler                        0x080003f3   Thumb Code     0  startup_stm32f302x8.o(.text)
    USB_LP_CAN_RX0_IRQHandler                0x080003f3   Thumb Code     0  startup_stm32f302x8.o(.text)
    USB_LP_IRQHandler                        0x080003f3   Thumb Code     0  startup_stm32f302x8.o(.text)
    WWDG_IRQHandler                          0x080003f3   Thumb Code     0  startup_stm32f302x8.o(.text)
    RUC_Init                                 0x080003fd   Thumb Code    86  revup_ctrl.o(.text)
    RUC_Clear                                0x08000453   Thumb Code   136  revup_ctrl.o(.text)
    RUC_OTF_Exec                             0x080004db   Thumb Code   508  revup_ctrl.o(.text)
    RUC_Exec                                 0x080006d7   Thumb Code   106  revup_ctrl.o(.text)
    RUC_Completed                            0x08000741   Thumb Code    14  revup_ctrl.o(.text)
    RUC_Stop                                 0x0800074f   Thumb Code    30  revup_ctrl.o(.text)
    RUC_SetPhaseDurationms                   0x0800076d   Thumb Code    12  revup_ctrl.o(.text)
    RUC_SetPhaseFinalMecSpeedUnit            0x08000779   Thumb Code    12  revup_ctrl.o(.text)
    RUC_SetPhaseFinalTorque                  0x08000785   Thumb Code    12  revup_ctrl.o(.text)
    RUC_GetPhaseDurationms                   0x08000791   Thumb Code    12  revup_ctrl.o(.text)
    RUC_GetPhaseFinalMecSpeedUnit            0x0800079d   Thumb Code    14  revup_ctrl.o(.text)
    RUC_GetPhaseFinalTorque                  0x080007ab   Thumb Code    14  revup_ctrl.o(.text)
    RUC_GetNumberOfPhases                    0x080007b9   Thumb Code     6  revup_ctrl.o(.text)
    RUC_Get_SCLowsideOTF_Status              0x080007bf   Thumb Code     6  revup_ctrl.o(.text)
    STO_PLL_Clear                            0x080007c5   Thumb Code   124  sto_pll_speed_pos_fdbk.o(.text)
    STO_PLL_Init                             0x08000841   Thumb Code    90  sto_pll_speed_pos_fdbk.o(.text)
    STO_PLL_Return                           0x0800089b   Thumb Code     2  sto_pll_speed_pos_fdbk.o(.text)
    STO_PLL_CalcAvrgMecSpeedUnit             0x0800089d   Thumb Code   318  sto_pll_speed_pos_fdbk.o(.text)
    STO_PLL_IsObserverConverged              0x080009db   Thumb Code   166  sto_pll_speed_pos_fdbk.o(.text)
    STO_PLL_GetEstimatedBemf                 0x08000a81   Thumb Code    20  sto_pll_speed_pos_fdbk.o(.text)
    STO_PLL_GetEstimatedCurrent              0x08000a95   Thumb Code    24  sto_pll_speed_pos_fdbk.o(.text)
    STO_PLL_GetObserverGains                 0x08000aad   Thumb Code    10  sto_pll_speed_pos_fdbk.o(.text)
    STO_PLL_SetObserverGains                 0x08000ab7   Thumb Code     6  sto_pll_speed_pos_fdbk.o(.text)
    STO_GetPLLGains                          0x08000abd   Thumb Code    28  sto_pll_speed_pos_fdbk.o(.text)
    STO_SetPLLGains                          0x08000ad9   Thumb Code    26  sto_pll_speed_pos_fdbk.o(.text)
    STO_PLL_SetMecAngle                      0x08000af3   Thumb Code     2  sto_pll_speed_pos_fdbk.o(.text)
    STO_OTF_ResetPLL                         0x08000af5   Thumb Code    10  sto_pll_speed_pos_fdbk.o(.text)
    STO_SetPLL                               0x08000aff   Thumb Code    30  sto_pll_speed_pos_fdbk.o(.text)
    STO_PLL_GetEstimatedBemfLevel            0x08000b1d   Thumb Code     6  sto_pll_speed_pos_fdbk.o(.text)
    STO_PLL_GetObservedBemfLevel             0x08000b23   Thumb Code     6  sto_pll_speed_pos_fdbk.o(.text)
    STO_PLL_BemfConsistencyCheckSwitch       0x08000b29   Thumb Code     6  sto_pll_speed_pos_fdbk.o(.text)
    STO_PLL_IsBemfConsistent                 0x08000b2f   Thumb Code     6  sto_pll_speed_pos_fdbk.o(.text)
    STO_PLL_IsVarianceTight                  0x08000b35   Thumb Code     8  sto_pll_speed_pos_fdbk.o(.text)
    STO_PLL_ForceConvergency1                0x08000b3d   Thumb Code    10  sto_pll_speed_pos_fdbk.o(.text)
    STO_PLL_ForceConvergency2                0x08000b47   Thumb Code    10  sto_pll_speed_pos_fdbk.o(.text)
    STO_SetMinStartUpValidSpeedUnit          0x08000b51   Thumb Code     6  sto_pll_speed_pos_fdbk.o(.text)
    __aeabi_uldivmod                         0x08000b5d   Thumb Code    98  uldiv.o(.text)
    __aeabi_llsr                             0x08000bbf   Thumb Code    32  llushr.o(.text)
    _ll_ushift_r                             0x08000bbf   Thumb Code     0  llushr.o(.text)
    __aeabi_llsl                             0x08000bdf   Thumb Code    30  llshl.o(.text)
    _ll_shift_l                              0x08000bdf   Thumb Code     0  llshl.o(.text)
    __scatterload                            0x08000bfd   Thumb Code    28  init.o(.text)
    __scatterload_rt2                        0x08000bfd   Thumb Code     0  init.o(.text)
    __decompress                             0x08000c21   Thumb Code     0  __dczerorl2.o(.text)
    __decompress1                            0x08000c21   Thumb Code    86  __dczerorl2.o(.text)
    ADC1_IRQHandler                          0x08000c77   Thumb Code    22  stm32f30x_mc_it.o(i.ADC1_IRQHandler)
    Circle_Limitation                        0x08000cf9   Thumb Code    86  circle_limitation.o(i.Circle_Limitation)
    DAC_Exec                                 0x08000d51   Thumb Code    62  dac_ui.o(i.DAC_Exec)
    DAC_GetChannelConfig                     0x08000d95   Thumb Code     8  dac_common_ui.o(i.DAC_GetChannelConfig)
    DAC_GetUserChannelValue                  0x08000d9d   Thumb Code    10  dac_common_ui.o(i.DAC_GetUserChannelValue)
    DAC_Init                                 0x08000da9   Thumb Code    12  dac_ui.o(i.DAC_Init)
    DAC_SetChannelConfig                     0x08000db9   Thumb Code     8  dac_common_ui.o(i.DAC_SetChannelConfig)
    DAC_SetUserChannelValue                  0x08000dc1   Thumb Code     8  dac_common_ui.o(i.DAC_SetUserChannelValue)
    EXTI15_10_IRQHandler                     0x08000dc9   Thumb Code    22  stm32f30x_mc_it.o(i.EXTI15_10_IRQHandler)
    FCP_CalcCRC                              0x08000de5   Thumb Code    46  frame_communication_protocol.o(i.FCP_CalcCRC)
    FCP_Init                                 0x08000e13   Thumb Code    42  frame_communication_protocol.o(i.FCP_Init)
    FCP_SetClient                            0x08000e3d   Thumb Code    14  frame_communication_protocol.o(i.FCP_SetClient)
    FOC_CalcCurrRef                          0x08000e4d   Thumb Code    42  mc_tasks.o(i.FOC_CalcCurrRef)
    FOC_Clear                                0x08000e81   Thumb Code    86  mc_tasks.o(i.FOC_Clear)
    FOC_InitAdditionalMethods                0x08000eed   Thumb Code     2  mc_tasks.o(i.FOC_InitAdditionalMethods)
    HAL_ADCEx_InjectedConfigChannel          0x08000ef1   Thumb Code  1110  stm32f3xx_hal_adc_ex.o(i.HAL_ADCEx_InjectedConfigChannel)
    HAL_ADC_ConfigChannel                    0x0800135d   Thumb Code   840  stm32f3xx_hal_adc_ex.o(i.HAL_ADC_ConfigChannel)
    HAL_ADC_Init                             0x080016b5   Thumb Code   512  stm32f3xx_hal_adc_ex.o(i.HAL_ADC_Init)
    HAL_ADC_MspInit                          0x080018c9   Thumb Code   114  stm32f3xx_hal_msp.o(i.HAL_ADC_MspInit)
    HAL_DAC_ConfigChannel                    0x08001945   Thumb Code    78  stm32f3xx_hal_dac_ex.o(i.HAL_DAC_ConfigChannel)
    HAL_DAC_Init                             0x08001993   Thumb Code    40  stm32f3xx_hal_dac.o(i.HAL_DAC_Init)
    HAL_DAC_MspInit                          0x080019bd   Thumb Code    88  stm32f3xx_hal_msp.o(i.HAL_DAC_MspInit)
    HAL_GPIO_Init                            0x08001a19   Thumb Code   496  stm32f3xx_hal_gpio.o(i.HAL_GPIO_Init)
    HAL_GPIO_WritePin                        0x08001c1d   Thumb Code    10  stm32f3xx_hal_gpio.o(i.HAL_GPIO_WritePin)
    HAL_GetTick                              0x08001c29   Thumb Code     6  stm32f3xx_hal.o(i.HAL_GetTick)
    HAL_IncTick                              0x08001c35   Thumb Code    12  stm32f3xx_hal.o(i.HAL_IncTick)
    HAL_Init                                 0x08001c45   Thumb Code    32  stm32f3xx_hal.o(i.HAL_Init)
    HAL_InitTick                             0x08001c69   Thumb Code    54  stm32f3xx_hal.o(i.HAL_InitTick)
    HAL_MspInit                              0x08001ca9   Thumb Code    44  stm32f3xx_hal_msp.o(i.HAL_MspInit)
    HAL_NVIC_EnableIRQ                       0x08001cd9   Thumb Code    30  stm32f3xx_hal_cortex.o(i.HAL_NVIC_EnableIRQ)
    HAL_NVIC_SetPriority                     0x08001cf9   Thumb Code    96  stm32f3xx_hal_cortex.o(i.HAL_NVIC_SetPriority)
    HAL_NVIC_SetPriorityGrouping             0x08001d5d   Thumb Code    30  stm32f3xx_hal_cortex.o(i.HAL_NVIC_SetPriorityGrouping)
    HAL_RCCEx_PeriphCLKConfig                0x08001d81   Thumb Code   530  stm32f3xx_hal_rcc_ex.o(i.HAL_RCCEx_PeriphCLKConfig)
    HAL_RCC_ClockConfig                      0x08001f9d   Thumb Code   518  stm32f3xx_hal_rcc.o(i.HAL_RCC_ClockConfig)
    HAL_RCC_GetHCLKFreq                      0x080021c9   Thumb Code     6  stm32f3xx_hal_rcc.o(i.HAL_RCC_GetHCLKFreq)
    HAL_RCC_GetPCLK1Freq                     0x080021d5   Thumb Code    34  stm32f3xx_hal_rcc.o(i.HAL_RCC_GetPCLK1Freq)
    HAL_RCC_GetPCLK2Freq                     0x08002205   Thumb Code    34  stm32f3xx_hal_rcc.o(i.HAL_RCC_GetPCLK2Freq)
    HAL_RCC_GetSysClockFreq                  0x08002235   Thumb Code   104  stm32f3xx_hal_rcc.o(i.HAL_RCC_GetSysClockFreq)
    HAL_RCC_OscConfig                        0x080022ad   Thumb Code  1488  stm32f3xx_hal_rcc.o(i.HAL_RCC_OscConfig)
    HAL_SYSTICK_Callback                     0x0800287d   Thumb Code     2  stm32f3xx_hal_cortex.o(i.HAL_SYSTICK_Callback)
    HAL_SYSTICK_Config                       0x08002881   Thumb Code    38  stm32f3xx_hal_cortex.o(i.HAL_SYSTICK_Config)
    HAL_SYSTICK_IRQHandler                   0x080028ad   Thumb Code     8  stm32f3xx_hal_cortex.o(i.HAL_SYSTICK_IRQHandler)
    HAL_TIMEx_ConfigBreakDeadTime            0x080028b5   Thumb Code   134  stm32f3xx_hal_tim_ex.o(i.HAL_TIMEx_ConfigBreakDeadTime)
    HAL_TIMEx_MasterConfigSynchronization    0x0800293d   Thumb Code   104  stm32f3xx_hal_tim_ex.o(i.HAL_TIMEx_MasterConfigSynchronization)
    HAL_TIM_Base_Init                        0x080029a9   Thumb Code    54  stm32f3xx_hal_tim.o(i.HAL_TIM_Base_Init)
    HAL_TIM_Base_MspInit                     0x080029e1   Thumb Code    98  stm32f3xx_hal_msp.o(i.HAL_TIM_Base_MspInit)
    HAL_TIM_MspPostInit                      0x08002a49   Thumb Code    84  stm32f3xx_hal_msp.o(i.HAL_TIM_MspPostInit)
    HAL_TIM_PWM_ConfigChannel                0x08002aa1   Thumb Code   804  stm32f3xx_hal_tim.o(i.HAL_TIM_PWM_ConfigChannel)
    HAL_TIM_PWM_Init                         0x08002dd5   Thumb Code    54  stm32f3xx_hal_tim.o(i.HAL_TIM_PWM_Init)
    HAL_TIM_PWM_MspInit                      0x08002e0b   Thumb Code     2  stm32f3xx_hal_tim.o(i.HAL_TIM_PWM_MspInit)
    HAL_TIM_SlaveConfigSynchro               0x08002e0d   Thumb Code    86  stm32f3xx_hal_tim.o(i.HAL_TIM_SlaveConfigSynchro)
    HAL_UART_Init                            0x08002e63   Thumb Code   106  stm32f3xx_hal_uart.o(i.HAL_UART_Init)
    HAL_UART_MspInit                         0x08002ecd   Thumb Code    92  stm32f3xx_hal_msp.o(i.HAL_UART_MspInit)
    HardFault_Handler                        0x08002f2d   Thumb Code    98  stm32f30x_mc_it.o(i.HardFault_Handler)
    MCI_Clear_Iqdref                         0x08003079   Thumb Code    16  mc_interface.o(i.MCI_Clear_Iqdref)
    MCI_EncoderAlign                         0x08003089   Thumb Code     8  mc_interface.o(i.MCI_EncoderAlign)
    MCI_ExecBufferedCommands                 0x08003091   Thumb Code   120  mc_interface.o(i.MCI_ExecBufferedCommands)
    MCI_ExecSpeedRamp                        0x08003109   Thumb Code    14  mc_interface.o(i.MCI_ExecSpeedRamp)
    MCI_ExecTorqueRamp                       0x08003117   Thumb Code    18  mc_interface.o(i.MCI_ExecTorqueRamp)
    MCI_FaultAcknowledged                    0x08003129   Thumb Code     6  mc_interface.o(i.MCI_FaultAcknowledged)
    MCI_GetAvrgMecSpeedUnit                  0x0800312f   Thumb Code    16  mc_interface.o(i.MCI_GetAvrgMecSpeedUnit)
    MCI_GetControlMode                       0x0800313f   Thumb Code     4  mc_interface.o(i.MCI_GetControlMode)
    MCI_GetIab                               0x08003143   Thumb Code     6  mc_interface.o(i.MCI_GetIab)
    MCI_GetIalphabeta                        0x08003149   Thumb Code     6  mc_interface.o(i.MCI_GetIalphabeta)
    MCI_GetImposedMotorDirection             0x0800314f   Thumb Code    54  mc_interface.o(i.MCI_GetImposedMotorDirection)
    MCI_GetIqd                               0x08003185   Thumb Code     6  mc_interface.o(i.MCI_GetIqd)
    MCI_GetIqdref                            0x0800318b   Thumb Code     6  mc_interface.o(i.MCI_GetIqdref)
    MCI_GetLastRampFinalSpeed                0x08003191   Thumb Code    16  mc_interface.o(i.MCI_GetLastRampFinalSpeed)
    MCI_GetMecSpeedRefUnit                   0x080031a1   Thumb Code     6  mc_interface.o(i.MCI_GetMecSpeedRefUnit)
    MCI_GetSTMState                          0x080031a7   Thumb Code     6  mc_interface.o(i.MCI_GetSTMState)
    MCI_GetTeref                             0x080031ad   Thumb Code     8  mc_interface.o(i.MCI_GetTeref)
    MCI_GetValphabeta                        0x080031b5   Thumb Code     8  mc_interface.o(i.MCI_GetValphabeta)
    MCI_GetVqd                               0x080031bd   Thumb Code     8  mc_interface.o(i.MCI_GetVqd)
    MCI_Init                                 0x080031c5   Thumb Code    20  mc_interface.o(i.MCI_Init)
    MCI_SetCurrentReferences                 0x080031d9   Thumb Code    20  mc_interface.o(i.MCI_SetCurrentReferences)
    MCI_SetIdref                             0x080031ed   Thumb Code    10  mc_interface.o(i.MCI_SetIdref)
    MCI_StartMotor                           0x080031f7   Thumb Code    22  mc_interface.o(i.MCI_StartMotor)
    MCI_StopMotor                            0x0800320d   Thumb Code     8  mc_interface.o(i.MCI_StopMotor)
    MCI_StopRamp                             0x08003215   Thumb Code     6  mc_interface.o(i.MCI_StopRamp)
    MCM_Clarke                               0x0800321d   Thumb Code    72  mc_math.o(i.MCM_Clarke)
    MCM_Park                                 0x08003269   Thumb Code   122  mc_math.o(i.MCM_Park)
    MCM_Rev_Park                             0x080032ed   Thumb Code    54  mc_math.o(i.MCM_Rev_Park)
    MCM_Trig_Functions                       0x08003325   Thumb Code   112  mc_math.o(i.MCM_Trig_Functions)
    MCP_Init                                 0x08003399   Thumb Code    54  motor_control_protocol.o(i.MCP_Init)
    MCP_OnTimeOut                            0x080033dd   Thumb Code     8  motor_control_protocol.o(i.MCP_OnTimeOut)
    MCP_ReceivedFrame                        0x080033e5   Thumb Code  1790  motor_control_protocol.o(i.MCP_ReceivedFrame)
    MCP_SentFrame                            0x08003af1   Thumb Code     8  motor_control_protocol.o(i.MCP_SentFrame)
    MCP_WaitNextFrame                        0x08003af9   Thumb Code    26  motor_control_protocol.o(i.MCP_WaitNextFrame)
    MC_GetSTMStateMotor1                     0x08003b15   Thumb Code     8  mc_api.o(i.MC_GetSTMStateMotor1)
    MC_RunMotorControlTasks                  0x08003b21   Thumb Code    28  mc_tasks.o(i.MC_RunMotorControlTasks)
    MC_Scheduler                             0x08003b41   Thumb Code    58  mc_tasks.o(i.MC_Scheduler)
    MC_StartMotor1                           0x08003b81   Thumb Code     8  mc_api.o(i.MC_StartMotor1)
    MC_StopMotor1                            0x08003b8d   Thumb Code     8  mc_api.o(i.MC_StopMotor1)
    MCboot                                   0x08003b99   Thumb Code   366  mc_tasks.o(i.MCboot)
    MPM_CalcElMotorPower                     0x08003d51   Thumb Code    70  motor_power_measurement.o(i.MPM_CalcElMotorPower)
    MPM_Clear                                0x08003d97   Thumb Code    26  motor_power_measurement.o(i.MPM_Clear)
    MPM_GetAvrgElMotorPowerW                 0x08003db1   Thumb Code     6  motor_power_measurement.o(i.MPM_GetAvrgElMotorPowerW)
    MX_MotorControl_Init                     0x08003db9   Thumb Code    48  motorcontrol.o(i.MX_MotorControl_Init)
    NTC_CalcAvTemp                           0x08003df1   Thumb Code    58  ntc_temperature_sensor.o(i.NTC_CalcAvTemp)
    NTC_Clear                                0x08003e2b   Thumb Code     6  ntc_temperature_sensor.o(i.NTC_Clear)
    NTC_GetAvTemp_C                          0x08003e31   Thumb Code    40  ntc_temperature_sensor.o(i.NTC_GetAvTemp_C)
    NTC_Init                                 0x08003e59   Thumb Code    36  ntc_temperature_sensor.o(i.NTC_Init)
    NTC_SetFaultState                        0x08003e7d   Thumb Code    24  ntc_temperature_sensor.o(i.NTC_SetFaultState)
    PID_GetKD                                0x08003e95   Thumb Code     6  pid_regulator.o(i.PID_GetKD)
    PID_GetKI                                0x08003e9b   Thumb Code     6  pid_regulator.o(i.PID_GetKI)
    PID_GetKIDivisor                         0x08003ea1   Thumb Code     4  pid_regulator.o(i.PID_GetKIDivisor)
    PID_GetKP                                0x08003ea5   Thumb Code     6  pid_regulator.o(i.PID_GetKP)
    PID_GetKPDivisor                         0x08003eab   Thumb Code     4  pid_regulator.o(i.PID_GetKPDivisor)
    PID_HandleInit                           0x08003eaf   Thumb Code    20  pid_regulator.o(i.PID_HandleInit)
    PID_SetIntegralTerm                      0x08003ec3   Thumb Code     4  pid_regulator.o(i.PID_SetIntegralTerm)
    PID_SetKD                                0x08003ec7   Thumb Code     4  pid_regulator.o(i.PID_SetKD)
    PID_SetKI                                0x08003ecb   Thumb Code     4  pid_regulator.o(i.PID_SetKI)
    PID_SetKP                                0x08003ecf   Thumb Code     4  pid_regulator.o(i.PID_SetKP)
    PI_Controller                            0x08003ed5   Thumb Code   122  pid_regulator.o(i.PI_Controller)
    PQD_CalcElMotorPower                     0x08003f55   Thumb Code    90  pqd_motor_power_measurement.o(i.PQD_CalcElMotorPower)
    PWMC_CheckOverCurrent                    0x08003fb5   Thumb Code     4  pwm_curr_fdbk.o(i.PWMC_CheckOverCurrent)
    PWMC_CurrentReadingCalibr                0x08003fb9   Thumb Code    66  pwm_curr_fdbk.o(i.PWMC_CurrentReadingCalibr)
    PWMC_GetPhaseCurrents                    0x08003ffb   Thumb Code     4  pwm_curr_fdbk.o(i.PWMC_GetPhaseCurrents)
    PWMC_SetPhaseVoltage                     0x08003fff   Thumb Code   474  pwm_curr_fdbk.o(i.PWMC_SetPhaseVoltage)
    PWMC_SwitchOffPWM                        0x080041d9   Thumb Code     4  pwm_curr_fdbk.o(i.PWMC_SwitchOffPWM)
    PWMC_SwitchOnPWM                         0x080041dd   Thumb Code     4  pwm_curr_fdbk.o(i.PWMC_SwitchOnPWM)
    PWMC_TurnOnLowSides                      0x080041e1   Thumb Code     4  pwm_curr_fdbk.o(i.PWMC_TurnOnLowSides)
    R3_1_BRK2_IRQHandler                     0x080041e5   Thumb Code    54  r3_1_f30x_pwm_curr_fdbk.o(i.R3_1_BRK2_IRQHandler)
    R3_1_BRK_IRQHandler                      0x0800421b   Thumb Code    26  r3_1_f30x_pwm_curr_fdbk.o(i.R3_1_BRK_IRQHandler)
    R3_1_CurrentReadingPolarization          0x08004235   Thumb Code   344  r3_1_f30x_pwm_curr_fdbk.o(i.R3_1_CurrentReadingPolarization)
    R3_1_GetPhaseCurrents                    0x080043a5   Thumb Code   278  r3_1_f30x_pwm_curr_fdbk.o(i.R3_1_GetPhaseCurrents)
    R3_1_Init                                0x08004559   Thumb Code   936  r3_1_f30x_pwm_curr_fdbk.o(i.R3_1_Init)
    R3_1_IsOverCurrentOccurred               0x08004915   Thumb Code    38  r3_1_f30x_pwm_curr_fdbk.o(i.R3_1_IsOverCurrentOccurred)
    R3_1_RLDetectionModeDisable              0x0800493d   Thumb Code   246  r3_1_f30x_pwm_curr_fdbk.o(i.R3_1_RLDetectionModeDisable)
    R3_1_RLDetectionModeEnable               0x08004a45   Thumb Code   166  r3_1_f30x_pwm_curr_fdbk.o(i.R3_1_RLDetectionModeEnable)
    R3_1_RLDetectionModeSetDuty              0x08004afd   Thumb Code    52  r3_1_f30x_pwm_curr_fdbk.o(i.R3_1_RLDetectionModeSetDuty)
    R3_1_SetADCSampPointPolarization         0x08004c99   Thumb Code    46  r3_1_f30x_pwm_curr_fdbk.o(i.R3_1_SetADCSampPointPolarization)
    R3_1_SetADCSampPointSectX                0x08004cc7   Thumb Code   112  r3_1_f30x_pwm_curr_fdbk.o(i.R3_1_SetADCSampPointSectX)
    R3_1_SwitchOffPWM                        0x08004d37   Thumb Code    90  r3_1_f30x_pwm_curr_fdbk.o(i.R3_1_SwitchOffPWM)
    R3_1_SwitchOnPWM                         0x08004d91   Thumb Code   184  r3_1_f30x_pwm_curr_fdbk.o(i.R3_1_SwitchOnPWM)
    R3_1_TIMx_UP_IRQHandler                  0x08004e49   Thumb Code    50  r3_1_f30x_pwm_curr_fdbk.o(i.R3_1_TIMx_UP_IRQHandler)
    R3_1_TurnOnLowSides                      0x08004e7b   Thumb Code    86  r3_1_f30x_pwm_curr_fdbk.o(i.R3_1_TurnOnLowSides)
    RCM_ExecRegularConv                      0x08004ed1   Thumb Code   132  regular_conversion_manager.o(i.RCM_ExecRegularConv)
    RCM_ExecUserConv                         0x08004f5d   Thumb Code    60  regular_conversion_manager.o(i.RCM_ExecUserConv)
    RCM_RegisterRegConv                      0x08004fa1   Thumb Code   290  regular_conversion_manager.o(i.RCM_RegisterRegConv)
    REMNG_Calc                               0x080050d1   Thumb Code    44  ramp_ext_mngr.o(i.REMNG_Calc)
    REMNG_ExecRamp                           0x080050fd   Thumb Code   130  ramp_ext_mngr.o(i.REMNG_ExecRamp)
    REMNG_Init                               0x0800517f   Thumb Code    16  ramp_ext_mngr.o(i.REMNG_Init)
    REMNG_RampCompleted                      0x0800518f   Thumb Code    14  ramp_ext_mngr.o(i.REMNG_RampCompleted)
    RVBS_CalcAvVbusFilt                      0x0800519d   Thumb Code   168  r_divider_bus_voltage_sensor.o(i.RVBS_CalcAvVbusFilt)
    RVBS_CheckFaultState                     0x08005245   Thumb Code    24  r_divider_bus_voltage_sensor.o(i.RVBS_CheckFaultState)
    RVBS_Clear                               0x0800525d   Thumb Code    44  r_divider_bus_voltage_sensor.o(i.RVBS_Clear)
    RVBS_Init                                0x08005289   Thumb Code    22  r_divider_bus_voltage_sensor.o(i.RVBS_Init)
    SPD_GetAvrgMecSpeedUnit                  0x0800529f   Thumb Code     6  speed_pos_fdbk.o(i.SPD_GetAvrgMecSpeedUnit)
    SPD_GetElAngle                           0x080052a5   Thumb Code     6  speed_pos_fdbk.o(i.SPD_GetElAngle)
    SPD_GetInstElSpeedDpp                    0x080052ab   Thumb Code     6  speed_pos_fdbk.o(i.SPD_GetInstElSpeedDpp)
    SPD_GetS16Speed                          0x080052b1   Thumb Code    20  speed_pos_fdbk.o(i.SPD_GetS16Speed)
    SPD_IsMecSpeedReliable                   0x080052c5   Thumb Code    96  speed_pos_fdbk.o(i.SPD_IsMecSpeedReliable)
    STC_CalcTorqueReference                  0x08005325   Thumb Code    92  speed_torq_ctrl.o(i.STC_CalcTorqueReference)
    STC_Clear                                0x08005381   Thumb Code    16  speed_torq_ctrl.o(i.STC_Clear)
    STC_ExecRamp                             0x08005391   Thumb Code   146  speed_torq_ctrl.o(i.STC_ExecRamp)
    STC_ForceSpeedReferenceToCurrentSpeed    0x08005423   Thumb Code    16  speed_torq_ctrl.o(i.STC_ForceSpeedReferenceToCurrentSpeed)
    STC_GetDefaultIqdref                     0x08005433   Thumb Code    16  speed_torq_ctrl.o(i.STC_GetDefaultIqdref)
    STC_GetMaxAppPositiveMecSpeedUnit        0x08005443   Thumb Code     4  speed_torq_ctrl.o(i.STC_GetMaxAppPositiveMecSpeedUnit)
    STC_GetMecSpeedRefUnit                   0x08005447   Thumb Code    12  speed_torq_ctrl.o(i.STC_GetMecSpeedRefUnit)
    STC_GetMecSpeedRefUnitDefault            0x08005453   Thumb Code     6  speed_torq_ctrl.o(i.STC_GetMecSpeedRefUnitDefault)
    STC_GetMinAppNegativeMecSpeedUnit        0x08005459   Thumb Code     6  speed_torq_ctrl.o(i.STC_GetMinAppNegativeMecSpeedUnit)
    STC_GetSpeedSensor                       0x0800545f   Thumb Code     4  speed_torq_ctrl.o(i.STC_GetSpeedSensor)
    STC_GetTorqueRef                         0x08005463   Thumb Code    12  speed_torq_ctrl.o(i.STC_GetTorqueRef)
    STC_Init                                 0x0800546f   Thumb Code    32  speed_torq_ctrl.o(i.STC_Init)
    STC_SetControlMode                       0x0800548f   Thumb Code     8  speed_torq_ctrl.o(i.STC_SetControlMode)
    STC_SetSpeedSensor                       0x08005497   Thumb Code     4  speed_torq_ctrl.o(i.STC_SetSpeedSensor)
    STC_StopRamp                             0x0800549b   Thumb Code     8  speed_torq_ctrl.o(i.STC_StopRamp)
    STM_FaultAcknowledged                    0x080054a3   Thumb Code    22  state_machine.o(i.STM_FaultAcknowledged)
    STM_FaultProcessing                      0x080054b9   Thumb Code    54  state_machine.o(i.STM_FaultProcessing)
    STM_GetFaultState                        0x080054ef   Thumb Code    10  state_machine.o(i.STM_GetFaultState)
    STM_GetState                             0x080054f9   Thumb Code     4  state_machine.o(i.STM_GetState)
    STM_Init                                 0x080054fd   Thumb Code    10  state_machine.o(i.STM_Init)
    STM_NextState                            0x08005507   Thumb Code   254  state_machine.o(i.STM_NextState)
    SysTick_Handler                          0x08005605   Thumb Code    36  stm32f30x_mc_it.o(i.SysTick_Handler)
    SystemInit                               0x0800562d   Thumb Code    20  system_stm32f3xx.o(i.SystemInit)
    TIM1_BRK_TIM15_IRQHandler                0x08005649   Thumb Code    54  stm32f30x_mc_it.o(i.TIM1_BRK_TIM15_IRQHandler)
    TIM1_UP_TIM16_IRQHandler                 0x0800568d   Thumb Code    14  stm32f30x_mc_it.o(i.TIM1_UP_TIM16_IRQHandler)
    TIM_Base_SetConfig                       0x080056a5   Thumb Code   116  stm32f3xx_hal_tim.o(i.TIM_Base_SetConfig)
    TIM_OC2_SetConfig                        0x08005729   Thumb Code   128  stm32f3xx_hal_tim.o(i.TIM_OC2_SetConfig)
    TSK_ChargeBootCapDelayHasElapsedM1       0x0800588d   Thumb Code    14  mc_tasks.o(i.TSK_ChargeBootCapDelayHasElapsedM1)
    TSK_HardwareFaultTask                    0x080058a1   Thumb Code    24  mc_tasks.o(i.TSK_HardwareFaultTask)
    TSK_HighFrequencyTask                    0x080058c1   Thumb Code   312  mc_tasks.o(i.TSK_HighFrequencyTask)
    TSK_MediumFrequencyTaskM1                0x08005a19   Thumb Code   630  mc_tasks.o(i.TSK_MediumFrequencyTaskM1)
    TSK_SafetyTask                           0x08005cbd   Thumb Code    26  mc_tasks.o(i.TSK_SafetyTask)
    TSK_SafetyTask_PWMOFF                    0x08005cdd   Thumb Code   132  mc_tasks.o(i.TSK_SafetyTask_PWMOFF)
    TSK_SetChargeBootCapDelayM1              0x08005d75   Thumb Code     6  mc_tasks.o(i.TSK_SetChargeBootCapDelayM1)
    TSK_SetStopPermanencyTimeM1              0x08005d81   Thumb Code     6  mc_tasks.o(i.TSK_SetStopPermanencyTimeM1)
    TSK_StopPermanencyTimeHasElapsedM1       0x08005d8d   Thumb Code    14  mc_tasks.o(i.TSK_StopPermanencyTimeHasElapsedM1)
    UART_AdvFeatureConfig                    0x08005da1   Thumb Code   218  stm32f3xx_hal_uart.o(i.UART_AdvFeatureConfig)
    UART_CheckIdleState                      0x08005e7b   Thumb Code    92  stm32f3xx_hal_uart.o(i.UART_CheckIdleState)
    UART_SetConfig                           0x08005ed9   Thumb Code   410  stm32f3xx_hal_uart.o(i.UART_SetConfig)
    UART_WaitOnFlagUntilTimeout              0x08006085   Thumb Code   180  stm32f3xx_hal_uart.o(i.UART_WaitOnFlagUntilTimeout)
    UFCP_AbortReceive                        0x08006139   Thumb Code     8  usart_frame_communication_protocol.o(i.UFCP_AbortReceive)
    UFCP_Init                                0x08006141   Thumb Code     4  usart_frame_communication_protocol.o(i.UFCP_Init)
    UFCP_OVR_IRQ_Handler                     0x08006145   Thumb Code    20  usart_frame_communication_protocol.o(i.UFCP_OVR_IRQ_Handler)
    UFCP_RX_IRQ_Handler                      0x08006159   Thumb Code   178  usart_frame_communication_protocol.o(i.UFCP_RX_IRQ_Handler)
    UFCP_Receive                             0x08006219   Thumb Code    40  usart_frame_communication_protocol.o(i.UFCP_Receive)
    UFCP_Send                                0x08006241   Thumb Code    86  usart_frame_communication_protocol.o(i.UFCP_Send)
    UFCP_TX_IRQ_Handler                      0x08006297   Thumb Code   100  usart_frame_communication_protocol.o(i.UFCP_TX_IRQ_Handler)
    UI_DACExec                               0x080062fb   Thumb Code    10  user_interface.o(i.UI_DACExec)
    UI_DACInit                               0x08006305   Thumb Code    10  user_interface.o(i.UI_DACInit)
    UI_DACUpdate                             0x08006311   Thumb Code    28  ui_task.o(i.UI_DACUpdate)
    UI_ExecCmd                               0x08006331   Thumb Code   110  user_interface.o(i.UI_ExecCmd)
    UI_ExecSpeedRamp                         0x080063a1   Thumb Code    44  user_interface.o(i.UI_ExecSpeedRamp)
    UI_ExecTorqueRamp                        0x080063d1   Thumb Code    20  user_interface.o(i.UI_ExecTorqueRamp)
    UI_GetDAC                                0x080063e5   Thumb Code    16  user_interface.o(i.UI_GetDAC)
    UI_GetMPInfo                             0x080063f5   Thumb Code     4  user_interface.o(i.UI_GetMPInfo)
    UI_GetReg                                0x080063f9   Thumb Code  1432  user_interface.o(i.UI_GetReg)
    UI_GetRevupData                          0x08006995   Thumb Code    74  user_interface.o(i.UI_GetRevupData)
    UI_GetSelectedMC                         0x080069df   Thumb Code     6  user_interface.o(i.UI_GetSelectedMC)
    UI_HandleStartStopButton_cb              0x080069e5   Thumb Code    24  ui_task.o(i.UI_HandleStartStopButton_cb)
    UI_Init                                  0x080069fd   Thumb Code    22  user_interface.o(i.UI_Init)
    UI_Scheduler                             0x08006a15   Thumb Code    40  ui_task.o(i.UI_Scheduler)
    UI_SelectMC                              0x08006a41   Thumb Code    18  user_interface.o(i.UI_SelectMC)
    UI_SerialCommunicationTimeOutStart       0x08006a55   Thumb Code     8  ui_task.o(i.UI_SerialCommunicationTimeOutStart)
    UI_SerialCommunicationTimeOutStop        0x08006a61   Thumb Code     8  ui_task.o(i.UI_SerialCommunicationTimeOutStop)
    UI_SetCurrentReferences                  0x08006a6d   Thumb Code    26  user_interface.o(i.UI_SetCurrentReferences)
    UI_SetDAC                                0x08006a87   Thumb Code    10  user_interface.o(i.UI_SetDAC)
    UI_SetReg                                0x08006a91   Thumb Code   578  user_interface.o(i.UI_SetReg)
    UI_SetRevupData                          0x08006cd9   Thumb Code    56  user_interface.o(i.UI_SetRevupData)
    UI_TaskInit                              0x08006d11   Thumb Code   144  ui_task.o(i.UI_TaskInit)
    USART2_IRQHandler                        0x08006dc1   Thumb Code   100  stm32f30x_mc_it.o(i.USART2_IRQHandler)
    VBS_GetAvBusVoltage_V                    0x08006e29   Thumb Code    10  bus_voltage_sensor.o(i.VBS_GetAvBusVoltage_V)
    VBS_GetAvBusVoltage_d                    0x08006e33   Thumb Code     4  bus_voltage_sensor.o(i.VBS_GetAvBusVoltage_d)
    VSS_CalcAvrgMecSpeedUnit                 0x08006e37   Thumb Code   156  virtual_speed_sensor.o(i.VSS_CalcAvrgMecSpeedUnit)
    VSS_CalcElAngle                          0x08006ed3   Thumb Code   158  virtual_speed_sensor.o(i.VSS_CalcElAngle)
    VSS_Clear                                0x08006f71   Thumb Code    44  virtual_speed_sensor.o(i.VSS_Clear)
    VSS_Init                                 0x08006f9d   Thumb Code     8  virtual_speed_sensor.o(i.VSS_Init)
    VSS_SetCopyObserver                      0x08006fa5   Thumb Code     8  virtual_speed_sensor.o(i.VSS_SetCopyObserver)
    VSS_SetMecAcceleration                   0x08006fad   Thumb Code   124  virtual_speed_sensor.o(i.VSS_SetMecAcceleration)
    VSS_SetMecAngle                          0x08007029   Thumb Code    14  virtual_speed_sensor.o(i.VSS_SetMecAngle)
    VSS_SetStartTransition                   0x08007037   Thumb Code    28  virtual_speed_sensor.o(i.VSS_SetStartTransition)
    VSS_TransitionEnded                      0x08007053   Thumb Code     6  virtual_speed_sensor.o(i.VSS_TransitionEnded)
    __scatterload_copy                       0x08007059   Thumb Code    14  handlers.o(i.__scatterload_copy)
    __scatterload_null                       0x08007067   Thumb Code     2  handlers.o(i.__scatterload_null)
    __scatterload_zeroinit                   0x08007069   Thumb Code    14  handlers.o(i.__scatterload_zeroinit)
    getScalingFactor                         0x08007079   Thumb Code    40  ramp_ext_mngr.o(i.getScalingFactor)
    main                                     0x080070a1   Thumb Code   890  main.o(i.main)
    mc_lock_pins                             0x08007449   Thumb Code   202  mc_tasks.o(i.mc_lock_pins)
    startTimers                              0x08007521   Thumb Code    92  pwm_common.o(i.startTimers)
    waitForPolarizationEnd                   0x08007581   Thumb Code   102  pwm_common.o(i.waitForPolarizationEnd)
    s_fwVer                                  0x080075e6   Data          32  motorcontrol.o(.constdata)
    hSin_Cos_Table                           0x0800760a   Data         512  mc_math.o(.constdata)
    R3_1_ParamsM1                            0x0800780c   Data         132  mc_parameters.o(.constdata)
    aPLLMULFactorTable                       0x08007890   Data          16  stm32f3xx_hal_rcc.o(.constdata)
    aPredivFactorTable                       0x080078a0   Data          16  stm32f3xx_hal_rcc.o(.constdata)
    AHBPrescTable                            0x080078b0   Data          16  system_stm32f3xx.o(.constdata)
    APBPrescTable                            0x080078c0   Data           8  system_stm32f3xx.o(.constdata)
    Region$$Table$$Base                      0x080078e0   Number         0  anon$$obj.o(Region$$Table)
    Region$$Table$$Limit                     0x08007900   Number         0  anon$$obj.o(Region$$Table)
    wConfig                                  0x20000000   Data           4  motorcontrol.o(.data)
    pMCI                                     0x20000004   Data           4  motorcontrol.o(.data)
    pMCT                                     0x20000008   Data           4  motorcontrol.o(.data)
    MPInfo                                   0x2000000c   Data           8  motor_control_protocol.o(.data)
    PQD_MotorPowMeasM1                       0x20000014   Data         276  mc_config.o(.data)
    PIDSpeedHandle_M1                        0x20000128   Data          44  mc_config.o(.data)
    PIDIqHandle_M1                           0x20000154   Data          44  mc_config.o(.data)
    PIDIdHandle_M1                           0x20000180   Data          44  mc_config.o(.data)
    SpeednTorqCtrlM1                         0x200001ac   Data          52  mc_config.o(.data)
    RevUpControlM1                           0x200001e0   Data         120  mc_config.o(.data)
    PWM_Handle_M1                            0x20000258   Data         120  mc_config.o(.data)
    VirtualSpeedSensorM1                     0x200002d0   Data          56  mc_config.o(.data)
    STO_PLL_M1                               0x20000308   Data         296  mc_config.o(.data)
    STO_M1                                   0x20000430   Data          20  mc_config.o(.data)
    TempSensorParamsM1                       0x20000444   Data          40  mc_config.o(.data)
    RealBusVoltageSensorParamsM1             0x2000046c   Data          40  mc_config.o(.data)
    UI_Params                                0x20000494   Data          48  mc_config.o(.data)
    DAC_UI_Params                            0x200004c4   Data          60  mc_config.o(.data)
    RampExtMngrHFParamsM1                    0x20000500   Data          24  mc_config.o(.data)
    CircleLimitationM1                       0x20000518   Data         180  mc_config.o(.data)
    pUSART                                   0x200005cc   Data         316  mc_config.o(.data)
    bMCBootCompleted                         0x20000708   Data           1  mc_tasks.o(.data)
    oMCInterface                             0x20000710   Data           4  mc_tasks.o(.data)
    pSTC                                     0x20000714   Data           4  mc_tasks.o(.data)
    pPIDSpeed                                0x20000718   Data           4  mc_tasks.o(.data)
    pPIDIq                                   0x2000071c   Data           4  mc_tasks.o(.data)
    pPIDId                                   0x20000720   Data           4  mc_tasks.o(.data)
    pBusSensorM1                             0x20000724   Data           4  mc_tasks.o(.data)
    pTemperatureSensor                       0x20000728   Data           4  mc_tasks.o(.data)
    pwmcHandle                               0x2000072c   Data           4  mc_tasks.o(.data)
    pMPM                                     0x20000730   Data           4  mc_tasks.o(.data)
    pCLM                                     0x20000734   Data           4  mc_tasks.o(.data)
    pREMNG                                   0x20000738   Data           4  mc_tasks.o(.data)
    STM                                      0x2000073c   Data           6  mc_tasks.o(.data)
    RCM_UserConvHandle                       0x20000742   Data           1  regular_conversion_manager.o(.data)
    RCM_UserConvState                        0x20000743   Data           1  regular_conversion_manager.o(.data)
    RCM_UserConvValue                        0x20000744   Data           2  regular_conversion_manager.o(.data)
    pDAC                                     0x20000750   Data           4  ui_task.o(.data)
    pMCP                                     0x20000754   Data           4  ui_task.o(.data)
    uwTickFreq                               0x20000758   Data           1  stm32f3xx_hal.o(.data)
    uwTickPrio                               0x2000075c   Data           4  stm32f3xx_hal.o(.data)
    uwTick                                   0x20000760   Data           4  stm32f3xx_hal.o(.data)
    SystemCoreClock                          0x20000764   Data           4  system_stm32f3xx.o(.data)
    hadc1                                    0x20000768   Data          80  main.o(.bss)
    hdac                                     0x200007b8   Data          20  main.o(.bss)
    htim1                                    0x200007cc   Data          64  main.o(.bss)
    huart2                                   0x2000080c   Data         128  main.o(.bss)
    RealBusVoltageSensorFilterBufferM1       0x2000088c   Data          12  mc_config.o(.bss)
    FOCVars                                  0x20000898   Data          38  mc_tasks.o(.bss)
    Mci                                      0x200008c0   Data          28  mc_tasks.o(.bss)
    MCT                                      0x200008dc   Data          84  mc_tasks.o(.bss)
    RCM_handle_array                         0x20000930   Data          16  regular_conversion_manager.o(.bss)
    RCM_CB_array                             0x20000940   Data          32  regular_conversion_manager.o(.bss)
    MCP_UI_Params                            0x20000960   Data         204  ui_task.o(.bss)
    __initial_sp                             0x20000e30   Data           0  startup_stm32f302x8.o(STACK)



==============================================================================

Memory Map of the image

  Image Entry point : 0x08000189

  Load Region LR_IROM1 (Base: 0x08000000, Size: 0x00008068, Max: 0x00010000, ABSOLUTE, COMPRESSED[0x00007b1c])

    Execution Region ER_IROM1 (Exec base: 0x08000000, Load base: 0x08000000, Size: 0x00007900, Max: 0x00010000, ABSOLUTE)

    Exec Addr    Load Addr    Size         Type   Attr      Idx    E Section Name        Object

    0x08000000   0x08000000   0x00000188   Data   RO            3    RESET               startup_stm32f302x8.o
    0x08000188   0x08000188   0x00000000   Code   RO         6520  * .ARM.Collect$$$$00000000  mc_w.l(entry.o)
    0x08000188   0x08000188   0x00000004   Code   RO         6527    .ARM.Collect$$$$00000001  mc_w.l(entry2.o)
    0x0800018c   0x0800018c   0x00000004   Code   RO         6530    .ARM.Collect$$$$00000004  mc_w.l(entry5.o)
    0x08000190   0x08000190   0x00000000   Code   RO         6532    .ARM.Collect$$$$00000008  mc_w.l(entry7b.o)
    0x08000190   0x08000190   0x00000000   Code   RO         6534    .ARM.Collect$$$$0000000A  mc_w.l(entry8b.o)
    0x08000190   0x08000190   0x00000008   Code   RO         6535    .ARM.Collect$$$$0000000B  mc_w.l(entry9a.o)
    0x08000198   0x08000198   0x00000000   Code   RO         6537    .ARM.Collect$$$$0000000D  mc_w.l(entry10a.o)
    0x08000198   0x08000198   0x00000000   Code   RO         6539    .ARM.Collect$$$$0000000F  mc_w.l(entry11a.o)
    0x08000198   0x08000198   0x00000004   Code   RO         6528    .ARM.Collect$$$$00002712  mc_w.l(entry2.o)
    0x0800019c   0x0800019c   0x00000014   Code   RO         6503    .ccmram             libmc-keil_M4.lib(revup_ctrl.o)
    0x080001b0   0x080001b0   0x00000228   Code   RO         6513    .ccmram             libmc-keil_M4.lib(sto_pll_speed_pos_fdbk.o)
    0x080003d8   0x080003d8   0x00000024   Code   RO            4    .text               startup_stm32f302x8.o
    0x080003fc   0x080003fc   0x000003c8   Code   RO         6504    .text               libmc-keil_M4.lib(revup_ctrl.o)
    0x080007c4   0x080007c4   0x00000398   Code   RO         6514    .text               libmc-keil_M4.lib(sto_pll_speed_pos_fdbk.o)
    0x08000b5c   0x08000b5c   0x00000062   Code   RO         6523    .text               mc_w.l(uldiv.o)
    0x08000bbe   0x08000bbe   0x00000020   Code   RO         6525    .text               mc_w.l(llushr.o)
    0x08000bde   0x08000bde   0x0000001e   Code   RO         6541    .text               mc_w.l(llshl.o)
    0x08000bfc   0x08000bfc   0x00000024   Code   RO         6543    .text               mc_w.l(init.o)
    0x08000c20   0x08000c20   0x00000056   Code   RO         6553    .text               mc_w.l(__dczerorl2.o)
    0x08000c76   0x08000c76   0x00000016   Code   RO         1207    i.ADC1_IRQHandler   stm32f30x_mc_it.o
    0x08000c8c   0x08000c8c   0x0000006c   Code   RO         1816    i.ADC_Disable       stm32f3xx_hal_adc_ex.o
    0x08000cf8   0x08000cf8   0x00000056   Code   RO         5088    i.Circle_Limitation  circle_limitation.o
    0x08000d4e   0x08000d4e   0x00000002   PAD
    0x08000d50   0x08000d50   0x00000044   Code   RO         1533    i.DAC_Exec          dac_ui.o
    0x08000d94   0x08000d94   0x00000008   Code   RO         6304    i.DAC_GetChannelConfig  dac_common_ui.o
    0x08000d9c   0x08000d9c   0x0000000a   Code   RO         6305    i.DAC_GetUserChannelValue  dac_common_ui.o
    0x08000da6   0x08000da6   0x00000002   PAD
    0x08000da8   0x08000da8   0x00000010   Code   RO         1534    i.DAC_Init          dac_ui.o
    0x08000db8   0x08000db8   0x00000008   Code   RO         6306    i.DAC_SetChannelConfig  dac_common_ui.o
    0x08000dc0   0x08000dc0   0x00000008   Code   RO         6307    i.DAC_SetUserChannelValue  dac_common_ui.o
    0x08000dc8   0x08000dc8   0x0000001c   Code   RO         1208    i.EXTI15_10_IRQHandler  stm32f30x_mc_it.o
    0x08000de4   0x08000de4   0x0000002e   Code   RO         6346    i.FCP_CalcCRC       frame_communication_protocol.o
    0x08000e12   0x08000e12   0x0000002a   Code   RO         6347    i.FCP_Init          frame_communication_protocol.o
    0x08000e3c   0x08000e3c   0x0000000e   Code   RO         6349    i.FCP_SetClient     frame_communication_protocol.o
    0x08000e4a   0x08000e4a   0x00000002   PAD
    0x08000e4c   0x08000e4c   0x00000034   Code   RO          711    i.FOC_CalcCurrRef   mc_tasks.o
    0x08000e80   0x08000e80   0x0000006c   Code   RO          712    i.FOC_Clear         mc_tasks.o
    0x08000eec   0x08000eec   0x00000002   Code   RO          713    i.FOC_InitAdditionalMethods  mc_tasks.o
    0x08000eee   0x08000eee   0x00000002   PAD
    0x08000ef0   0x08000ef0   0x0000046c   Code   RO         1821    i.HAL_ADCEx_InjectedConfigChannel  stm32f3xx_hal_adc_ex.o
    0x0800135c   0x0800135c   0x00000358   Code   RO         1836    i.HAL_ADC_ConfigChannel  stm32f3xx_hal_adc_ex.o
    0x080016b4   0x080016b4   0x00000214   Code   RO         1840    i.HAL_ADC_Init      stm32f3xx_hal_adc_ex.o
    0x080018c8   0x080018c8   0x0000007c   Code   RO         1585    i.HAL_ADC_MspInit   stm32f3xx_hal_msp.o
    0x08001944   0x08001944   0x0000004e   Code   RO         3599    i.HAL_DAC_ConfigChannel  stm32f3xx_hal_dac_ex.o
    0x08001992   0x08001992   0x00000028   Code   RO         3478    i.HAL_DAC_Init      stm32f3xx_hal_dac.o
    0x080019ba   0x080019ba   0x00000002   PAD
    0x080019bc   0x080019bc   0x0000005c   Code   RO         1587    i.HAL_DAC_MspInit   stm32f3xx_hal_msp.o
    0x08001a18   0x08001a18   0x00000204   Code   RO         2369    i.HAL_GPIO_Init     stm32f3xx_hal_gpio.o
    0x08001c1c   0x08001c1c   0x0000000a   Code   RO         2373    i.HAL_GPIO_WritePin  stm32f3xx_hal_gpio.o
    0x08001c26   0x08001c26   0x00000002   PAD
    0x08001c28   0x08001c28   0x0000000c   Code   RO         2057    i.HAL_GetTick       stm32f3xx_hal.o
    0x08001c34   0x08001c34   0x00000010   Code   RO         2063    i.HAL_IncTick       stm32f3xx_hal.o
    0x08001c44   0x08001c44   0x00000024   Code   RO         2064    i.HAL_Init          stm32f3xx_hal.o
    0x08001c68   0x08001c68   0x00000040   Code   RO         2065    i.HAL_InitTick      stm32f3xx_hal.o
    0x08001ca8   0x08001ca8   0x00000030   Code   RO         1588    i.HAL_MspInit       stm32f3xx_hal_msp.o
    0x08001cd8   0x08001cd8   0x0000001e   Code   RO         2524    i.HAL_NVIC_EnableIRQ  stm32f3xx_hal_cortex.o
    0x08001cf6   0x08001cf6   0x00000002   PAD
    0x08001cf8   0x08001cf8   0x00000064   Code   RO         2530    i.HAL_NVIC_SetPriority  stm32f3xx_hal_cortex.o
    0x08001d5c   0x08001d5c   0x00000024   Code   RO         2531    i.HAL_NVIC_SetPriorityGrouping  stm32f3xx_hal_cortex.o
    0x08001d80   0x08001d80   0x0000021c   Code   RO         2326    i.HAL_RCCEx_PeriphCLKConfig  stm32f3xx_hal_rcc_ex.o
    0x08001f9c   0x08001f9c   0x0000022c   Code   RO         2221    i.HAL_RCC_ClockConfig  stm32f3xx_hal_rcc.o
    0x080021c8   0x080021c8   0x0000000c   Code   RO         2226    i.HAL_RCC_GetHCLKFreq  stm32f3xx_hal_rcc.o
    0x080021d4   0x080021d4   0x00000030   Code   RO         2228    i.HAL_RCC_GetPCLK1Freq  stm32f3xx_hal_rcc.o
    0x08002204   0x08002204   0x00000030   Code   RO         2229    i.HAL_RCC_GetPCLK2Freq  stm32f3xx_hal_rcc.o
    0x08002234   0x08002234   0x00000078   Code   RO         2230    i.HAL_RCC_GetSysClockFreq  stm32f3xx_hal_rcc.o
    0x080022ac   0x080022ac   0x000005d0   Code   RO         2233    i.HAL_RCC_OscConfig  stm32f3xx_hal_rcc.o
    0x0800287c   0x0800287c   0x00000002   Code   RO         2534    i.HAL_SYSTICK_Callback  stm32f3xx_hal_cortex.o
    0x0800287e   0x0800287e   0x00000002   PAD
    0x08002880   0x08002880   0x0000002c   Code   RO         2535    i.HAL_SYSTICK_Config  stm32f3xx_hal_cortex.o
    0x080028ac   0x080028ac   0x00000008   Code   RO         2536    i.HAL_SYSTICK_IRQHandler  stm32f3xx_hal_cortex.o
    0x080028b4   0x080028b4   0x00000086   Code   RO         4336    i.HAL_TIMEx_ConfigBreakDeadTime  stm32f3xx_hal_tim_ex.o
    0x0800293a   0x0800293a   0x00000002   PAD
    0x0800293c   0x0800293c   0x0000006c   Code   RO         4352    i.HAL_TIMEx_MasterConfigSynchronization  stm32f3xx_hal_tim_ex.o
    0x080029a8   0x080029a8   0x00000036   Code   RO         3682    i.HAL_TIM_Base_Init  stm32f3xx_hal_tim.o
    0x080029de   0x080029de   0x00000002   PAD
    0x080029e0   0x080029e0   0x00000068   Code   RO         1590    i.HAL_TIM_Base_MspInit  stm32f3xx_hal_msp.o
    0x08002a48   0x08002a48   0x00000058   Code   RO         1591    i.HAL_TIM_MspPostInit  stm32f3xx_hal_msp.o
    0x08002aa0   0x08002aa0   0x00000334   Code   RO         3751    i.HAL_TIM_PWM_ConfigChannel  stm32f3xx_hal_tim.o
    0x08002dd4   0x08002dd4   0x00000036   Code   RO         3754    i.HAL_TIM_PWM_Init  stm32f3xx_hal_tim.o
    0x08002e0a   0x08002e0a   0x00000002   Code   RO         3756    i.HAL_TIM_PWM_MspInit  stm32f3xx_hal_tim.o
    0x08002e0c   0x08002e0c   0x00000056   Code   RO         3768    i.HAL_TIM_SlaveConfigSynchro  stm32f3xx_hal_tim.o
    0x08002e62   0x08002e62   0x0000006a   Code   RO         4618    i.HAL_UART_Init     stm32f3xx_hal_uart.o
    0x08002ecc   0x08002ecc   0x00000060   Code   RO         1593    i.HAL_UART_MspInit  stm32f3xx_hal_msp.o
    0x08002f2c   0x08002f2c   0x00000068   Code   RO         1209    i.HardFault_Handler  stm32f30x_mc_it.o
    0x08002f94   0x08002f94   0x0000006c   Code   RO         6141    i.LL_TIM_OC_EnablePreload  r3_1_f30x_pwm_curr_fdbk.o
    0x08003000   0x08003000   0x00000078   Code   RO         6142    i.LL_TIM_OC_SetMode  r3_1_f30x_pwm_curr_fdbk.o
    0x08003078   0x08003078   0x00000010   Code   RO          979    i.MCI_Clear_Iqdref  mc_interface.o
    0x08003088   0x08003088   0x00000008   Code   RO          980    i.MCI_EncoderAlign  mc_interface.o
    0x08003090   0x08003090   0x00000078   Code   RO          981    i.MCI_ExecBufferedCommands  mc_interface.o
    0x08003108   0x08003108   0x0000000e   Code   RO          982    i.MCI_ExecSpeedRamp  mc_interface.o
    0x08003116   0x08003116   0x00000012   Code   RO          983    i.MCI_ExecTorqueRamp  mc_interface.o
    0x08003128   0x08003128   0x00000006   Code   RO          984    i.MCI_FaultAcknowledged  mc_interface.o
    0x0800312e   0x0800312e   0x00000010   Code   RO          985    i.MCI_GetAvrgMecSpeedUnit  mc_interface.o
    0x0800313e   0x0800313e   0x00000004   Code   RO          986    i.MCI_GetControlMode  mc_interface.o
    0x08003142   0x08003142   0x00000006   Code   RO          989    i.MCI_GetIab        mc_interface.o
    0x08003148   0x08003148   0x00000006   Code   RO          990    i.MCI_GetIalphabeta  mc_interface.o
    0x0800314e   0x0800314e   0x00000036   Code   RO          991    i.MCI_GetImposedMotorDirection  mc_interface.o
    0x08003184   0x08003184   0x00000006   Code   RO          992    i.MCI_GetIqd        mc_interface.o
    0x0800318a   0x0800318a   0x00000006   Code   RO          994    i.MCI_GetIqdref     mc_interface.o
    0x08003190   0x08003190   0x00000010   Code   RO          995    i.MCI_GetLastRampFinalSpeed  mc_interface.o
    0x080031a0   0x080031a0   0x00000006   Code   RO          996    i.MCI_GetMecSpeedRefUnit  mc_interface.o
    0x080031a6   0x080031a6   0x00000006   Code   RO         1000    i.MCI_GetSTMState   mc_interface.o
    0x080031ac   0x080031ac   0x00000008   Code   RO         1002    i.MCI_GetTeref      mc_interface.o
    0x080031b4   0x080031b4   0x00000008   Code   RO         1003    i.MCI_GetValphabeta  mc_interface.o
    0x080031bc   0x080031bc   0x00000008   Code   RO         1004    i.MCI_GetVqd        mc_interface.o
    0x080031c4   0x080031c4   0x00000014   Code   RO         1005    i.MCI_Init          mc_interface.o
    0x080031d8   0x080031d8   0x00000014   Code   RO         1008    i.MCI_SetCurrentReferences  mc_interface.o
    0x080031ec   0x080031ec   0x0000000a   Code   RO         1009    i.MCI_SetIdref      mc_interface.o
    0x080031f6   0x080031f6   0x00000016   Code   RO         1010    i.MCI_StartMotor    mc_interface.o
    0x0800320c   0x0800320c   0x00000008   Code   RO         1011    i.MCI_StopMotor     mc_interface.o
    0x08003214   0x08003214   0x00000006   Code   RO         1012    i.MCI_StopRamp      mc_interface.o
    0x0800321a   0x0800321a   0x00000002   PAD
    0x0800321c   0x0800321c   0x0000004c   Code   RO          916    i.MCM_Clarke        mc_math.o
    0x08003268   0x08003268   0x00000084   Code   RO          917    i.MCM_Park          mc_math.o
    0x080032ec   0x080032ec   0x00000036   Code   RO          918    i.MCM_Rev_Park      mc_math.o
    0x08003322   0x08003322   0x00000002   PAD
    0x08003324   0x08003324   0x00000074   Code   RO          920    i.MCM_Trig_Functions  mc_math.o
    0x08003398   0x08003398   0x00000044   Code   RO          589    i.MCP_Init          motor_control_protocol.o
    0x080033dc   0x080033dc   0x00000008   Code   RO          590    i.MCP_OnTimeOut     motor_control_protocol.o
    0x080033e4   0x080033e4   0x0000070c   Code   RO          591    i.MCP_ReceivedFrame  motor_control_protocol.o
    0x08003af0   0x08003af0   0x00000008   Code   RO          596    i.MCP_SentFrame     motor_control_protocol.o
    0x08003af8   0x08003af8   0x0000001a   Code   RO          597    i.MCP_WaitNextFrame  motor_control_protocol.o
    0x08003b12   0x08003b12   0x00000002   PAD
    0x08003b14   0x08003b14   0x0000000c   Code   RO          401    i.MC_GetSTMStateMotor1  mc_api.o
    0x08003b20   0x08003b20   0x00000020   Code   RO          716    i.MC_RunMotorControlTasks  mc_tasks.o
    0x08003b40   0x08003b40   0x00000040   Code   RO          717    i.MC_Scheduler      mc_tasks.o
    0x08003b80   0x08003b80   0x0000000c   Code   RO          411    i.MC_StartMotor1    mc_api.o
    0x08003b8c   0x08003b8c   0x0000000c   Code   RO          412    i.MC_StopMotor1     mc_api.o
    0x08003b98   0x08003b98   0x000001b8   Code   RO          718    i.MCboot            mc_tasks.o
    0x08003d50   0x08003d50   0x00000046   Code   RO         5145    i.MPM_CalcElMotorPower  motor_power_measurement.o
    0x08003d96   0x08003d96   0x0000001a   Code   RO         5146    i.MPM_Clear         motor_power_measurement.o
    0x08003db0   0x08003db0   0x00000006   Code   RO         5147    i.MPM_GetAvrgElMotorPowerW  motor_power_measurement.o
    0x08003db6   0x08003db6   0x00000002   PAD
    0x08003db8   0x08003db8   0x00000038   Code   RO          344    i.MX_MotorControl_Init  motorcontrol.o
    0x08003df0   0x08003df0   0x0000003a   Code   RO         5187    i.NTC_CalcAvTemp    ntc_temperature_sensor.o
    0x08003e2a   0x08003e2a   0x00000006   Code   RO         5189    i.NTC_Clear         ntc_temperature_sensor.o
    0x08003e30   0x08003e30   0x00000028   Code   RO         5190    i.NTC_GetAvTemp_C   ntc_temperature_sensor.o
    0x08003e58   0x08003e58   0x00000024   Code   RO         5192    i.NTC_Init          ntc_temperature_sensor.o
    0x08003e7c   0x08003e7c   0x00000018   Code   RO         5193    i.NTC_SetFaultState  ntc_temperature_sensor.o
    0x08003e94   0x08003e94   0x00000006   Code   RO         5298    i.PID_GetKD         pid_regulator.o
    0x08003e9a   0x08003e9a   0x00000006   Code   RO         5300    i.PID_GetKI         pid_regulator.o
    0x08003ea0   0x08003ea0   0x00000004   Code   RO         5301    i.PID_GetKIDivisor  pid_regulator.o
    0x08003ea4   0x08003ea4   0x00000006   Code   RO         5302    i.PID_GetKP         pid_regulator.o
    0x08003eaa   0x08003eaa   0x00000004   Code   RO         5303    i.PID_GetKPDivisor  pid_regulator.o
    0x08003eae   0x08003eae   0x00000014   Code   RO         5304    i.PID_HandleInit    pid_regulator.o
    0x08003ec2   0x08003ec2   0x00000004   Code   RO         5305    i.PID_SetIntegralTerm  pid_regulator.o
    0x08003ec6   0x08003ec6   0x00000004   Code   RO         5306    i.PID_SetKD         pid_regulator.o
    0x08003eca   0x08003eca   0x00000004   Code   RO         5308    i.PID_SetKI         pid_regulator.o
    0x08003ece   0x08003ece   0x00000004   Code   RO         5310    i.PID_SetKP         pid_regulator.o
    0x08003ed2   0x08003ed2   0x00000002   PAD
    0x08003ed4   0x08003ed4   0x00000080   Code   RO         5317    i.PI_Controller     pid_regulator.o
    0x08003f54   0x08003f54   0x00000060   Code   RO         5451    i.PQD_CalcElMotorPower  pqd_motor_power_measurement.o
    0x08003fb4   0x08003fb4   0x00000004   Code   RO         5475    i.PWMC_CheckOverCurrent  pwm_curr_fdbk.o
    0x08003fb8   0x08003fb8   0x00000042   Code   RO         5476    i.PWMC_CurrentReadingCalibr  pwm_curr_fdbk.o
    0x08003ffa   0x08003ffa   0x00000004   Code   RO         5477    i.PWMC_GetPhaseCurrents  pwm_curr_fdbk.o
    0x08003ffe   0x08003ffe   0x000001da   Code   RO         5495    i.PWMC_SetPhaseVoltage  pwm_curr_fdbk.o
    0x080041d8   0x080041d8   0x00000004   Code   RO         5496    i.PWMC_SwitchOffPWM  pwm_curr_fdbk.o
    0x080041dc   0x080041dc   0x00000004   Code   RO         5497    i.PWMC_SwitchOnPWM  pwm_curr_fdbk.o
    0x080041e0   0x080041e0   0x00000004   Code   RO         5498    i.PWMC_TurnOnLowSides  pwm_curr_fdbk.o
    0x080041e4   0x080041e4   0x00000036   Code   RO         6143    i.R3_1_BRK2_IRQHandler  r3_1_f30x_pwm_curr_fdbk.o
    0x0800421a   0x0800421a   0x0000001a   Code   RO         6144    i.R3_1_BRK_IRQHandler  r3_1_f30x_pwm_curr_fdbk.o
    0x08004234   0x08004234   0x00000170   Code   RO         6145    i.R3_1_CurrentReadingPolarization  r3_1_f30x_pwm_curr_fdbk.o
    0x080043a4   0x080043a4   0x0000011c   Code   RO         6146    i.R3_1_GetPhaseCurrents  r3_1_f30x_pwm_curr_fdbk.o
    0x080044c0   0x080044c0   0x00000054   Code   RO         6147    i.R3_1_HFCurrentsPolarizationAB  r3_1_f30x_pwm_curr_fdbk.o
    0x08004514   0x08004514   0x00000044   Code   RO         6148    i.R3_1_HFCurrentsPolarizationC  r3_1_f30x_pwm_curr_fdbk.o
    0x08004558   0x08004558   0x000003bc   Code   RO         6149    i.R3_1_Init         r3_1_f30x_pwm_curr_fdbk.o
    0x08004914   0x08004914   0x00000026   Code   RO         6150    i.R3_1_IsOverCurrentOccurred  r3_1_f30x_pwm_curr_fdbk.o
    0x0800493a   0x0800493a   0x00000002   PAD
    0x0800493c   0x0800493c   0x00000108   Code   RO         6151    i.R3_1_RLDetectionModeDisable  r3_1_f30x_pwm_curr_fdbk.o
    0x08004a44   0x08004a44   0x000000b8   Code   RO         6152    i.R3_1_RLDetectionModeEnable  r3_1_f30x_pwm_curr_fdbk.o
    0x08004afc   0x08004afc   0x00000034   Code   RO         6153    i.R3_1_RLDetectionModeSetDuty  r3_1_f30x_pwm_curr_fdbk.o
    0x08004b30   0x08004b30   0x00000044   Code   RO         6154    i.R3_1_RLGetPhaseCurrents  r3_1_f30x_pwm_curr_fdbk.o
    0x08004b74   0x08004b74   0x000000dc   Code   RO         6155    i.R3_1_RLSwitchOnPWM  r3_1_f30x_pwm_curr_fdbk.o
    0x08004c50   0x08004c50   0x00000048   Code   RO         6156    i.R3_1_RLTurnOnLowSides  r3_1_f30x_pwm_curr_fdbk.o
    0x08004c98   0x08004c98   0x0000002e   Code   RO         6157    i.R3_1_SetADCSampPointPolarization  r3_1_f30x_pwm_curr_fdbk.o
    0x08004cc6   0x08004cc6   0x00000070   Code   RO         6158    i.R3_1_SetADCSampPointSectX  r3_1_f30x_pwm_curr_fdbk.o
    0x08004d36   0x08004d36   0x0000005a   Code   RO         6159    i.R3_1_SwitchOffPWM  r3_1_f30x_pwm_curr_fdbk.o
    0x08004d90   0x08004d90   0x000000b8   Code   RO         6160    i.R3_1_SwitchOnPWM  r3_1_f30x_pwm_curr_fdbk.o
    0x08004e48   0x08004e48   0x00000032   Code   RO         6161    i.R3_1_TIMx_UP_IRQHandler  r3_1_f30x_pwm_curr_fdbk.o
    0x08004e7a   0x08004e7a   0x00000056   Code   RO         6162    i.R3_1_TurnOnLowSides  r3_1_f30x_pwm_curr_fdbk.o
    0x08004ed0   0x08004ed0   0x0000008c   Code   RO          850    i.RCM_ExecRegularConv  regular_conversion_manager.o
    0x08004f5c   0x08004f5c   0x00000044   Code   RO          851    i.RCM_ExecUserConv  regular_conversion_manager.o
    0x08004fa0   0x08004fa0   0x00000130   Code   RO          854    i.RCM_RegisterRegConv  regular_conversion_manager.o
    0x080050d0   0x080050d0   0x0000002c   Code   RO         5721    i.REMNG_Calc        ramp_ext_mngr.o
    0x080050fc   0x080050fc   0x00000082   Code   RO         5722    i.REMNG_ExecRamp    ramp_ext_mngr.o
    0x0800517e   0x0800517e   0x00000010   Code   RO         5724    i.REMNG_Init        ramp_ext_mngr.o
    0x0800518e   0x0800518e   0x0000000e   Code   RO         5725    i.REMNG_RampCompleted  ramp_ext_mngr.o
    0x0800519c   0x0800519c   0x000000a8   Code   RO         5674    i.RVBS_CalcAvVbusFilt  r_divider_bus_voltage_sensor.o
    0x08005244   0x08005244   0x00000018   Code   RO         5675    i.RVBS_CheckFaultState  r_divider_bus_voltage_sensor.o
    0x0800525c   0x0800525c   0x0000002c   Code   RO         5676    i.RVBS_Clear        r_divider_bus_voltage_sensor.o
    0x08005288   0x08005288   0x00000016   Code   RO         5677    i.RVBS_Init         r_divider_bus_voltage_sensor.o
    0x0800529e   0x0800529e   0x00000006   Code   RO         5782    i.SPD_GetAvrgMecSpeedUnit  speed_pos_fdbk.o
    0x080052a4   0x080052a4   0x00000006   Code   RO         5783    i.SPD_GetElAngle    speed_pos_fdbk.o
    0x080052aa   0x080052aa   0x00000006   Code   RO         5786    i.SPD_GetInstElSpeedDpp  speed_pos_fdbk.o
    0x080052b0   0x080052b0   0x00000014   Code   RO         5788    i.SPD_GetS16Speed   speed_pos_fdbk.o
    0x080052c4   0x080052c4   0x00000060   Code   RO         5789    i.SPD_IsMecSpeedReliable  speed_pos_fdbk.o
    0x08005324   0x08005324   0x0000005c   Code   RO         5859    i.STC_CalcTorqueReference  speed_torq_ctrl.o
    0x08005380   0x08005380   0x00000010   Code   RO         5860    i.STC_Clear         speed_torq_ctrl.o
    0x08005390   0x08005390   0x00000092   Code   RO         5861    i.STC_ExecRamp      speed_torq_ctrl.o
    0x08005422   0x08005422   0x00000010   Code   RO         5862    i.STC_ForceSpeedReferenceToCurrentSpeed  speed_torq_ctrl.o
    0x08005432   0x08005432   0x00000010   Code   RO         5864    i.STC_GetDefaultIqdref  speed_torq_ctrl.o
    0x08005442   0x08005442   0x00000004   Code   RO         5865    i.STC_GetMaxAppPositiveMecSpeedUnit  speed_torq_ctrl.o
    0x08005446   0x08005446   0x0000000c   Code   RO         5866    i.STC_GetMecSpeedRefUnit  speed_torq_ctrl.o
    0x08005452   0x08005452   0x00000006   Code   RO         5867    i.STC_GetMecSpeedRefUnitDefault  speed_torq_ctrl.o
    0x08005458   0x08005458   0x00000006   Code   RO         5868    i.STC_GetMinAppNegativeMecSpeedUnit  speed_torq_ctrl.o
    0x0800545e   0x0800545e   0x00000004   Code   RO         5869    i.STC_GetSpeedSensor  speed_torq_ctrl.o
    0x08005462   0x08005462   0x0000000c   Code   RO         5870    i.STC_GetTorqueRef  speed_torq_ctrl.o
    0x0800546e   0x0800546e   0x00000020   Code   RO         5871    i.STC_Init          speed_torq_ctrl.o
    0x0800548e   0x0800548e   0x00000008   Code   RO         5873    i.STC_SetControlMode  speed_torq_ctrl.o
    0x08005496   0x08005496   0x00000004   Code   RO         5875    i.STC_SetSpeedSensor  speed_torq_ctrl.o
    0x0800549a   0x0800549a   0x00000008   Code   RO         5876    i.STC_StopRamp      speed_torq_ctrl.o
    0x080054a2   0x080054a2   0x00000016   Code   RO         5991    i.STM_FaultAcknowledged  state_machine.o
    0x080054b8   0x080054b8   0x00000036   Code   RO         5992    i.STM_FaultProcessing  state_machine.o
    0x080054ee   0x080054ee   0x0000000a   Code   RO         5993    i.STM_GetFaultState  state_machine.o
    0x080054f8   0x080054f8   0x00000004   Code   RO         5994    i.STM_GetState      state_machine.o
    0x080054fc   0x080054fc   0x0000000a   Code   RO         5995    i.STM_Init          state_machine.o
    0x08005506   0x08005506   0x000000fe   Code   RO         5996    i.STM_NextState     state_machine.o
    0x08005604   0x08005604   0x00000028   Code   RO         1210    i.SysTick_Handler   stm32f30x_mc_it.o
    0x0800562c   0x0800562c   0x0000001c   Code   RO         5009    i.SystemInit        system_stm32f3xx.o
    0x08005648   0x08005648   0x00000044   Code   RO         1211    i.TIM1_BRK_TIM15_IRQHandler  stm32f30x_mc_it.o
    0x0800568c   0x0800568c   0x00000018   Code   RO         1212    i.TIM1_UP_TIM16_IRQHandler  stm32f30x_mc_it.o
    0x080056a4   0x080056a4   0x00000084   Code   RO         3772    i.TIM_Base_SetConfig  stm32f3xx_hal_tim.o
    0x08005728   0x08005728   0x00000080   Code   RO         3784    i.TIM_OC2_SetConfig  stm32f3xx_hal_tim.o
    0x080057a8   0x080057a8   0x000000e2   Code   RO         3785    i.TIM_SlaveTimer_SetConfig  stm32f3xx_hal_tim.o
    0x0800588a   0x0800588a   0x00000002   PAD
    0x0800588c   0x0800588c   0x00000014   Code   RO          719    i.TSK_ChargeBootCapDelayHasElapsedM1  mc_tasks.o
    0x080058a0   0x080058a0   0x00000020   Code   RO          720    i.TSK_HardwareFaultTask  mc_tasks.o
    0x080058c0   0x080058c0   0x00000158   Code   RO          721    i.TSK_HighFrequencyTask  mc_tasks.o
    0x08005a18   0x08005a18   0x000002a4   Code   RO          722    i.TSK_MediumFrequencyTaskM1  mc_tasks.o
    0x08005cbc   0x08005cbc   0x00000020   Code   RO          723    i.TSK_SafetyTask    mc_tasks.o
    0x08005cdc   0x08005cdc   0x00000098   Code   RO          724    i.TSK_SafetyTask_PWMOFF  mc_tasks.o
    0x08005d74   0x08005d74   0x0000000c   Code   RO          725    i.TSK_SetChargeBootCapDelayM1  mc_tasks.o
    0x08005d80   0x08005d80   0x0000000c   Code   RO          726    i.TSK_SetStopPermanencyTimeM1  mc_tasks.o
    0x08005d8c   0x08005d8c   0x00000014   Code   RO          727    i.TSK_StopPermanencyTimeHasElapsedM1  mc_tasks.o
    0x08005da0   0x08005da0   0x000000da   Code   RO         4632    i.UART_AdvFeatureConfig  stm32f3xx_hal_uart.o
    0x08005e7a   0x08005e7a   0x0000005c   Code   RO         4633    i.UART_CheckIdleState  stm32f3xx_hal_uart.o
    0x08005ed6   0x08005ed6   0x00000002   PAD
    0x08005ed8   0x08005ed8   0x000001ac   Code   RO         4646    i.UART_SetConfig    stm32f3xx_hal_uart.o
    0x08006084   0x08006084   0x000000b4   Code   RO         4649    i.UART_WaitOnFlagUntilTimeout  stm32f3xx_hal_uart.o
    0x08006138   0x08006138   0x00000008   Code   RO         6426    i.UFCP_AbortReceive  usart_frame_communication_protocol.o
    0x08006140   0x08006140   0x00000004   Code   RO         6427    i.UFCP_Init         usart_frame_communication_protocol.o
    0x08006144   0x08006144   0x00000014   Code   RO         6428    i.UFCP_OVR_IRQ_Handler  usart_frame_communication_protocol.o
    0x08006158   0x08006158   0x000000c0   Code   RO         6429    i.UFCP_RX_IRQ_Handler  usart_frame_communication_protocol.o
    0x08006218   0x08006218   0x00000028   Code   RO         6430    i.UFCP_Receive      usart_frame_communication_protocol.o
    0x08006240   0x08006240   0x00000056   Code   RO         6431    i.UFCP_Send         usart_frame_communication_protocol.o
    0x08006296   0x08006296   0x00000064   Code   RO         6433    i.UFCP_TX_IRQ_Handler  usart_frame_communication_protocol.o
    0x080062fa   0x080062fa   0x0000000a   Code   RO         1407    i.UI_DACExec        user_interface.o
    0x08006304   0x08006304   0x0000000a   Code   RO         1408    i.UI_DACInit        user_interface.o
    0x0800630e   0x0800630e   0x00000002   PAD
    0x08006310   0x08006310   0x00000020   Code   RO         1305    i.UI_DACUpdate      ui_task.o
    0x08006330   0x08006330   0x0000006e   Code   RO         1409    i.UI_ExecCmd        user_interface.o
    0x0800639e   0x0800639e   0x00000002   PAD
    0x080063a0   0x080063a0   0x00000030   Code   RO         1410    i.UI_ExecSpeedRamp  user_interface.o
    0x080063d0   0x080063d0   0x00000014   Code   RO         1411    i.UI_ExecTorqueRamp  user_interface.o
    0x080063e4   0x080063e4   0x00000010   Code   RO         1412    i.UI_GetDAC         user_interface.o
    0x080063f4   0x080063f4   0x00000004   Code   RO         1413    i.UI_GetMPInfo      user_interface.o
    0x080063f8   0x080063f8   0x0000059c   Code   RO         1414    i.UI_GetReg         user_interface.o
    0x08006994   0x08006994   0x0000004a   Code   RO         1415    i.UI_GetRevupData   user_interface.o
    0x080069de   0x080069de   0x00000006   Code   RO         1416    i.UI_GetSelectedMC  user_interface.o
    0x080069e4   0x080069e4   0x00000018   Code   RO         1306    i.UI_HandleStartStopButton_cb  ui_task.o
    0x080069fc   0x080069fc   0x00000016   Code   RO         1418    i.UI_Init           user_interface.o
    0x08006a12   0x08006a12   0x00000002   PAD
    0x08006a14   0x08006a14   0x0000002c   Code   RO         1308    i.UI_Scheduler      ui_task.o
    0x08006a40   0x08006a40   0x00000012   Code   RO         1419    i.UI_SelectMC       user_interface.o
    0x08006a52   0x08006a52   0x00000002   PAD
    0x08006a54   0x08006a54   0x0000000c   Code   RO         1311    i.UI_SerialCommunicationTimeOutStart  ui_task.o
    0x08006a60   0x08006a60   0x0000000c   Code   RO         1312    i.UI_SerialCommunicationTimeOutStop  ui_task.o
    0x08006a6c   0x08006a6c   0x0000001a   Code   RO         1420    i.UI_SetCurrentReferences  user_interface.o
    0x08006a86   0x08006a86   0x0000000a   Code   RO         1421    i.UI_SetDAC         user_interface.o
    0x08006a90   0x08006a90   0x00000248   Code   RO         1422    i.UI_SetReg         user_interface.o
    0x08006cd8   0x08006cd8   0x00000038   Code   RO         1423    i.UI_SetRevupData   user_interface.o
    0x08006d10   0x08006d10   0x000000b0   Code   RO         1314    i.UI_TaskInit       ui_task.o
    0x08006dc0   0x08006dc0   0x00000068   Code   RO         1213    i.USART2_IRQHandler  stm32f30x_mc_it.o
    0x08006e28   0x08006e28   0x0000000a   Code   RO         5047    i.VBS_GetAvBusVoltage_V  bus_voltage_sensor.o
    0x08006e32   0x08006e32   0x00000004   Code   RO         5048    i.VBS_GetAvBusVoltage_d  bus_voltage_sensor.o
    0x08006e36   0x08006e36   0x0000009c   Code   RO         6045    i.VSS_CalcAvrgMecSpeedUnit  virtual_speed_sensor.o
    0x08006ed2   0x08006ed2   0x0000009e   Code   RO         6046    i.VSS_CalcElAngle   virtual_speed_sensor.o
    0x08006f70   0x08006f70   0x0000002c   Code   RO         6047    i.VSS_Clear         virtual_speed_sensor.o
    0x08006f9c   0x08006f9c   0x00000008   Code   RO         6049    i.VSS_Init          virtual_speed_sensor.o
    0x08006fa4   0x08006fa4   0x00000008   Code   RO         6052    i.VSS_SetCopyObserver  virtual_speed_sensor.o
    0x08006fac   0x08006fac   0x0000007c   Code   RO         6054    i.VSS_SetMecAcceleration  virtual_speed_sensor.o
    0x08007028   0x08007028   0x0000000e   Code   RO         6055    i.VSS_SetMecAngle   virtual_speed_sensor.o
    0x08007036   0x08007036   0x0000001c   Code   RO         6056    i.VSS_SetStartTransition  virtual_speed_sensor.o
    0x08007052   0x08007052   0x00000006   Code   RO         6057    i.VSS_TransitionEnded  virtual_speed_sensor.o
    0x08007058   0x08007058   0x0000000e   Code   RO         6547    i.__scatterload_copy  mc_w.l(handlers.o)
    0x08007066   0x08007066   0x00000002   Code   RO         6548    i.__scatterload_null  mc_w.l(handlers.o)
    0x08007068   0x08007068   0x0000000e   Code   RO         6549    i.__scatterload_zeroinit  mc_w.l(handlers.o)
    0x08007076   0x08007076   0x00000002   PAD
    0x08007078   0x08007078   0x00000028   Code   RO         5727    i.getScalingFactor  ramp_ext_mngr.o
    0x080070a0   0x080070a0   0x000003a8   Code   RO           15    i.main              main.o
    0x08007448   0x08007448   0x000000d8   Code   RO          728    i.mc_lock_pins      mc_tasks.o
    0x08007520   0x08007520   0x00000060   Code   RO         5637    i.startTimers       pwm_common.o
    0x08007580   0x08007580   0x00000066   Code   RO         5638    i.waitForPolarizationEnd  pwm_common.o
    0x080075e6   0x080075e6   0x00000020   Data   RO          345    .constdata          motorcontrol.o
    0x08007606   0x08007606   0x00000002   PAD
    0x08007608   0x08007608   0x00000002   Data   RO          730    .constdata          mc_tasks.o
    0x0800760a   0x0800760a   0x00000200   Data   RO          922    .constdata          mc_math.o
    0x0800780a   0x0800780a   0x00000002   PAD
    0x0800780c   0x0800780c   0x00000084   Data   RO         1280    .constdata          mc_parameters.o
    0x08007890   0x08007890   0x00000020   Data   RO         2234    .constdata          stm32f3xx_hal_rcc.o
    0x080078b0   0x080078b0   0x00000010   Data   RO         5010    .constdata          system_stm32f3xx.o
    0x080078c0   0x080078c0   0x00000008   Data   RO         5011    .constdata          system_stm32f3xx.o
    0x080078c8   0x080078c8   0x00000012   Data   RO         6164    .constdata          r3_1_f30x_pwm_curr_fdbk.o
    0x080078da   0x080078da   0x00000006   Data   RO         6434    .constdata          usart_frame_communication_protocol.o
    0x080078e0   0x080078e0   0x00000020   Data   RO         6545    Region$$Table       anon$$obj.o


    Execution Region RW_IRAM1 (Exec base: 0x20000000, Load base: 0x08007900, Size: 0x00000e30, Max: 0x00004000, ABSOLUTE, COMPRESSED[0x0000021c])

    Exec Addr    Load Addr    Size         Type   Attr      Idx    E Section Name        Object

    0x20000000   COMPRESSED   0x0000000c   Data   RW          346    .data               motorcontrol.o
    0x2000000c   COMPRESSED   0x00000008   Data   RW          598    .data               motor_control_protocol.o
    0x20000014   COMPRESSED   0x00000114   Data   RW          665    .data               mc_config.o
    0x20000128   COMPRESSED   0x0000002c   Data   RW          667    .data               mc_config.o
    0x20000154   COMPRESSED   0x0000002c   Data   RW          668    .data               mc_config.o
    0x20000180   COMPRESSED   0x0000002c   Data   RW          669    .data               mc_config.o
    0x200001ac   COMPRESSED   0x00000034   Data   RW          670    .data               mc_config.o
    0x200001e0   COMPRESSED   0x00000078   Data   RW          671    .data               mc_config.o
    0x20000258   COMPRESSED   0x00000078   Data   RW          672    .data               mc_config.o
    0x200002d0   COMPRESSED   0x00000038   Data   RW          673    .data               mc_config.o
    0x20000308   COMPRESSED   0x00000128   Data   RW          674    .data               mc_config.o
    0x20000430   COMPRESSED   0x00000014   Data   RW          676    .data               mc_config.o
    0x20000444   COMPRESSED   0x00000028   Data   RW          677    .data               mc_config.o
    0x2000046c   COMPRESSED   0x00000028   Data   RW          678    .data               mc_config.o
    0x20000494   COMPRESSED   0x00000030   Data   RW          679    .data               mc_config.o
    0x200004c4   COMPRESSED   0x0000003c   Data   RW          680    .data               mc_config.o
    0x20000500   COMPRESSED   0x00000018   Data   RW          681    .data               mc_config.o
    0x20000518   COMPRESSED   0x000000b4   Data   RW          682    .data               mc_config.o
    0x200005cc   COMPRESSED   0x0000013c   Data   RW          683    .data               mc_config.o
    0x20000708   COMPRESSED   0x0000003a   Data   RW          731    .data               mc_tasks.o
    0x20000742   COMPRESSED   0x00000004   Data   RW          858    .data               regular_conversion_manager.o
    0x20000746   COMPRESSED   0x00000001   Data   RW         1214    .data               stm32f30x_mc_it.o
    0x20000747   COMPRESSED   0x00000001   PAD
    0x20000748   COMPRESSED   0x00000010   Data   RW         1316    .data               ui_task.o
    0x20000758   COMPRESSED   0x0000000c   Data   RW         2071    .data               stm32f3xx_hal.o
    0x20000764   COMPRESSED   0x00000004   Data   RW         5012    .data               system_stm32f3xx.o
    0x20000768        -       0x00000124   Zero   RW           16    .bss                main.o
    0x2000088c        -       0x0000000c   Zero   RW          664    .bss                mc_config.o
    0x20000898        -       0x00000098   Zero   RW          729    .bss                mc_tasks.o
    0x20000930        -       0x00000030   Zero   RW          857    .bss                regular_conversion_manager.o
    0x20000960        -       0x000000cc   Zero   RW         1315    .bss                ui_task.o
    0x20000a2c   COMPRESSED   0x00000004   PAD
    0x20000a30        -       0x00000400   Zero   RW            1    STACK               startup_stm32f302x8.o

