Archive member included to satisfy reference by file (symbol)

../../../MCSDK_v5.4.3/MotorControl/lib\libmc-gcc_M4_NoCCMRAM.lib(revup_ctrl.o)
                              Application\User\mc_tasks.o (RUC_Init)
../../../MCSDK_v5.4.3/MotorControl/lib\libmc-gcc_M4_NoCCMRAM.lib(sto_pll_speed_pos_fdbk.o)
                              Application\User\mc_tasks.o (STO_PLL_CalcElAngle)
c:/program files (x86)/atollic/truestudio for stm32 9.3.0/armtools/bin/../lib/gcc/arm-atollic-eabi/6.3.1/../../../../arm-atollic-eabi/lib/armv7e-m/fpu\libc_nano.a(lib_a-errno.o)
                              Application\TrueSTUDIO\syscalls.o (__errno)
c:/program files (x86)/atollic/truestudio for stm32 9.3.0/armtools/bin/../lib/gcc/arm-atollic-eabi/6.3.1/../../../../arm-atollic-eabi/lib/armv7e-m/fpu\libc_nano.a(lib_a-impure.o)
                              c:/program files (x86)/atollic/truestudio for stm32 9.3.0/armtools/bin/../lib/gcc/arm-atollic-eabi/6.3.1/../../../../arm-atollic-eabi/lib/armv7e-m/fpu\libc_nano.a(lib_a-errno.o) (_impure_ptr)
c:/program files (x86)/atollic/truestudio for stm32 9.3.0/armtools/bin/../lib/gcc/arm-atollic-eabi/6.3.1/../../../../arm-atollic-eabi/lib/armv7e-m/fpu\libc_nano.a(lib_a-init.o)
                              Application\TrueSTUDIO\startup_stm32f302x8.o (__libc_init_array)
c:/program files (x86)/atollic/truestudio for stm32 9.3.0/armtools/bin/../lib/gcc/arm-atollic-eabi/6.3.1/../../../../arm-atollic-eabi/lib/armv7e-m/fpu\libc_nano.a(lib_a-itoa.o)
                              Application\User\main.o (itoa)
c:/program files (x86)/atollic/truestudio for stm32 9.3.0/armtools/bin/../lib/gcc/arm-atollic-eabi/6.3.1/../../../../arm-atollic-eabi/lib/armv7e-m/fpu\libc_nano.a(lib_a-memset.o)
                              Application\User\main.o (memset)
c:/program files (x86)/atollic/truestudio for stm32 9.3.0/armtools/bin/../lib/gcc/arm-atollic-eabi/6.3.1/../../../../arm-atollic-eabi/lib/armv7e-m/fpu\libc_nano.a(lib_a-utoa.o)
                              c:/program files (x86)/atollic/truestudio for stm32 9.3.0/armtools/bin/../lib/gcc/arm-atollic-eabi/6.3.1/../../../../arm-atollic-eabi/lib/armv7e-m/fpu\libc_nano.a(lib_a-itoa.o) (__utoa)
c:/program files (x86)/atollic/truestudio for stm32 9.3.0/armtools/bin/../lib/gcc/arm-atollic-eabi/6.3.1/armv7e-m/fpu\libgcc.a(_arm_addsubdf3.o)
                              Application\User\main.o (__aeabi_i2d)
c:/program files (x86)/atollic/truestudio for stm32 9.3.0/armtools/bin/../lib/gcc/arm-atollic-eabi/6.3.1/armv7e-m/fpu\libgcc.a(_arm_muldivdf3.o)
                              Application\User\main.o (__aeabi_dmul)
c:/program files (x86)/atollic/truestudio for stm32 9.3.0/armtools/bin/../lib/gcc/arm-atollic-eabi/6.3.1/armv7e-m/fpu\libgcc.a(_arm_truncdfsf2.o)
                              Application\User\main.o (__aeabi_d2f)

Allocating common symbols
Common symbol       size              file

pOCPDisabling       0x4               Application\User\mc_tasks.o
Gx                  0x4               Application\User\main.o
pTemperatureSensor  0x4               Application\User\mc_tasks.o
pwmcHandle          0x4               Application\User\mc_tasks.o
pPIDSpeed           0x4               Application\User\mc_tasks.o
hi2c1               0x4c              Application\User\main.o
pPIDIq              0x4               Application\User\mc_tasks.o
oMCInterface        0x4               Application\User\mc_tasks.o
pR_Brake            0x4               Application\User\mc_tasks.o
FOCVars             0x26              Application\User\mc_tasks.o
MCT                 0x54              Application\User\mc_tasks.o
uwTick              0x4               Drivers\STM32F3xx_HAL_Driver\stm32f3xx_hal.o
pCLM                0x4               Application\User\mc_tasks.o
pFlash              0x20              Drivers\STM32F3xx_HAL_Driver\stm32f3xx_hal_flash.o
RCM_UserConvHandle  0x1               Application\User\regular_conversion_manager.o
pMCI                0x4               Application\User\motorcontrol.o
Ay                  0x4               Application\User\main.o
pBusSensorM1        0x4               Application\User\mc_tasks.o
Mci                 0x1c              Application\User\mc_tasks.o
RCM_CB_array        0x20              Application\User\regular_conversion_manager.o
Gy                  0x4               Application\User\main.o
hadc1               0x50              Application\User\main.o
STM                 0x6               Application\User\mc_tasks.o
RCM_UserConvState   0x1               Application\User\regular_conversion_manager.o
pREMNG              0x4               Application\User\mc_tasks.o
hdac                0x14              Application\User\main.o
buffer              0x10              Application\User\main.o
RCM_handle_array    0x10              Application\User\regular_conversion_manager.o
pMPM                0x4               Application\User\mc_tasks.o
Ax                  0x4               Application\User\main.o
[...]
Memory Configuration

Name             Origin             Length             Attributes
RAM              0x20000000         0x00004000         xrw
FLASH            0x08000000         0x00010000         xr
*default*        0x00000000         0xffffffff

Linker script and memory map

LOAD c:/program files (x86)/atollic/truestudio for stm32 9.3.0/armtools/bin/../lib/gcc/arm-atollic-eabi/6.3.1/armv7e-m/fpu/crti.o
LOAD c:/program files (x86)/atollic/truestudio for stm32 9.3.0/armtools/bin/../lib/gcc/arm-atollic-eabi/6.3.1/armv7e-m/fpu/crtbegin.o
LOAD Application\TrueSTUDIO\startup_stm32f302x8.o
LOAD Application\TrueSTUDIO\syscalls.o
LOAD Application\User\dac_ui.o
LOAD Application\User\main.o
LOAD Application\User\mc_api.o
LOAD Application\User\mc_config.o
LOAD Application\User\mc_interface.o
LOAD Application\User\mc_math.o
LOAD Application\User\mc_parameters.o
LOAD Application\User\mc_tasks.o
LOAD Application\User\motor_control_protocol.o
LOAD Application\User\motorcontrol.o
LOAD Application\User\regular_conversion_manager.o
LOAD Application\User\stm32f30x_mc_it.o
LOAD Application\User\stm32f3xx_hal_msp.o
LOAD Application\User\stm32f3xx_it.o
LOAD Application\User\ui_task.o
LOAD Application\User\user_interface.o
LOAD Drivers\CMSIS\system_stm32f3xx.o
LOAD Drivers\STM32F3xx_HAL_Driver\stm32f3xx_hal.o
LOAD Drivers\STM32F3xx_HAL_Driver\stm32f3xx_hal_adc.o
LOAD Drivers\STM32F3xx_HAL_Driver\stm32f3xx_hal_adc_ex.o
LOAD Drivers\STM32F3xx_HAL_Driver\stm32f3xx_hal_cortex.o
LOAD Drivers\STM32F3xx_HAL_Driver\stm32f3xx_hal_dac.o
LOAD Drivers\STM32F3xx_HAL_Driver\stm32f3xx_hal_dac_ex.o
LOAD Drivers\STM32F3xx_HAL_Driver\stm32f3xx_hal_dma.o
LOAD Drivers\STM32F3xx_HAL_Driver\stm32f3xx_hal_exti.o
LOAD Drivers\STM32F3xx_HAL_Driver\stm32f3xx_hal_flash.o
LOAD Drivers\STM32F3xx_HAL_Driver\stm32f3xx_hal_flash_ex.o
LOAD Drivers\STM32F3xx_HAL_Driver\stm32f3xx_hal_gpio.o
LOAD Drivers\STM32F3xx_HAL_Driver\stm32f3xx_hal_i2c.o
LOAD Drivers\STM32F3xx_HAL_Driver\stm32f3xx_hal_i2c_ex.o
LOAD Drivers\STM32F3xx_HAL_Driver\stm32f3xx_hal_pwr.o
LOAD Drivers\STM32F3xx_HAL_Driver\stm32f3xx_hal_pwr_ex.o
LOAD Drivers\STM32F3xx_HAL_Driver\stm32f3xx_hal_rcc.o
LOAD Drivers\STM32F3xx_HAL_Driver\stm32f3xx_hal_rcc_ex.o
LOAD Drivers\STM32F3xx_HAL_Driver\stm32f3xx_hal_tim.o
LOAD Drivers\STM32F3xx_HAL_Driver\stm32f3xx_hal_tim_ex.o
LOAD Drivers\STM32F3xx_HAL_Driver\stm32f3xx_hal_uart.o
LOAD Drivers\STM32F3xx_HAL_Driver\stm32f3xx_hal_uart_ex.o
LOAD Middlewares\MotorControl\bus_voltage_sensor.o
LOAD Middlewares\MotorControl\circle_limitation.o
LOAD Middlewares\MotorControl\dac_common_ui.o
LOAD Middlewares\MotorControl\digital_output.o
LOAD Middlewares\MotorControl\frame_communication_protocol.o
LOAD Middlewares\MotorControl\motor_power_measurement.o
LOAD Middlewares\MotorControl\ntc_temperature_sensor.o
LOAD Middlewares\MotorControl\open_loop.o
LOAD Middlewares\MotorControl\pid_regulator.o
LOAD Middlewares\MotorControl\pqd_motor_power_measurement.o
LOAD Middlewares\MotorControl\pwm_common.o
LOAD Middlewares\MotorControl\pwm_curr_fdbk.o
LOAD Middlewares\MotorControl\r3_1_f30x_pwm_curr_fdbk.o
LOAD Middlewares\MotorControl\r_divider_bus_voltage_sensor.o
LOAD Middlewares\MotorControl\ramp_ext_mngr.o
LOAD Middlewares\MotorControl\speed_pos_fdbk.o
LOAD Middlewares\MotorControl\speed_torq_ctrl.o
LOAD Middlewares\MotorControl\state_machine.o
LOAD Middlewares\MotorControl\ui_irq_handler.o
LOAD Middlewares\MotorControl\usart_frame_communication_protocol.o
LOAD Middlewares\MotorControl\virtual_speed_sensor.o
LOAD ../../../MCSDK_v5.4.3/MotorControl/lib\libmc-gcc_M4_NoCCMRAM.lib
                0x00000080                malloc_getpagesize_P = 0x80
START GROUP
LOAD c:/program files (x86)/atollic/truestudio for stm32 9.3.0/armtools/bin/../lib/gcc/arm-atollic-eabi/6.3.1/../../../../arm-atollic-eabi/lib/armv7e-m/fpu\libc_nano.a
LOAD c:/program files (x86)/atollic/truestudio for stm32 9.3.0/armtools/bin/../lib/gcc/arm-atollic-eabi/6.3.1/../../../../arm-atollic-eabi/lib/armv7e-m/fpu\libm.a
END GROUP
START GROUP
LOAD c:/program files (x86)/atollic/truestudio for stm32 9.3.0/armtools/bin/../lib/gcc/arm-atollic-eabi/6.3.1/armv7e-m/fpu\libgcc.a
LOAD c:/program files (x86)/atollic/truestudio for stm32 9.3.0/armtools/bin/../lib/gcc/arm-atollic-eabi/6.3.1/../../../../arm-atollic-eabi/lib/armv7e-m/fpu\libc_nano.a
END GROUP
START GROUP
LOAD c:/program files (x86)/atollic/truestudio for stm32 9.3.0/armtools/bin/../lib/gcc/arm-atollic-eabi/6.3.1/armv7e-m/fpu\libgcc.a
LOAD c:/program files (x86)/atollic/truestudio for stm32 9.3.0/armtools/bin/../lib/gcc/arm-atollic-eabi/6.3.1/../../../../arm-atollic-eabi/lib/armv7e-m/fpu\libc_nano.a
LOAD c:/program files (x86)/atollic/truestudio for stm32 9.3.0/armtools/bin/../lib/gcc/arm-atollic-eabi/6.3.1/../../../../arm-atollic-eabi/lib/armv7e-m/fpu\libnosys.a
END GROUP
START GROUP
LOAD c:/program files (x86)/atollic/truestudio for stm32 9.3.0/armtools/bin/../lib/gcc/arm-atollic-eabi/6.3.1/armv7e-m/fpu\libgcc.a
LOAD c:/program files (x86)/atollic/truestudio for stm32 9.3.0/armtools/bin/../lib/gcc/arm-atollic-eabi/6.3.1/../../../../arm-atollic-eabi/lib/armv7e-m/fpu\libc_nano.a
LOAD c:/program files (x86)/atollic/truestudio for stm32 9.3.0/armtools/bin/../lib/gcc/arm-atollic-eabi/6.3.1/../../../../arm-atollic-eabi/lib/armv7e-m/fpu\libnosys.a
END GROUP
LOAD c:/program files (x86)/atollic/truestudio for stm32 9.3.0/armtools/bin/../lib/gcc/arm-atollic-eabi/6.3.1/armv7e-m/fpu/crtend.o
LOAD c:/program files (x86)/atollic/truestudio for stm32 9.3.0/armtools/bin/../lib/gcc/arm-atollic-eabi/6.3.1/armv7e-m/fpu/crtn.o
                0x20004000                _estack = 0x20004000
                0x00000200                _Min_Heap_Size = 0x200
                0x00000400                _Min_Stack_Size = 0x400

.isr_vector     0x08000000      0x188
                0x08000000                . = ALIGN (0x4)
 *(.isr_vector)
 .isr_vector    0x08000000      0x188 Application\TrueSTUDIO\startup_stm32f302x8.o
                0x08000000                g_pfnVectors
                0x08000188                . = ALIGN (0x4)

.text           0x08000188     0x78a0
                0x08000188                . = ALIGN (0x4)
 *(.text)
 .text          0x08000188       0x40 c:/program files (x86)/atollic/truestudio for stm32 9.3.0/armtools/bin/../lib/gcc/arm-atollic-eabi/6.3.1/armv7e-m/fpu/crtbegin.o
 *(.text*)
 .text.Reset_Handler
                0x080001c8       0x50 Application\TrueSTUDIO\startup_stm32f302x8.o
                0x080001c8                Reset_Handler
 .text.Default_Handler
                0x08000218        0x2 Application\TrueSTUDIO\startup_stm32f302x8.o
                0x08000218                RTC_Alarm_IRQHandler
                0x08000218                DebugMon_Handler
                0x08000218                TIM1_CC_IRQHandler
                0x08000218                USB_HP_IRQHandler
                0x08000218                PVD_IRQHandler
                0x08000218                TAMP_STAMP_IRQHandler
                0x08000218                PendSV_Handler
                0x08000218                NMI_Handler
                0x08000218                EXTI3_IRQHandler
                0x08000218                I2C3_ER_IRQHandler
                0x08000218                USB_HP_CAN_TX_IRQHandler
                0x08000218                EXTI0_IRQHandler
                0x08000218                I2C2_EV_IRQHandler
                0x08000218                FPU_IRQHandler
                0x08000218                UsageFault_Handler
                0x08000218                CAN_SCE_IRQHandler
                0x08000218                TIM6_DAC_IRQHandler
                0x08000218                DMA1_Channel4_IRQHandler
                0x08000218                USART3_IRQHandler
                0x08000218                DMA1_Channel7_IRQHandler
                0x08000218                CAN_RX1_IRQHandler
                0x08000218                I2C1_EV_IRQHandler
                0x08000218                DMA1_Channel6_IRQHandler
                0x08000218                RCC_IRQHandler
                0x08000218                DMA1_Channel1_IRQHandler
                0x08000218                Default_Handler
                0x08000218                USBWakeUp_RMP_IRQHandler
                0x08000218                COMP2_IRQHandler
                0x08000218                I2C3_EV_IRQHandler
                0x08000218                EXTI9_5_IRQHandler
                0x08000218                RTC_WKUP_IRQHandler
                0x08000218                SPI2_IRQHandler
                0x08000218                USB_LP_CAN_RX0_IRQHandler
                0x08000218                MemManage_Handler
                0x08000218                SVC_Handler
                0x08000218                DMA1_Channel5_IRQHandler
                0x08000218                USB_LP_IRQHandler
                0x08000218                EXTI4_IRQHandler
                0x08000218                TIM1_TRG_COM_TIM17_IRQHandler
                0x08000218                DMA1_Channel3_IRQHandler
                0x08000218                WWDG_IRQHandler
                0x08000218                TIM2_IRQHandler
                0x08000218                EXTI1_IRQHandler
                0x08000218                COMP4_6_IRQHandler
                0x08000218                I2C2_ER_IRQHandler
                0x08000218                DMA1_Channel2_IRQHandler
                0x08000218                FLASH_IRQHandler
                0x08000218                BusFault_Handler
                0x08000218                USART1_IRQHandler
                0x08000218                SPI3_IRQHandler
                0x08000218                I2C1_ER_IRQHandler
                0x08000218                USBWakeUp_IRQHandler
                0x08000218                EXTI2_TSC_IRQHandler
 *fill*         0x0800021a        0x2 
 .text.DAC_Init
                0x0800021c       0x10 Application\User\dac_ui.o
                0x0800021c                DAC_Init
 .text.DAC_Exec
                0x0800022c       0x4c Application\User\dac_ui.o
                0x0800022c                DAC_Exec
 .text.SystemClock_Config
                0x08000278       0x78 Application\User\main.o
                0x08000278                SystemClock_Config
 .text.startup.main
                0x080002f0      0x3dc Application\User\main.o
                0x080002f0                main
 .text.MC_StartMotor1
                0x080006cc        0xc Application\User\mc_api.o
                0x080006cc                MC_StartMotor1
 .text.MC_StopMotor1
                0x080006d8        0xc Application\User\mc_api.o
                0x080006d8                MC_StopMotor1
 .text.MC_ProgramSpeedRampMotor1
                0x080006e4       0x10 Application\User\mc_api.o
                0x080006e4                MC_ProgramSpeedRampMotor1
 .text.MC_GetSTMStateMotor1
                0x080006f4        0xc Application\User\mc_api.o
                0x080006f4                MC_GetSTMStateMotor1
 .text.MCI_Init
                0x08000700       0x18 Application\User\mc_interface.o
                0x08000700                MCI_Init
 .text.MCI_ExecSpeedRamp
                0x08000718       0x10 Application\User\mc_interface.o
                0x08000718                MCI_ExecSpeedRamp
 .text.MCI_ExecTorqueRamp
                0x08000728       0x18 Application\User\mc_interface.o
                0x08000728                MCI_ExecTorqueRamp
 .text.MCI_SetCurrentReferences
                0x08000740       0x1c Application\User\mc_interface.o
                0x08000740                MCI_SetCurrentReferences
 .text.MCI_StartMotor
                0x0800075c       0x14 Application\User\mc_interface.o
                0x0800075c                MCI_StartMotor
 .text.MCI_StopMotor
                0x08000770        0x8 Application\User\mc_interface.o
                0x08000770                MCI_StopMotor
 .text.MCI_FaultAcknowledged
                0x08000778        0x8 Application\User\mc_interface.o
                0x08000778                MCI_FaultAcknowledged
 .text.MCI_EncoderAlign
                0x08000780        0x8 Application\User\mc_interface.o
                0x08000780                MCI_EncoderAlign
 .text.MCI_ExecBufferedCommands
                0x08000788       0x78 Application\User\mc_interface.o
                0x08000788                MCI_ExecBufferedCommands
 .text.MCI_GetSTMState
                0x08000800        0x8 Application\User\mc_interface.o
                0x08000800                MCI_GetSTMState
 .text.MCI_GetControlMode
                0x08000808        0x4 Application\User\mc_interface.o
                0x08000808                MCI_GetControlMode
 .text.MCI_GetImposedMotorDirection
                0x0800080c       0x44 Application\User\mc_interface.o
                0x0800080c                MCI_GetImposedMotorDirection
 .text.MCI_GetLastRampFinalSpeed
                0x08000850       0x10 Application\User\mc_interface.o
                0x08000850                MCI_GetLastRampFinalSpeed
 .text.MCI_StopRamp
                0x08000860        0x8 Application\User\mc_interface.o
                0x08000860                MCI_StopRamp
 .text.MCI_GetAvrgMecSpeedUnit
                0x08000868       0x10 Application\User\mc_interface.o
                0x08000868                MCI_GetAvrgMecSpeedUnit
 .text.MCI_GetMecSpeedRefUnit
                0x08000878        0x8 Application\User\mc_interface.o
                0x08000878                MCI_GetMecSpeedRefUnit
 .text.MCI_GetIab
                0x08000880       0x10 Application\User\mc_interface.o
                0x08000880                MCI_GetIab
 .text.MCI_GetIalphabeta
                0x08000890       0x10 Application\User\mc_interface.o
                0x08000890                MCI_GetIalphabeta
 .text.MCI_GetIqd
                0x080008a0       0x10 Application\User\mc_interface.o
                0x080008a0                MCI_GetIqd
 .text.MCI_GetIqdref
                0x080008b0       0x10 Application\User\mc_interface.o
                0x080008b0                MCI_GetIqdref
 .text.MCI_GetVqd
                0x080008c0       0x14 Application\User\mc_interface.o
                0x080008c0                MCI_GetVqd
 .text.MCI_GetValphabeta
                0x080008d4       0x14 Application\User\mc_interface.o
                0x080008d4                MCI_GetValphabeta
 .text.MCI_GetTeref
                0x080008e8        0x8 Application\User\mc_interface.o
                0x080008e8                MCI_GetTeref
 .text.MCI_SetIdref
                0x080008f0        0x8 Application\User\mc_interface.o
                0x080008f0                MCI_SetIdref
 .text.MCI_Clear_Iqdref
                0x080008f8       0x18 Application\User\mc_interface.o
                0x080008f8                MCI_Clear_Iqdref
 .text.MCM_Clarke
                0x08000910       0x4c Application\User\mc_math.o
                0x08000910                MCM_Clarke
 .text.MCM_Trig_Functions
                0x0800095c       0x94 Application\User\mc_math.o
                0x0800095c                MCM_Trig_Functions
 .text.MCM_Park
                0x080009f0       0x74 Application\User\mc_math.o
                0x080009f0                MCM_Park
 .text.MCM_Rev_Park
                0x08000a64       0x3c Application\User\mc_math.o
                0x08000a64                MCM_Rev_Park
 .text.FOC_Clear
                0x08000aa0       0x84 Application\User\mc_tasks.o
                0x08000aa0                FOC_Clear
 .text.MCboot   0x08000b24      0x20c Application\User\mc_tasks.o
                0x08000b24                MCboot
 .text.FOC_InitAdditionalMethods
                0x08000d30        0x4 Application\User\mc_tasks.o
                0x08000d30                FOC_InitAdditionalMethods
 .text.FOC_CalcCurrRef
                0x08000d34       0x28 Application\User\mc_tasks.o
                0x08000d34                FOC_CalcCurrRef
 .text.TSK_SetStopPermanencyTimeM1
                0x08000d5c        0xc Application\User\mc_tasks.o
                0x08000d5c                TSK_SetStopPermanencyTimeM1
 .text.TSK_StopPermanencyTimeHasElapsedM1
                0x08000d68       0x14 Application\User\mc_tasks.o
                0x08000d68                TSK_StopPermanencyTimeHasElapsedM1
 .text.TSK_MediumFrequencyTaskM1
                0x08000d7c      0x268 Application\User\mc_tasks.o
                0x08000d7c                TSK_MediumFrequencyTaskM1
 .text.MC_Scheduler
                0x08000fe4       0x5c Application\User\mc_tasks.o
                0x08000fe4                MC_Scheduler
 .text.TSK_HighFrequencyTask
                0x08001040      0x19c Application\User\mc_tasks.o
                0x08001040                TSK_HighFrequencyTask
 .text.TSK_SafetyTask_PWMOFF
                0x080011dc       0x98 Application\User\mc_tasks.o
                0x080011dc                TSK_SafetyTask_PWMOFF
 .text.TSK_SafetyTask
                0x08001274       0x20 Application\User\mc_tasks.o
                0x08001274                TSK_SafetyTask
 .text.MC_RunMotorControlTasks
                0x08001294       0x20 Application\User\mc_tasks.o
                0x08001294                MC_RunMotorControlTasks
 .text.TSK_HardwareFaultTask
                0x080012b4       0x20 Application\User\mc_tasks.o
                0x080012b4                TSK_HardwareFaultTask
 .text.mc_lock_pins
                0x080012d4       0xe4 Application\User\mc_tasks.o
                0x080012d4                mc_lock_pins
 .text.MCP_ReceivedFrame
                0x080013b8      0x6ac Application\User\motor_control_protocol.o
                0x080013b8                MCP_ReceivedFrame
 .text.MCP_WaitNextFrame
                0x08001a64       0x1c Application\User\motor_control_protocol.o
                0x08001a64                MCP_WaitNextFrame
 .text.MCP_Init
                0x08001a80       0x48 Application\User\motor_control_protocol.o
                0x08001a80                MCP_Init
 .text.MCP_OnTimeOut
                0x08001ac8        0x8 Application\User\motor_control_protocol.o
                0x08001ac8                MCP_OnTimeOut
 .text.MCP_SentFrame
                0x08001ad0        0x8 Application\User\motor_control_protocol.o
                0x08001ad0                MCP_SentFrame
 .text.MX_MotorControl_Init
                0x08001ad8       0x4c Application\User\motorcontrol.o
                0x08001ad8                MX_MotorControl_Init
 .text.RCM_RegisterRegConv
                0x08001b24      0x1a4 Application\User\regular_conversion_manager.o
                0x08001b24                RCM_RegisterRegConv
 .text.RCM_ExecRegularConv
                0x08001cc8       0x7c Application\User\regular_conversion_manager.o
                0x08001cc8                RCM_ExecRegularConv
 .text.RCM_ExecUserConv
                0x08001d44       0xb8 Application\User\regular_conversion_manager.o
                0x08001d44                RCM_ExecUserConv
 .text.ADC1_IRQHandler
                0x08001dfc       0x18 Application\User\stm32f30x_mc_it.o
                0x08001dfc                ADC1_IRQHandler
 .text.TIM1_UP_TIM16_IRQHandler
                0x08001e14       0x18 Application\User\stm32f30x_mc_it.o
                0x08001e14                TIM1_UP_TIM16_IRQHandler
 .text.TIM1_BRK_TIM15_IRQHandler
                0x08001e2c       0x3c Application\User\stm32f30x_mc_it.o
                0x08001e2c                TIM1_BRK_TIM15_IRQHandler
 .text.USART2_IRQHandler
                0x08001e68       0x68 Application\User\stm32f30x_mc_it.o
                0x08001e68                USART2_IRQHandler
 .text.HardFault_Handler
                0x08001ed0       0x68 Application\User\stm32f30x_mc_it.o
                0x08001ed0                HardFault_Handler
 .text.SysTick_Handler
                0x08001f38       0x30 Application\User\stm32f30x_mc_it.o
                0x08001f38                SysTick_Handler
 .text.EXTI15_10_IRQHandler
                0x08001f68       0x18 Application\User\stm32f30x_mc_it.o
                0x08001f68                EXTI15_10_IRQHandler
 .text.HAL_MspInit
                0x08001f80       0x3c Application\User\stm32f3xx_hal_msp.o
                0x08001f80                HAL_MspInit
 .text.HAL_ADC_MspInit
                0x08001fbc       0x84 Application\User\stm32f3xx_hal_msp.o
                0x08001fbc                HAL_ADC_MspInit
 .text.HAL_DAC_MspInit
                0x08002040       0x64 Application\User\stm32f3xx_hal_msp.o
                0x08002040                HAL_DAC_MspInit
 .text.HAL_I2C_MspInit
                0x080020a4       0xa4 Application\User\stm32f3xx_hal_msp.o
                0x080020a4                HAL_I2C_MspInit
 .text.HAL_TIM_Base_MspInit
                0x08002148       0x6c Application\User\stm32f3xx_hal_msp.o
                0x08002148                HAL_TIM_Base_MspInit
 .text.HAL_TIM_MspPostInit
                0x080021b4       0x5c Application\User\stm32f3xx_hal_msp.o
                0x080021b4                HAL_TIM_MspPostInit
 .text.HAL_UART_MspInit
                0x08002210       0x68 Application\User\stm32f3xx_hal_msp.o
                0x08002210                HAL_UART_MspInit
 .text.UI_TaskInit
                0x08002278       0xe0 Application\User\ui_task.o
                0x08002278                UI_TaskInit
 .text.UI_Scheduler
                0x08002358       0x44 Application\User\ui_task.o
                0x08002358                UI_Scheduler
 .text.UI_DACUpdate
                0x0800239c       0x20 Application\User\ui_task.o
                0x0800239c                UI_DACUpdate
 .text.UI_SerialCommunicationTimeOutStop
                0x080023bc        0xc Application\User\ui_task.o
                0x080023bc                UI_SerialCommunicationTimeOutStop
 .text.UI_SerialCommunicationTimeOutStart
                0x080023c8        0xc Application\User\ui_task.o
                0x080023c8                UI_SerialCommunicationTimeOutStart
 .text.UI_HandleStartStopButton_cb
                0x080023d4       0x18 Application\User\ui_task.o
                0x080023d4                UI_HandleStartStopButton_cb
 .text.UI_Init  0x080023ec       0x18 Application\User\user_interface.o
                0x080023ec                UI_Init
 .text.UI_SelectMC
                0x08002404       0x10 Application\User\user_interface.o
                0x08002404                UI_SelectMC
 .text.UI_GetSelectedMC
                0x08002414        0x8 Application\User\user_interface.o
                0x08002414                UI_GetSelectedMC
 .text.UI_SetReg
                0x0800241c      0x2d0 Application\User\user_interface.o
                0x0800241c                UI_SetReg
 .text.UI_ExecCmd
                0x080026ec       0x7c Application\User\user_interface.o
                0x080026ec                UI_ExecCmd
 .text.UI_ExecSpeedRamp
                0x08002768       0x24 Application\User\user_interface.o
                0x08002768                UI_ExecSpeedRamp
 .text.UI_ExecTorqueRamp
                0x0800278c       0x14 Application\User\user_interface.o
                0x0800278c                UI_ExecTorqueRamp
 .text.UI_GetRevupData
                0x080027a0       0x3c Application\User\user_interface.o
                0x080027a0                UI_GetRevupData
 .text.UI_SetRevupData
                0x080027dc       0x34 Application\User\user_interface.o
                0x080027dc                UI_SetRevupData
 .text.UI_SetCurrentReferences
                0x08002810       0x24 Application\User\user_interface.o
                0x08002810                UI_SetCurrentReferences
 .text.UI_GetMPInfo
                0x08002834        0x4 Application\User\user_interface.o
                0x08002834                UI_GetMPInfo
 .text.UI_DACInit
                0x08002838        0x8 Application\User\user_interface.o
                0x08002838                UI_DACInit
 .text.UI_DACExec
                0x08002840        0x8 Application\User\user_interface.o
                0x08002840                UI_DACExec
 .text.UI_SetDAC
                0x08002848        0x8 Application\User\user_interface.o
                0x08002848                UI_SetDAC
 .text.UI_GetDAC
                0x08002850        0xc Application\User\user_interface.o
                0x08002850                UI_GetDAC
 .text.UI_GetReg
                0x0800285c      0x74c Application\User\user_interface.o
                0x0800285c                UI_GetReg
 .text.SystemInit
                0x08002fa8       0x1c Drivers\CMSIS\system_stm32f3xx.o
                0x08002fa8                SystemInit
 .text.HAL_InitTick
                0x08002fc4       0x48 Drivers\STM32F3xx_HAL_Driver\stm32f3xx_hal.o
                0x08002fc4                HAL_InitTick
 .text.HAL_Init
                0x0800300c       0x24 Drivers\STM32F3xx_HAL_Driver\stm32f3xx_hal.o
                0x0800300c                HAL_Init
 .text.HAL_IncTick
                0x08003030       0x18 Drivers\STM32F3xx_HAL_Driver\stm32f3xx_hal.o
                0x08003030                HAL_IncTick
 .text.HAL_GetTick
                0x08003048        0xc Drivers\STM32F3xx_HAL_Driver\stm32f3xx_hal.o
                0x08003048                HAL_GetTick
 .text.HAL_Delay
                0x08003054       0x24 Drivers\STM32F3xx_HAL_Driver\stm32f3xx_hal.o
                0x08003054                HAL_Delay
 .text.HAL_ADC_Init
                0x08003078      0x23c Drivers\STM32F3xx_HAL_Driver\stm32f3xx_hal_adc_ex.o
                0x08003078                HAL_ADC_Init
 .text.HAL_ADC_ConfigChannel
                0x080032b4      0x318 Drivers\STM32F3xx_HAL_Driver\stm32f3xx_hal_adc_ex.o
                0x080032b4                HAL_ADC_ConfigChannel
 .text.HAL_ADCEx_InjectedConfigChannel
                0x080035cc      0x3d4 Drivers\STM32F3xx_HAL_Driver\stm32f3xx_hal_adc_ex.o
                0x080035cc                HAL_ADCEx_InjectedConfigChannel
 .text.HAL_NVIC_SetPriorityGrouping
                0x080039a0       0x24 Drivers\STM32F3xx_HAL_Driver\stm32f3xx_hal_cortex.o
                0x080039a0                HAL_NVIC_SetPriorityGrouping
 .text.HAL_NVIC_SetPriority
                0x080039c4       0x6c Drivers\STM32F3xx_HAL_Driver\stm32f3xx_hal_cortex.o
                0x080039c4                HAL_NVIC_SetPriority
 .text.HAL_NVIC_EnableIRQ
                0x08003a30       0x1c Drivers\STM32F3xx_HAL_Driver\stm32f3xx_hal_cortex.o
                0x08003a30                HAL_NVIC_EnableIRQ
 .text.HAL_SYSTICK_Config
                0x08003a4c       0x34 Drivers\STM32F3xx_HAL_Driver\stm32f3xx_hal_cortex.o
                0x08003a4c                HAL_SYSTICK_Config
 .text.HAL_SYSTICK_Callback
                0x08003a80        0x4 Drivers\STM32F3xx_HAL_Driver\stm32f3xx_hal_cortex.o
                0x08003a80                HAL_SYSTICK_Callback
 .text.HAL_SYSTICK_IRQHandler
                0x08003a84        0x8 Drivers\STM32F3xx_HAL_Driver\stm32f3xx_hal_cortex.o
                0x08003a84                HAL_SYSTICK_IRQHandler
 .text.HAL_DAC_Init
                0x08003a8c       0x2c Drivers\STM32F3xx_HAL_Driver\stm32f3xx_hal_dac.o
                0x08003a8c                HAL_DAC_Init
 .text.HAL_DAC_ConfigChannel
                0x08003ab8       0x48 Drivers\STM32F3xx_HAL_Driver\stm32f3xx_hal_dac_ex.o
                0x08003ab8                HAL_DAC_ConfigChannel
 .text.HAL_GPIO_Init
                0x08003b00      0x1d4 Drivers\STM32F3xx_HAL_Driver\stm32f3xx_hal_gpio.o
                0x08003b00                HAL_GPIO_Init
 .text.HAL_GPIO_WritePin
                0x08003cd4        0xc Drivers\STM32F3xx_HAL_Driver\stm32f3xx_hal_gpio.o
                0x08003cd4                HAL_GPIO_WritePin
 .text.HAL_I2C_Init
                0x08003ce0       0xac Drivers\STM32F3xx_HAL_Driver\stm32f3xx_hal_i2c.o
                0x08003ce0                HAL_I2C_Init
 .text.HAL_I2CEx_ConfigAnalogFilter
                0x08003d8c       0x54 Drivers\STM32F3xx_HAL_Driver\stm32f3xx_hal_i2c_ex.o
                0x08003d8c                HAL_I2CEx_ConfigAnalogFilter
 .text.HAL_I2CEx_ConfigDigitalFilter
                0x08003de0       0x50 Drivers\STM32F3xx_HAL_Driver\stm32f3xx_hal_i2c_ex.o
                0x08003de0                HAL_I2CEx_ConfigDigitalFilter
 .text.HAL_RCC_OscConfig
                0x08003e30      0x5cc Drivers\STM32F3xx_HAL_Driver\stm32f3xx_hal_rcc.o
                0x08003e30                HAL_RCC_OscConfig
 .text.HAL_RCC_ClockConfig
                0x080043fc      0x1c0 Drivers\STM32F3xx_HAL_Driver\stm32f3xx_hal_rcc.o
                0x080043fc                HAL_RCC_ClockConfig
 .text.HAL_RCC_GetSysClockFreq
                0x080045bc       0x68 Drivers\STM32F3xx_HAL_Driver\stm32f3xx_hal_rcc.o
                0x080045bc                HAL_RCC_GetSysClockFreq
 .text.HAL_RCC_GetHCLKFreq
                0x08004624        0xc Drivers\STM32F3xx_HAL_Driver\stm32f3xx_hal_rcc.o
                0x08004624                HAL_RCC_GetHCLKFreq
 .text.HAL_RCC_GetPCLK1Freq
                0x08004630       0x30 Drivers\STM32F3xx_HAL_Driver\stm32f3xx_hal_rcc.o
                0x08004630                HAL_RCC_GetPCLK1Freq
 .text.HAL_RCC_GetPCLK2Freq
                0x08004660       0x30 Drivers\STM32F3xx_HAL_Driver\stm32f3xx_hal_rcc.o
                0x08004660                HAL_RCC_GetPCLK2Freq
 .text.HAL_RCCEx_PeriphCLKConfig
                0x08004690      0x200 Drivers\STM32F3xx_HAL_Driver\stm32f3xx_hal_rcc_ex.o
                0x08004690                HAL_RCCEx_PeriphCLKConfig
 .text.HAL_TIM_Base_Init
                0x08004890       0xc4 Drivers\STM32F3xx_HAL_Driver\stm32f3xx_hal_tim.o
                0x08004890                HAL_TIM_Base_Init
 .text.HAL_TIM_PWM_MspInit
                0x08004954        0x4 Drivers\STM32F3xx_HAL_Driver\stm32f3xx_hal_tim.o
                0x08004954                HAL_TIM_PWM_MspInit
 .text.HAL_TIM_PWM_Init
                0x08004958       0xc4 Drivers\STM32F3xx_HAL_Driver\stm32f3xx_hal_tim.o
                0x08004958                HAL_TIM_PWM_Init
 .text.HAL_TIM_PWM_ConfigChannel
                0x08004a1c      0x388 Drivers\STM32F3xx_HAL_Driver\stm32f3xx_hal_tim.o
                0x08004a1c                HAL_TIM_PWM_ConfigChannel
 .text.HAL_TIM_SlaveConfigSynchro
                0x08004da4       0xf8 Drivers\STM32F3xx_HAL_Driver\stm32f3xx_hal_tim.o
                0x08004da4                HAL_TIM_SlaveConfigSynchro
 .text.HAL_TIMEx_MasterConfigSynchronization
                0x08004e9c       0x74 Drivers\STM32F3xx_HAL_Driver\stm32f3xx_hal_tim_ex.o
                0x08004e9c                HAL_TIMEx_MasterConfigSynchronization
 .text.HAL_TIMEx_ConfigBreakDeadTime
                0x08004f10       0x80 Drivers\STM32F3xx_HAL_Driver\stm32f3xx_hal_tim_ex.o
                0x08004f10                HAL_TIMEx_ConfigBreakDeadTime
 .text.UART_AdvFeatureConfig
                0x08004f90       0xb0 Drivers\STM32F3xx_HAL_Driver\stm32f3xx_hal_uart.o
                0x08004f90                UART_AdvFeatureConfig
 .text.UART_CheckIdleState
                0x08005040       0xb4 Drivers\STM32F3xx_HAL_Driver\stm32f3xx_hal_uart.o
                0x08005040                UART_CheckIdleState
 .text.HAL_UART_Init
                0x080050f4      0x208 Drivers\STM32F3xx_HAL_Driver\stm32f3xx_hal_uart.o
                0x080050f4                HAL_UART_Init
 .text.VBS_GetAvBusVoltage_d
                0x080052fc        0x4 Middlewares\MotorControl\bus_voltage_sensor.o
                0x080052fc                VBS_GetAvBusVoltage_d
 .text.VBS_GetAvBusVoltage_V
                0x08005300        0xc Middlewares\MotorControl\bus_voltage_sensor.o
                0x08005300                VBS_GetAvBusVoltage_V
 .text.Circle_Limitation
                0x0800530c       0x64 Middlewares\MotorControl\circle_limitation.o
                0x0800530c                Circle_Limitation
 .text.DAC_SetChannelConfig
                0x08005370        0x8 Middlewares\MotorControl\dac_common_ui.o
                0x08005370                DAC_SetChannelConfig
 .text.DAC_GetChannelConfig
                0x08005378        0x8 Middlewares\MotorControl\dac_common_ui.o
                0x08005378                DAC_GetChannelConfig
 .text.DAC_SetUserChannelValue
                0x08005380        0x8 Middlewares\MotorControl\dac_common_ui.o
                0x08005380                DAC_SetUserChannelValue
 .text.DAC_GetUserChannelValue
                0x08005388        0xc Middlewares\MotorControl\dac_common_ui.o
                0x08005388                DAC_GetUserChannelValue
 .text.FCP_Init
                0x08005394       0x2c Middlewares\MotorControl\frame_communication_protocol.o
                0x08005394                FCP_Init
 .text.FCP_SetClient
                0x080053c0        0xc Middlewares\MotorControl\frame_communication_protocol.o
                0x080053c0                FCP_SetClient
 .text.FCP_CalcCRC
                0x080053cc       0x30 Middlewares\MotorControl\frame_communication_protocol.o
                0x080053cc                FCP_CalcCRC
 .text.MPM_Clear
                0x080053fc       0x18 Middlewares\MotorControl\motor_power_measurement.o
                0x080053fc                MPM_Clear
 .text.MPM_CalcElMotorPower
                0x08005414       0x40 Middlewares\MotorControl\motor_power_measurement.o
                0x08005414                MPM_CalcElMotorPower
 .text.MPM_GetAvrgElMotorPowerW
                0x08005454        0x8 Middlewares\MotorControl\motor_power_measurement.o
                0x08005454                MPM_GetAvrgElMotorPowerW
 .text.NTC_SetFaultState
                0x0800545c       0x1c Middlewares\MotorControl\ntc_temperature_sensor.o
                0x0800545c                NTC_SetFaultState
 .text.NTC_Clear
                0x08005478        0x8 Middlewares\MotorControl\ntc_temperature_sensor.o
                0x08005478                NTC_Clear
 .text.NTC_Init
                0x08005480       0x24 Middlewares\MotorControl\ntc_temperature_sensor.o
                0x08005480                NTC_Init
 .text.NTC_CalcAvTemp
                0x080054a4       0x3c Middlewares\MotorControl\ntc_temperature_sensor.o
                0x080054a4                NTC_CalcAvTemp
 .text.NTC_GetAvTemp_C
                0x080054e0       0x2c Middlewares\MotorControl\ntc_temperature_sensor.o
                0x080054e0                NTC_GetAvTemp_C
 .text.PID_HandleInit
                0x0800550c       0x10 Middlewares\MotorControl\pid_regulator.o
                0x0800550c                PID_HandleInit
 .text.PID_SetKP
                0x0800551c        0x4 Middlewares\MotorControl\pid_regulator.o
                0x0800551c                PID_SetKP
 .text.PID_SetKI
                0x08005520        0x4 Middlewares\MotorControl\pid_regulator.o
                0x08005520                PID_SetKI
 .text.PID_GetKP
                0x08005524        0x8 Middlewares\MotorControl\pid_regulator.o
                0x08005524                PID_GetKP
 .text.PID_GetKI
                0x0800552c        0x8 Middlewares\MotorControl\pid_regulator.o
                0x0800552c                PID_GetKI
 .text.PID_SetIntegralTerm
                0x08005534        0x4 Middlewares\MotorControl\pid_regulator.o
                0x08005534                PID_SetIntegralTerm
 .text.PID_GetKPDivisor
                0x08005538        0x4 Middlewares\MotorControl\pid_regulator.o
                0x08005538                PID_GetKPDivisor
 .text.PID_GetKIDivisor
                0x0800553c        0x4 Middlewares\MotorControl\pid_regulator.o
                0x0800553c                PID_GetKIDivisor
 .text.PID_SetKD
                0x08005540        0x4 Middlewares\MotorControl\pid_regulator.o
                0x08005540                PID_SetKD
 .text.PID_GetKD
                0x08005544        0x8 Middlewares\MotorControl\pid_regulator.o
                0x08005544                PID_GetKD
 .text.PI_Controller
                0x0800554c       0x84 Middlewares\MotorControl\pid_regulator.o
                0x0800554c                PI_Controller
 .text.PQD_CalcElMotorPower
                0x080055d0       0x6c Middlewares\MotorControl\pqd_motor_power_measurement.o
                0x080055d0                PQD_CalcElMotorPower
 .text.startTimers
                0x0800563c       0x64 Middlewares\MotorControl\pwm_common.o
                0x0800563c                startTimers
 .text.waitForPolarizationEnd
                0x080056a0       0x48 Middlewares\MotorControl\pwm_common.o
                0x080056a0                waitForPolarizationEnd
 .text.PWMC_GetPhaseCurrents
                0x080056e8        0x4 Middlewares\MotorControl\pwm_curr_fdbk.o
                0x080056e8                PWMC_GetPhaseCurrents
 .text.PWMC_SetPhaseVoltage
                0x080056ec      0x238 Middlewares\MotorControl\pwm_curr_fdbk.o
                0x080056ec                PWMC_SetPhaseVoltage
 .text.PWMC_SwitchOffPWM
                0x08005924        0x4 Middlewares\MotorControl\pwm_curr_fdbk.o
                0x08005924                PWMC_SwitchOffPWM
 .text.PWMC_SwitchOnPWM
                0x08005928        0x4 Middlewares\MotorControl\pwm_curr_fdbk.o
                0x08005928                PWMC_SwitchOnPWM
 .text.PWMC_CurrentReadingCalibr
                0x0800592c       0x50 Middlewares\MotorControl\pwm_curr_fdbk.o
                0x0800592c                PWMC_CurrentReadingCalibr
 .text.PWMC_TurnOnLowSides
                0x0800597c        0x4 Middlewares\MotorControl\pwm_curr_fdbk.o
                0x0800597c                PWMC_TurnOnLowSides
 .text.PWMC_CheckOverCurrent
                0x08005980        0x4 Middlewares\MotorControl\pwm_curr_fdbk.o
                0x08005980                PWMC_CheckOverCurrent
 .text.R3_1_GetPhaseCurrents
                0x08005984      0x188 Middlewares\MotorControl\r3_1_f30x_pwm_curr_fdbk.o
                0x08005984                R3_1_GetPhaseCurrents
 .text.R3_1_SetADCSampPointPolarization
                0x08005b0c       0x34 Middlewares\MotorControl\r3_1_f30x_pwm_curr_fdbk.o
                0x08005b0c                R3_1_SetADCSampPointPolarization
 .text.R3_1_SetADCSampPointSectX
                0x08005b40       0x70 Middlewares\MotorControl\r3_1_f30x_pwm_curr_fdbk.o
                0x08005b40                R3_1_SetADCSampPointSectX
 .text.R3_1_HFCurrentsPolarizationAB
                0x08005bb0       0x40 Middlewares\MotorControl\r3_1_f30x_pwm_curr_fdbk.o
 .text.R3_1_HFCurrentsPolarizationC
                0x08005bf0       0x38 Middlewares\MotorControl\r3_1_f30x_pwm_curr_fdbk.o
 .text.R3_1_TurnOnLowSides
                0x08005c28       0x4c Middlewares\MotorControl\r3_1_f30x_pwm_curr_fdbk.o
                0x08005c28                R3_1_TurnOnLowSides
 .text.R3_1_SwitchOnPWM
                0x08005c74       0x84 Middlewares\MotorControl\r3_1_f30x_pwm_curr_fdbk.o
                0x08005c74                R3_1_SwitchOnPWM
 .text.R3_1_SwitchOffPWM
                0x08005cf8       0x5c Middlewares\MotorControl\r3_1_f30x_pwm_curr_fdbk.o
                0x08005cf8                R3_1_SwitchOffPWM
 .text.R3_1_RLGetPhaseCurrents
                0x08005d54       0x54 Middlewares\MotorControl\r3_1_f30x_pwm_curr_fdbk.o
 .text.R3_1_RLTurnOnLowSides
                0x08005da8       0x48 Middlewares\MotorControl\r3_1_f30x_pwm_curr_fdbk.o
 .text.R3_1_RLSwitchOnPWM
                0x08005df0       0xa8 Middlewares\MotorControl\r3_1_f30x_pwm_curr_fdbk.o
 .text.R3_1_Init
                0x08005e98      0x2f8 Middlewares\MotorControl\r3_1_f30x_pwm_curr_fdbk.o
                0x08005e98                R3_1_Init
 .text.R3_1_CurrentReadingPolarization
                0x08006190      0x128 Middlewares\MotorControl\r3_1_f30x_pwm_curr_fdbk.o
                0x08006190                R3_1_CurrentReadingPolarization
 .text.R3_1_TIMx_UP_IRQHandler
                0x080062b8       0x34 Middlewares\MotorControl\r3_1_f30x_pwm_curr_fdbk.o
                0x080062b8                R3_1_TIMx_UP_IRQHandler
 .text.R3_1_BRK2_IRQHandler
                0x080062ec       0x40 Middlewares\MotorControl\r3_1_f30x_pwm_curr_fdbk.o
                0x080062ec                R3_1_BRK2_IRQHandler
 .text.R3_1_BRK_IRQHandler
                0x0800632c       0x20 Middlewares\MotorControl\r3_1_f30x_pwm_curr_fdbk.o
                0x0800632c                R3_1_BRK_IRQHandler
 .text.R3_1_IsOverCurrentOccurred
                0x0800634c       0x28 Middlewares\MotorControl\r3_1_f30x_pwm_curr_fdbk.o
                0x0800634c                R3_1_IsOverCurrentOccurred
 .text.R3_1_RLDetectionModeEnable
                0x08006374       0xcc Middlewares\MotorControl\r3_1_f30x_pwm_curr_fdbk.o
                0x08006374                R3_1_RLDetectionModeEnable
 .text.R3_1_RLDetectionModeDisable
                0x08006440      0x144 Middlewares\MotorControl\r3_1_f30x_pwm_curr_fdbk.o
                0x08006440                R3_1_RLDetectionModeDisable
 .text.R3_1_RLDetectionModeSetDuty
                0x08006584       0x3c Middlewares\MotorControl\r3_1_f30x_pwm_curr_fdbk.o
                0x08006584                R3_1_RLDetectionModeSetDuty
 .text.RVBS_Clear
                0x080065c0       0x34 Middlewares\MotorControl\r_divider_bus_voltage_sensor.o
                0x080065c0                RVBS_Clear
 .text.RVBS_Init
                0x080065f4       0x18 Middlewares\MotorControl\r_divider_bus_voltage_sensor.o
                0x080065f4                RVBS_Init
 .text.RVBS_CheckFaultState
                0x0800660c       0x18 Middlewares\MotorControl\r_divider_bus_voltage_sensor.o
                0x0800660c                RVBS_CheckFaultState
 .text.RVBS_CalcAvVbusFilt
                0x08006624       0xc4 Middlewares\MotorControl\r_divider_bus_voltage_sensor.o
                0x08006624                RVBS_CalcAvVbusFilt
 .text.REMNG_Init
                0x080066e8       0x10 Middlewares\MotorControl\ramp_ext_mngr.o
                0x080066e8                REMNG_Init
 .text.REMNG_Calc
                0x080066f8       0x38 Middlewares\MotorControl\ramp_ext_mngr.o
                0x080066f8                REMNG_Calc
 .text.REMNG_RampCompleted
                0x08006730        0xc Middlewares\MotorControl\ramp_ext_mngr.o
                0x08006730                REMNG_RampCompleted
 .text.getScalingFactor
                0x0800673c       0x2c Middlewares\MotorControl\ramp_ext_mngr.o
                0x0800673c                getScalingFactor
 .text.REMNG_ExecRamp
                0x08006768       0x8c Middlewares\MotorControl\ramp_ext_mngr.o
                0x08006768                REMNG_ExecRamp
 .text.SPD_GetElAngle
                0x080067f4        0x8 Middlewares\MotorControl\speed_pos_fdbk.o
                0x080067f4                SPD_GetElAngle
 .text.SPD_GetAvrgMecSpeedUnit
                0x080067fc        0x8 Middlewares\MotorControl\speed_pos_fdbk.o
                0x080067fc                SPD_GetAvrgMecSpeedUnit
 .text.SPD_GetInstElSpeedDpp
                0x08006804        0x8 Middlewares\MotorControl\speed_pos_fdbk.o
                0x08006804                SPD_GetInstElSpeedDpp
 .text.SPD_IsMecSpeedReliable
                0x0800680c       0x58 Middlewares\MotorControl\speed_pos_fdbk.o
                0x0800680c                SPD_IsMecSpeedReliable
 .text.SPD_GetS16Speed
                0x08006864       0x14 Middlewares\MotorControl\speed_pos_fdbk.o
                0x08006864                SPD_GetS16Speed
 .text.STC_Init
                0x08006878       0x28 Middlewares\MotorControl\speed_torq_ctrl.o
                0x08006878                STC_Init
 .text.STC_SetSpeedSensor
                0x080068a0        0x4 Middlewares\MotorControl\speed_torq_ctrl.o
                0x080068a0                STC_SetSpeedSensor
 .text.STC_GetSpeedSensor
                0x080068a4        0x4 Middlewares\MotorControl\speed_torq_ctrl.o
                0x080068a4                STC_GetSpeedSensor
 .text.STC_Clear
                0x080068a8       0x10 Middlewares\MotorControl\speed_torq_ctrl.o
                0x080068a8                STC_Clear
 .text.STC_GetMecSpeedRefUnit
                0x080068b8       0x10 Middlewares\MotorControl\speed_torq_ctrl.o
                0x080068b8                STC_GetMecSpeedRefUnit
 .text.STC_GetTorqueRef
                0x080068c8       0x10 Middlewares\MotorControl\speed_torq_ctrl.o
                0x080068c8                STC_GetTorqueRef
 .text.STC_SetControlMode
                0x080068d8        0x8 Middlewares\MotorControl\speed_torq_ctrl.o
                0x080068d8                STC_SetControlMode
 .text.STC_ExecRamp
                0x080068e0       0x94 Middlewares\MotorControl\speed_torq_ctrl.o
                0x080068e0                STC_ExecRamp
 .text.STC_StopRamp
                0x08006974        0x8 Middlewares\MotorControl\speed_torq_ctrl.o
                0x08006974                STC_StopRamp
 .text.STC_CalcTorqueReference
                0x0800697c       0x68 Middlewares\MotorControl\speed_torq_ctrl.o
                0x0800697c                STC_CalcTorqueReference
 .text.STC_GetMecSpeedRefUnitDefault
                0x080069e4        0x8 Middlewares\MotorControl\speed_torq_ctrl.o
                0x080069e4                STC_GetMecSpeedRefUnitDefault
 .text.STC_GetMaxAppPositiveMecSpeedUnit
                0x080069ec        0x4 Middlewares\MotorControl\speed_torq_ctrl.o
                0x080069ec                STC_GetMaxAppPositiveMecSpeedUnit
 .text.STC_GetMinAppNegativeMecSpeedUnit
                0x080069f0        0x8 Middlewares\MotorControl\speed_torq_ctrl.o
                0x080069f0                STC_GetMinAppNegativeMecSpeedUnit
 .text.STC_GetDefaultIqdref
                0x080069f8       0x18 Middlewares\MotorControl\speed_torq_ctrl.o
                0x080069f8                STC_GetDefaultIqdref
 .text.STC_ForceSpeedReferenceToCurrentSpeed
                0x08006a10       0x10 Middlewares\MotorControl\speed_torq_ctrl.o
                0x08006a10                STC_ForceSpeedReferenceToCurrentSpeed
 .text.STM_Init
                0x08006a20        0xc Middlewares\MotorControl\state_machine.o
                0x08006a20                STM_Init
 .text.STM_FaultProcessing
                0x08006a2c       0x34 Middlewares\MotorControl\state_machine.o
                0x08006a2c                STM_FaultProcessing
 .text.STM_NextState
                0x08006a60       0xec Middlewares\MotorControl\state_machine.o
                0x08006a60                STM_NextState
 .text.STM_GetState
                0x08006b4c        0x4 Middlewares\MotorControl\state_machine.o
                0x08006b4c                STM_GetState
 .text.STM_FaultAcknowledged
                0x08006b50       0x18 Middlewares\MotorControl\state_machine.o
                0x08006b50                STM_FaultAcknowledged
 .text.STM_GetFaultState
                0x08006b68        0xc Middlewares\MotorControl\state_machine.o
                0x08006b68                STM_GetFaultState
 .text.UFCP_Init
                0x08006b74        0x4 Middlewares\MotorControl\usart_frame_communication_protocol.o
                0x08006b74                UFCP_Init
 .text.UFCP_TX_IRQ_Handler
                0x08006b78       0x64 Middlewares\MotorControl\usart_frame_communication_protocol.o
                0x08006b78                UFCP_TX_IRQ_Handler
 .text.UFCP_Receive
                0x08006bdc       0x24 Middlewares\MotorControl\usart_frame_communication_protocol.o
                0x08006bdc                UFCP_Receive
 .text.UFCP_Send
                0x08006c00      0x11c Middlewares\MotorControl\usart_frame_communication_protocol.o
                0x08006c00                UFCP_Send
 .text.UFCP_RX_IRQ_Handler
                0x08006d1c       0xc4 Middlewares\MotorControl\usart_frame_communication_protocol.o
                0x08006d1c                UFCP_RX_IRQ_Handler
 .text.UFCP_OVR_IRQ_Handler
                0x08006de0       0x1c Middlewares\MotorControl\usart_frame_communication_protocol.o
                0x08006de0                UFCP_OVR_IRQ_Handler
 .text.UFCP_AbortReceive
                0x08006dfc        0x8 Middlewares\MotorControl\usart_frame_communication_protocol.o
                0x08006dfc                UFCP_AbortReceive
 .text.VSS_Clear
                0x08006e04       0x28 Middlewares\MotorControl\virtual_speed_sensor.o
                0x08006e04                VSS_Clear
 .text.VSS_Init
                0x08006e2c        0x8 Middlewares\MotorControl\virtual_speed_sensor.o
                0x08006e2c                VSS_Init
 .text.VSS_CalcElAngle
                0x08006e34       0x9c Middlewares\MotorControl\virtual_speed_sensor.o
                0x08006e34                VSS_CalcElAngle
 .text.VSS_CalcAvrgMecSpeedUnit
                0x08006ed0       0x90 Middlewares\MotorControl\virtual_speed_sensor.o
                0x08006ed0                VSS_CalcAvrgMecSpeedUnit
 .text.VSS_SetMecAngle
                0x08006f60       0x10 Middlewares\MotorControl\virtual_speed_sensor.o
                0x08006f60                VSS_SetMecAngle
 .text.VSS_SetMecAcceleration
                0x08006f70       0x80 Middlewares\MotorControl\virtual_speed_sensor.o
                0x08006f70                VSS_SetMecAcceleration
 .text.VSS_SetStartTransition
                0x08006ff0       0x1c Middlewares\MotorControl\virtual_speed_sensor.o
                0x08006ff0                VSS_SetStartTransition
 .text.VSS_TransitionEnded
                0x0800700c        0x8 Middlewares\MotorControl\virtual_speed_sensor.o
                0x0800700c                VSS_TransitionEnded
 .text.VSS_SetCopyObserver
                0x08007014        0x8 Middlewares\MotorControl\virtual_speed_sensor.o
                0x08007014                VSS_SetCopyObserver
 .text.RUC_Init
                0x0800701c       0x7c ../../../MCSDK_v5.4.3/MotorControl/lib\libmc-gcc_M4_NoCCMRAM.lib(revup_ctrl.o)
                0x0800701c                RUC_Init
 .text.RUC_Clear
                0x08007098       0x90 ../../../MCSDK_v5.4.3/MotorControl/lib\libmc-gcc_M4_NoCCMRAM.lib(revup_ctrl.o)
                0x08007098                RUC_Clear
 .text.RUC_OTF_Exec
                0x08007128      0x254 ../../../MCSDK_v5.4.3/MotorControl/lib\libmc-gcc_M4_NoCCMRAM.lib(revup_ctrl.o)
                0x08007128                RUC_OTF_Exec
 .text.RUC_FirstAccelerationStageReached
                0x0800737c       0x14 ../../../MCSDK_v5.4.3/MotorControl/lib\libmc-gcc_M4_NoCCMRAM.lib(revup_ctrl.o)
                0x0800737c                RUC_FirstAccelerationStageReached
 .text.RUC_SetPhaseDurationms
                0x08007390        0xc ../../../MCSDK_v5.4.3/MotorControl/lib\libmc-gcc_M4_NoCCMRAM.lib(revup_ctrl.o)
                0x08007390                RUC_SetPhaseDurationms
 .text.RUC_SetPhaseFinalMecSpeedUnit
                0x0800739c        0xc ../../../MCSDK_v5.4.3/MotorControl/lib\libmc-gcc_M4_NoCCMRAM.lib(revup_ctrl.o)
                0x0800739c                RUC_SetPhaseFinalMecSpeedUnit
 .text.RUC_SetPhaseFinalTorque
                0x080073a8        0xc ../../../MCSDK_v5.4.3/MotorControl/lib\libmc-gcc_M4_NoCCMRAM.lib(revup_ctrl.o)
                0x080073a8                RUC_SetPhaseFinalTorque
 .text.RUC_GetPhaseDurationms
                0x080073b4        0xc ../../../MCSDK_v5.4.3/MotorControl/lib\libmc-gcc_M4_NoCCMRAM.lib(revup_ctrl.o)
                0x080073b4                RUC_GetPhaseDurationms
 .text.RUC_GetPhaseFinalMecSpeedUnit
                0x080073c0       0x10 ../../../MCSDK_v5.4.3/MotorControl/lib\libmc-gcc_M4_NoCCMRAM.lib(revup_ctrl.o)
                0x080073c0                RUC_GetPhaseFinalMecSpeedUnit
 .text.RUC_GetPhaseFinalTorque
                0x080073d0       0x10 ../../../MCSDK_v5.4.3/MotorControl/lib\libmc-gcc_M4_NoCCMRAM.lib(revup_ctrl.o)
                0x080073d0                RUC_GetPhaseFinalTorque
 .text.RUC_GetNumberOfPhases
                0x080073e0        0x8 ../../../MCSDK_v5.4.3/MotorControl/lib\libmc-gcc_M4_NoCCMRAM.lib(revup_ctrl.o)
                0x080073e0                RUC_GetNumberOfPhases
 .text.RUC_Get_SCLowsideOTF_Status
                0x080073e8        0x8 ../../../MCSDK_v5.4.3/MotorControl/lib\libmc-gcc_M4_NoCCMRAM.lib(revup_ctrl.o)
                0x080073e8                RUC_Get_SCLowsideOTF_Status
 .text.STO_PLL_CalcElAngle
                0x080073f0      0x1d4 ../../../MCSDK_v5.4.3/MotorControl/lib\libmc-gcc_M4_NoCCMRAM.lib(sto_pll_speed_pos_fdbk.o)
                0x080073f0                STO_PLL_CalcElAngle
 .text.STO_PLL_CalcAvrgMecSpeedUnit
                0x080075c4      0x144 ../../../MCSDK_v5.4.3/MotorControl/lib\libmc-gcc_M4_NoCCMRAM.lib(sto_pll_speed_pos_fdbk.o)
                0x080075c4                STO_PLL_CalcAvrgMecSpeedUnit
 .text.STO_PLL_CalcAvrgElSpeedDpp
                0x08007708       0x60 ../../../MCSDK_v5.4.3/MotorControl/lib\libmc-gcc_M4_NoCCMRAM.lib(sto_pll_speed_pos_fdbk.o)
                0x08007708                STO_PLL_CalcAvrgElSpeedDpp
 .text.STO_PLL_Clear
                0x08007768       0x60 ../../../MCSDK_v5.4.3/MotorControl/lib\libmc-gcc_M4_NoCCMRAM.lib(sto_pll_speed_pos_fdbk.o)
                0x08007768                STO_PLL_Clear
 .text.STO_PLL_Init
                0x080077c8       0x70 ../../../MCSDK_v5.4.3/MotorControl/lib\libmc-gcc_M4_NoCCMRAM.lib(sto_pll_speed_pos_fdbk.o)
                0x080077c8                STO_PLL_Init
 .text.STO_PLL_IsObserverConverged
                0x08007838       0xac ../../../MCSDK_v5.4.3/MotorControl/lib\libmc-gcc_M4_NoCCMRAM.lib(sto_pll_speed_pos_fdbk.o)
                0x08007838                STO_PLL_IsObserverConverged
 .text.STO_PLL_GetEstimatedBemf
                0x080078e4       0x18 ../../../MCSDK_v5.4.3/MotorControl/lib\libmc-gcc_M4_NoCCMRAM.lib(sto_pll_speed_pos_fdbk.o)
                0x080078e4                STO_PLL_GetEstimatedBemf
 .text.STO_PLL_GetEstimatedCurrent
                0x080078fc       0x28 ../../../MCSDK_v5.4.3/MotorControl/lib\libmc-gcc_M4_NoCCMRAM.lib(sto_pll_speed_pos_fdbk.o)
                0x080078fc                STO_PLL_GetEstimatedCurrent
 .text.STO_PLL_GetObserverGains
                0x08007924       0x10 ../../../MCSDK_v5.4.3/MotorControl/lib\libmc-gcc_M4_NoCCMRAM.lib(sto_pll_speed_pos_fdbk.o)
                0x08007924                STO_PLL_GetObserverGains
 .text.STO_PLL_SetObserverGains
                0x08007934        0x8 ../../../MCSDK_v5.4.3/MotorControl/lib\libmc-gcc_M4_NoCCMRAM.lib(sto_pll_speed_pos_fdbk.o)
                0x08007934                STO_PLL_SetObserverGains
 .text.STO_GetPLLGains
                0x0800793c       0x1c ../../../MCSDK_v5.4.3/MotorControl/lib\libmc-gcc_M4_NoCCMRAM.lib(sto_pll_speed_pos_fdbk.o)
                0x0800793c                STO_GetPLLGains
 .text.STO_SetPLLGains
                0x08007958       0x1c ../../../MCSDK_v5.4.3/MotorControl/lib\libmc-gcc_M4_NoCCMRAM.lib(sto_pll_speed_pos_fdbk.o)
                0x08007958                STO_SetPLLGains
 .text.STO_OTF_ResetPLL
                0x08007974        0xc ../../../MCSDK_v5.4.3/MotorControl/lib\libmc-gcc_M4_NoCCMRAM.lib(sto_pll_speed_pos_fdbk.o)
                0x08007974                STO_OTF_ResetPLL
 .text.STO_ResetPLL
                0x08007980        0x8 ../../../MCSDK_v5.4.3/MotorControl/lib\libmc-gcc_M4_NoCCMRAM.lib(sto_pll_speed_pos_fdbk.o)
                0x08007980                STO_ResetPLL
 .text.STO_PLL_GetEstimatedBemfLevel
                0x08007988        0x8 ../../../MCSDK_v5.4.3/MotorControl/lib\libmc-gcc_M4_NoCCMRAM.lib(sto_pll_speed_pos_fdbk.o)
                0x08007988                STO_PLL_GetEstimatedBemfLevel
 .text.STO_PLL_GetObservedBemfLevel
                0x08007990        0x8 ../../../MCSDK_v5.4.3/MotorControl/lib\libmc-gcc_M4_NoCCMRAM.lib(sto_pll_speed_pos_fdbk.o)
                0x08007990                STO_PLL_GetObservedBemfLevel
 .text.STO_PLL_IsVarianceTight
                0x08007998        0x8 ../../../MCSDK_v5.4.3/MotorControl/lib\libmc-gcc_M4_NoCCMRAM.lib(sto_pll_speed_pos_fdbk.o)
                0x08007998                STO_PLL_IsVarianceTight
 .text.STO_PLL_ForceConvergency1
                0x080079a0        0xc ../../../MCSDK_v5.4.3/MotorControl/lib\libmc-gcc_M4_NoCCMRAM.lib(sto_pll_speed_pos_fdbk.o)
                0x080079a0                STO_PLL_ForceConvergency1
 .text.STO_PLL_ForceConvergency2
                0x080079ac        0xc ../../../MCSDK_v5.4.3/MotorControl/lib\libmc-gcc_M4_NoCCMRAM.lib(sto_pll_speed_pos_fdbk.o)
                0x080079ac                STO_PLL_ForceConvergency2
 .text.__libc_init_array
                0x080079b8       0x48 c:/program files (x86)/atollic/truestudio for stm32 9.3.0/armtools/bin/../lib/gcc/arm-atollic-eabi/6.3.1/../../../../arm-atollic-eabi/lib/armv7e-m/fpu\libc_nano.a(lib_a-init.o)
                0x080079b8                __libc_init_array
 .text.memset   0x08007a00       0x10 c:/program files (x86)/atollic/truestudio for stm32 9.3.0/armtools/bin/../lib/gcc/arm-atollic-eabi/6.3.1/../../../../arm-atollic-eabi/lib/armv7e-m/fpu\libc_nano.a(lib_a-memset.o)
                0x08007a00                memset
 *(.glue_7)
 .glue_7        0x08007a10        0x0 linker stubs
 *(.glue_7t)
 .glue_7t       0x08007a10        0x0 linker stubs
 *(.eh_frame)
 .eh_frame      0x08007a10        0x0 c:/program files (x86)/atollic/truestudio for stm32 9.3.0/armtools/bin/../lib/gcc/arm-atollic-eabi/6.3.1/armv7e-m/fpu/crtbegin.o
 *(.init)
 .init          0x08007a10        0x4 c:/program files (x86)/atollic/truestudio for stm32 9.3.0/armtools/bin/../lib/gcc/arm-atollic-eabi/6.3.1/armv7e-m/fpu/crti.o
                0x08007a10                _init
 .init          0x08007a14        0x8 c:/program files (x86)/atollic/truestudio for stm32 9.3.0/armtools/bin/../lib/gcc/arm-atollic-eabi/6.3.1/armv7e-m/fpu/crtn.o
 *(.fini)
 .fini          0x08007a1c        0x4 c:/program files (x86)/atollic/truestudio for stm32 9.3.0/armtools/bin/../lib/gcc/arm-atollic-eabi/6.3.1/armv7e-m/fpu/crti.o
                0x08007a1c                _fini
 .fini          0x08007a20        0x8 c:/program files (x86)/atollic/truestudio for stm32 9.3.0/armtools/bin/../lib/gcc/arm-atollic-eabi/6.3.1/armv7e-m/fpu/crtn.o
                0x08007a28                . = ALIGN (0x4)
                0x08007a28                _etext = .

.vfp11_veneer   0x08007a28        0x0
 .vfp11_veneer  0x08007a28        0x0 linker stubs

.v4_bx          0x08007a28        0x0
 .v4_bx         0x08007a28        0x0 linker stubs

.iplt           0x08007a28        0x0
 .iplt          0x08007a28        0x0 c:/program files (x86)/atollic/truestudio for stm32 9.3.0/armtools/bin/../lib/gcc/arm-atollic-eabi/6.3.1/armv7e-m/fpu/crtbegin.o

.rodata         0x08007a28      0x2e8
                0x08007a28                . = ALIGN (0x4)
 *(.rodata)
 *(.rodata*)
 .rodata.hSin_Cos_Table
                0x08007a28      0x200 Application\User\mc_math.o
                0x08007a28                hSin_Cos_Table
 .rodata.R3_1_ParamsM1
                0x08007c28       0x84 Application\User\mc_parameters.o
                0x08007c28                R3_1_ParamsM1
 .rodata.s_fwVer
                0x08007cac       0x20 Application\User\motorcontrol.o
                0x08007cac                s_fwVer
 .rodata.AHBPrescTable
                0x08007ccc       0x10 Drivers\CMSIS\system_stm32f3xx.o
                0x08007ccc                AHBPrescTable
 .rodata.APBPrescTable
                0x08007cdc        0x8 Drivers\CMSIS\system_stm32f3xx.o
                0x08007cdc                APBPrescTable
 .rodata.aPLLMULFactorTable
                0x08007ce4       0x10 Drivers\STM32F3xx_HAL_Driver\stm32f3xx_hal_rcc.o
                0x08007ce4                aPLLMULFactorTable
 .rodata.aPredivFactorTable
                0x08007cf4       0x10 Drivers\STM32F3xx_HAL_Driver\stm32f3xx_hal_rcc.o
                0x08007cf4                aPredivFactorTable
 .rodata.CSWTCH.52
                0x08007d04        0x4 Drivers\STM32F3xx_HAL_Driver\stm32f3xx_hal_uart.o
 .rodata.UFCP_Usart_Timeout_none
                0x08007d08        0x2 Middlewares\MotorControl\usart_frame_communication_protocol.o
 .rodata.UFCP_Usart_Timeout_start
                0x08007d0a        0x2 Middlewares\MotorControl\usart_frame_communication_protocol.o
 .rodata.UFCP_Usart_Timeout_stop
                0x08007d0c        0x2 Middlewares\MotorControl\usart_frame_communication_protocol.o
                0x08007d10                . = ALIGN (0x4)
 *fill*         0x08007d0e        0x2 

.rel.dyn        0x08007d10        0x0
 .rel.iplt      0x08007d10        0x0 c:/program files (x86)/atollic/truestudio for stm32 9.3.0/armtools/bin/../lib/gcc/arm-atollic-eabi/6.3.1/armv7e-m/fpu/crtbegin.o

.ARM.extab
 *(.ARM.extab* .gnu.linkonce.armextab.*)

.ARM            0x08007d10        0x0
                0x08007d10                __exidx_start = .
 *(.ARM.exidx*)
                0x08007d10                __exidx_end = .

.preinit_array  0x08007d10        0x0
                0x08007d10                PROVIDE (__preinit_array_start, .)
 *(.preinit_array*)
                0x08007d10                PROVIDE (__preinit_array_end, .)

.init_array     0x08007d10        0x4
                0x08007d10                PROVIDE (__init_array_start, .)
 *(SORT(.init_array.*))
 *(.init_array*)
 .init_array    0x08007d10        0x4 c:/program files (x86)/atollic/truestudio for stm32 9.3.0/armtools/bin/../lib/gcc/arm-atollic-eabi/6.3.1/armv7e-m/fpu/crtbegin.o
                0x08007d14                PROVIDE (__init_array_end, .)

.fini_array     0x08007d14        0x4
                [!provide]                PROVIDE (__fini_array_start, .)
 *(SORT(.fini_array.*))
 *(.fini_array*)
 .fini_array    0x08007d14        0x4 c:/program files (x86)/atollic/truestudio for stm32 9.3.0/armtools/bin/../lib/gcc/arm-atollic-eabi/6.3.1/armv7e-m/fpu/crtbegin.o
                [!provide]                PROVIDE (__fini_array_end, .)
                0x08007d18                _sidata = LOADADDR (.data)

.data           0x20000000      0x708 load address 0x08007d18
                0x20000000                . = ALIGN (0x4)
                0x20000000                _sdata = .
 *(.data)
 *(.data*)
 .data.CircleLimitationM1
                0x20000000       0xb4 Application\User\mc_config.o
                0x20000000                CircleLimitationM1
 .data.DAC_UI_Params
                0x200000b4       0x3c Application\User\mc_config.o
                0x200000b4                DAC_UI_Params
 .data.PIDIdHandle_M1
                0x200000f0       0x2c Application\User\mc_config.o
                0x200000f0                PIDIdHandle_M1
 .data.PIDIqHandle_M1
                0x2000011c       0x2c Application\User\mc_config.o
                0x2000011c                PIDIqHandle_M1
 .data.PIDSpeedHandle_M1
                0x20000148       0x2c Application\User\mc_config.o
                0x20000148                PIDSpeedHandle_M1
 .data.PQD_MotorPowMeasM1
                0x20000174      0x114 Application\User\mc_config.o
                0x20000174                PQD_MotorPowMeasM1
 .data.PWM_Handle_M1
                0x20000288       0x78 Application\User\mc_config.o
                0x20000288                PWM_Handle_M1
 .data.RampExtMngrHFParamsM1
                0x20000300       0x18 Application\User\mc_config.o
                0x20000300                RampExtMngrHFParamsM1
 .data.RealBusVoltageSensorParamsM1
                0x20000318       0x28 Application\User\mc_config.o
                0x20000318                RealBusVoltageSensorParamsM1
 .data.RevUpControlM1
                0x20000340       0x78 Application\User\mc_config.o
                0x20000340                RevUpControlM1
 .data.STO_M1   0x200003b8       0x14 Application\User\mc_config.o
                0x200003b8                STO_M1
 .data.STO_PLL_M1
                0x200003cc      0x128 Application\User\mc_config.o
                0x200003cc                STO_PLL_M1
 .data.SpeednTorqCtrlM1
                0x200004f4       0x34 Application\User\mc_config.o
                0x200004f4                SpeednTorqCtrlM1
 .data.TempSensorParamsM1
                0x20000528       0x28 Application\User\mc_config.o
                0x20000528                TempSensorParamsM1
 .data.UI_Params
                0x20000550       0x30 Application\User\mc_config.o
                0x20000550                UI_Params
 .data.VirtualSpeedSensorM1
                0x20000580       0x38 Application\User\mc_config.o
                0x20000580                VirtualSpeedSensorM1
 .data.pUSART   0x200005b8      0x13c Application\User\mc_config.o
                0x200005b8                pUSART
 .data.wConfig  0x200006f4        0x4 Application\User\motorcontrol.o
                0x200006f4                wConfig
 .data.SystickDividerCounter.14621
                0x200006f8        0x1 Application\User\stm32f30x_mc_it.o
 *fill*         0x200006f9        0x1 
 .data.bCOMATRTimeCounter
                0x200006fa        0x2 Application\User\ui_task.o
 .data.SystemCoreClock
                0x200006fc        0x4 Drivers\CMSIS\system_stm32f3xx.o
                0x200006fc                SystemCoreClock
 .data.uwTickFreq
                0x20000700        0x1 Drivers\STM32F3xx_HAL_Driver\stm32f3xx_hal.o
                0x20000700                uwTickFreq
 *fill*         0x20000701        0x3 
 .data.uwTickPrio
                0x20000704        0x4 Drivers\STM32F3xx_HAL_Driver\stm32f3xx_hal.o
                0x20000704                uwTickPrio
                0x20000708                . = ALIGN (0x4)
                0x20000708                _edata = .

.igot.plt       0x20000708        0x0 load address 0x08008420
 .igot.plt      0x20000708        0x0 c:/program files (x86)/atollic/truestudio for stm32 9.3.0/armtools/bin/../lib/gcc/arm-atollic-eabi/6.3.1/armv7e-m/fpu/crtbegin.o
                0x20000708                . = ALIGN (0x4)

.bss            0x20000708      0x3c4 load address 0x08008420
                0x20000708                _sbss = .
                0x20000708                __bss_start__ = _sbss
 *(.bss)
 .bss           0x20000708       0x1c c:/program files (x86)/atollic/truestudio for stm32 9.3.0/armtools/bin/../lib/gcc/arm-atollic-eabi/6.3.1/armv7e-m/fpu/crtbegin.o
 *(.bss*)
 .bss.bMCBootCompleted
                0x20000724        0x1 Application\User\mc_tasks.o
                0x20000724                bMCBootCompleted
 *fill*         0x20000725        0x1 
 .bss.hBootCapDelayCounterM1
                0x20000726        0x2 Application\User\mc_tasks.o
 .bss.hMFTaskCounterM1
                0x20000728        0x2 Application\User\mc_tasks.o
 .bss.hStopPermanencyCounterM1
                0x2000072a        0x2 Application\User\mc_tasks.o
 .bss.MPInfo    0x2000072c        0x8 Application\User\motor_control_protocol.o
                0x2000072c                MPInfo
 .bss.bCOMTimeoutCounter
                0x20000734        0x2 Application\User\ui_task.o
 .bss.bUITaskCounter
                0x20000736        0x2 Application\User\ui_task.o
 .bss.pDAC      0x20000738        0x4 Application\User\ui_task.o
                0x20000738                pDAC
 .bss.pMCP      0x2000073c        0x4 Application\User\ui_task.o
                0x2000073c                pMCP
 *(COMMON)
 COMMON         0x20000740      0x198 Application\User\main.o
                0x20000740                Gx
                0x20000744                hi2c1
                0x20000790                Ay
                0x20000794                Gy
                0x20000798                hadc1
                0x200007e8                hdac
                0x200007fc                buffer
                0x2000080c                Ax
                0x20000810                htim1
                0x20000850                Az
                0x20000854                huart2
                0x200008d4                Gz
 COMMON         0x200008d8        0xc Application\User\mc_config.o
                0x200008d8                RealBusVoltageSensorFilterBufferM1
 COMMON         0x200008e4       0xd4 Application\User\mc_tasks.o
                0x200008e4                pOCPDisabling
                0x200008e8                pTemperatureSensor
                0x200008ec                pwmcHandle
                0x200008f0                pPIDSpeed
                0x200008f4                pPIDIq
                0x200008f8                oMCInterface
                0x200008fc                pR_Brake
                0x20000900                FOCVars
                0x20000928                MCT
                0x2000097c                pCLM
                0x20000980                pBusSensorM1
                0x20000984                Mci
                0x200009a0                STM
                0x200009a8                pREMNG
                0x200009ac                pMPM
                0x200009b0                pPIDId
                0x200009b4                pSTC
 COMMON         0x200009b8        0x8 Application\User\motorcontrol.o
                0x200009b8                pMCI
                0x200009bc                pMCT
 COMMON         0x200009c0       0x3a Application\User\regular_conversion_manager.o
                0x200009c0                RCM_UserConvHandle
                0x200009c4                RCM_CB_array
                0x200009e4                RCM_UserConvState
                0x200009e8                RCM_handle_array
                0x200009f8                RCM_UserConvValue
 *fill*         0x200009fa        0x2 
 COMMON         0x200009fc       0xcc Application\User\ui_task.o
                0x200009fc                MCP_UI_Params
 COMMON         0x20000ac8        0x4 Drivers\STM32F3xx_HAL_Driver\stm32f3xx_hal.o
                0x20000ac8                uwTick
                0x20000acc                . = ALIGN (0x4)
                0x20000acc                _ebss = .
                0x20000acc                __bss_end__ = _ebss

._user_heap_stack
                0x20000acc      0x600 load address 0x08008420
                0x20000acc                . = ALIGN (0x4)
                0x20000acc                PROVIDE (end, .)
                [!provide]                PROVIDE (_end, .)
                0x20000ccc                . = (. + _Min_Heap_Size)
 *fill*         0x20000acc      0x200 
                0x200010cc                . = (. + _Min_Stack_Size)
 *fill*         0x20000ccc      0x400 
                0x200010cc                . = ALIGN (0x4)

/DISCARD/
 libc.a(*)
 libm.a(*)
 libgcc.a(*)

.ARM.attributes
                0x00000000       0x30
 *(.ARM.attributes)
 .ARM.attributes
                0x00000000       0x22 c:/program files (x86)/atollic/truestudio for stm32 9.3.0/armtools/bin/../lib/gcc/arm-atollic-eabi/6.3.1/armv7e-m/fpu/crti.o
 .ARM.attributes
                0x00000022       0x34 c:/program files (x86)/atollic/truestudio for stm32 9.3.0/armtools/bin/../lib/gcc/arm-atollic-eabi/6.3.1/armv7e-m/fpu/crtbegin.o
 .ARM.attributes
                0x00000056       0x21 Application\TrueSTUDIO\startup_stm32f302x8.o
 .ARM.attributes
                0x00000077       0x35 Application\User\dac_ui.o
 .ARM.attributes
                0x000000ac       0x35 Application\User\main.o
 .ARM.attributes
                0x000000e1       0x35 Application\User\mc_api.o
 .ARM.attributes
                0x00000116       0x35 Application\User\mc_config.o
 .ARM.attributes
                0x0000014b       0x35 Application\User\mc_interface.o
 .ARM.attributes
                0x00000180       0x35 Application\User\mc_math.o
 .ARM.attributes
                0x000001b5       0x35 Application\User\mc_parameters.o
 .ARM.attributes
                0x000001ea       0x35 Application\User\mc_tasks.o
 .ARM.attributes
                0x0000021f       0x35 Application\User\motor_control_protocol.o
 .ARM.attributes
                0x00000254       0x35 Application\User\motorcontrol.o
 .ARM.attributes
                0x00000289       0x35 Application\User\regular_conversion_manager.o
 .ARM.attributes
                0x000002be       0x35 Application\User\stm32f30x_mc_it.o
 .ARM.attributes
                0x000002f3       0x35 Application\User\stm32f3xx_hal_msp.o
 .ARM.attributes
                0x00000328       0x35 Application\User\ui_task.o
 .ARM.attributes
                0x0000035d       0x35 Application\User\user_interface.o
 .ARM.attributes
                0x00000392       0x35 Drivers\CMSIS\system_stm32f3xx.o
 .ARM.attributes
                0x000003c7       0x35 Drivers\STM32F3xx_HAL_Driver\stm32f3xx_hal.o
 .ARM.attributes
                0x000003fc       0x35 Drivers\STM32F3xx_HAL_Driver\stm32f3xx_hal_adc_ex.o
 .ARM.attributes
                0x00000431       0x35 Drivers\STM32F3xx_HAL_Driver\stm32f3xx_hal_cortex.o
 .ARM.attributes
                0x00000466       0x35 Drivers\STM32F3xx_HAL_Driver\stm32f3xx_hal_dac.o
 .ARM.attributes
                0x0000049b       0x35 Drivers\STM32F3xx_HAL_Driver\stm32f3xx_hal_dac_ex.o
 .ARM.attributes
                0x000004d0       0x35 Drivers\STM32F3xx_HAL_Driver\stm32f3xx_hal_gpio.o
 .ARM.attributes
                0x00000505       0x35 Drivers\STM32F3xx_HAL_Driver\stm32f3xx_hal_i2c.o
 .ARM.attributes
                0x0000053a       0x35 Drivers\STM32F3xx_HAL_Driver\stm32f3xx_hal_i2c_ex.o
 .ARM.attributes
                0x0000056f       0x35 Drivers\STM32F3xx_HAL_Driver\stm32f3xx_hal_rcc.o
 .ARM.attributes
                0x000005a4       0x35 Drivers\STM32F3xx_HAL_Driver\stm32f3xx_hal_rcc_ex.o
 .ARM.attributes
                0x000005d9       0x35 Drivers\STM32F3xx_HAL_Driver\stm32f3xx_hal_tim.o
 .ARM.attributes
                0x0000060e       0x35 Drivers\STM32F3xx_HAL_Driver\stm32f3xx_hal_tim_ex.o
 .ARM.attributes
                0x00000643       0x35 Drivers\STM32F3xx_HAL_Driver\stm32f3xx_hal_uart.o
 .ARM.attributes
                0x00000678       0x35 Middlewares\MotorControl\bus_voltage_sensor.o
 .ARM.attributes
                0x000006ad       0x35 Middlewares\MotorControl\circle_limitation.o
 .ARM.attributes
                0x000006e2       0x35 Middlewares\MotorControl\dac_common_ui.o
 .ARM.attributes
                0x00000717       0x35 Middlewares\MotorControl\frame_communication_protocol.o
 .ARM.attributes
                0x0000074c       0x35 Middlewares\MotorControl\motor_power_measurement.o
 .ARM.attributes
                0x00000781       0x35 Middlewares\MotorControl\ntc_temperature_sensor.o
 .ARM.attributes
                0x000007b6       0x35 Middlewares\MotorControl\pid_regulator.o
 .ARM.attributes
                0x000007eb       0x35 Middlewares\MotorControl\pqd_motor_power_measurement.o
 .ARM.attributes
                0x00000820       0x35 Middlewares\MotorControl\pwm_common.o
 .ARM.attributes
                0x00000855       0x35 Middlewares\MotorControl\pwm_curr_fdbk.o
 .ARM.attributes
                0x0000088a       0x35 Middlewares\MotorControl\r3_1_f30x_pwm_curr_fdbk.o
 .ARM.attributes
                0x000008bf       0x35 Middlewares\MotorControl\r_divider_bus_voltage_sensor.o
 .ARM.attributes
                0x000008f4       0x35 Middlewares\MotorControl\ramp_ext_mngr.o
 .ARM.attributes
                0x00000929       0x35 Middlewares\MotorControl\speed_pos_fdbk.o
 .ARM.attributes
                0x0000095e       0x35 Middlewares\MotorControl\speed_torq_ctrl.o
 .ARM.attributes
                0x00000993       0x35 Middlewares\MotorControl\state_machine.o
 .ARM.attributes
                0x000009c8       0x35 Middlewares\MotorControl\usart_frame_communication_protocol.o
 .ARM.attributes
                0x000009fd       0x35 Middlewares\MotorControl\virtual_speed_sensor.o
 .ARM.attributes
                0x00000a32       0x35 ../../../MCSDK_v5.4.3/MotorControl/lib\libmc-gcc_M4_NoCCMRAM.lib(revup_ctrl.o)
 .ARM.attributes
                0x00000a67       0x35 ../../../MCSDK_v5.4.3/MotorControl/lib\libmc-gcc_M4_NoCCMRAM.lib(sto_pll_speed_pos_fdbk.o)
 .ARM.attributes
                0x00000a9c       0x34 c:/program files (x86)/atollic/truestudio for stm32 9.3.0/armtools/bin/../lib/gcc/arm-atollic-eabi/6.3.1/../../../../arm-atollic-eabi/lib/armv7e-m/fpu\libc_nano.a(lib_a-init.o)
 .ARM.attributes
                0x00000ad0       0x34 c:/program files (x86)/atollic/truestudio for stm32 9.3.0/armtools/bin/../lib/gcc/arm-atollic-eabi/6.3.1/../../../../arm-atollic-eabi/lib/armv7e-m/fpu\libc_nano.a(lib_a-memset.o)
 .ARM.attributes
                0x00000b04       0x22 c:/program files (x86)/atollic/truestudio for stm32 9.3.0/armtools/bin/../lib/gcc/arm-atollic-eabi/6.3.1/armv7e-m/fpu/crtn.o
OUTPUT(Noname.elf elf32-littlearm)

.debug_line     0x00000000    0x14f63
 .debug_line    0x00000000       0x79 Application\TrueSTUDIO\startup_stm32f302x8.o
 .debug_line    0x00000079      0x583 Application\User\dac_ui.o
 .debug_line    0x000005fc      0x991 Application\User\main.o
 .debug_line    0x00000f8d      0x81b Application\User\mc_api.o
 .debug_line    0x000017a8      0x60c Application\User\mc_config.o
 .debug_line    0x00001db4      0x59d Application\User\mc_interface.o
 .debug_line    0x00002351      0x3df Application\User\mc_math.o
 .debug_line    0x00002730      0x2ab Application\User\mc_parameters.o
 .debug_line    0x000029db      0x989 Application\User\mc_tasks.o
 .debug_line    0x00003364      0x797 Application\User\motor_control_protocol.o
 .debug_line    0x00003afb      0x65e Application\User\motorcontrol.o
 .debug_line    0x00004159      0x95a Application\User\regular_conversion_manager.o
 .debug_line    0x00004ab3      0x7f5 Application\User\stm32f30x_mc_it.o
 .debug_line    0x000052a8      0x4b3 Application\User\stm32f3xx_hal_msp.o
 .debug_line    0x0000575b      0x728 Application\User\ui_task.o
 .debug_line    0x00005e83      0xa11 Application\User\user_interface.o
 .debug_line    0x00006894      0x22f Drivers\CMSIS\system_stm32f3xx.o
 .debug_line    0x00006ac3      0x406 Drivers\STM32F3xx_HAL_Driver\stm32f3xx_hal.o
 .debug_line    0x00006ec9     0x1076 Drivers\STM32F3xx_HAL_Driver\stm32f3xx_hal_adc_ex.o
 .debug_line    0x00007f3f      0x41a Drivers\STM32F3xx_HAL_Driver\stm32f3xx_hal_cortex.o
 .debug_line    0x00008359      0x368 Drivers\STM32F3xx_HAL_Driver\stm32f3xx_hal_dac.o
 .debug_line    0x000086c1      0x50b Drivers\STM32F3xx_HAL_Driver\stm32f3xx_hal_dac_ex.o
 .debug_line    0x00008bcc      0x3ea Drivers\STM32F3xx_HAL_Driver\stm32f3xx_hal_gpio.o
 .debug_line    0x00008fb6     0x26ba Drivers\STM32F3xx_HAL_Driver\stm32f3xx_hal_i2c.o
 .debug_line    0x0000b670      0x3ff Drivers\STM32F3xx_HAL_Driver\stm32f3xx_hal_i2c_ex.o
 .debug_line    0x0000ba6f      0x8ed Drivers\STM32F3xx_HAL_Driver\stm32f3xx_hal_rcc.o
 .debug_line    0x0000c35c      0x4bc Drivers\STM32F3xx_HAL_Driver\stm32f3xx_hal_rcc_ex.o
 .debug_line    0x0000c818     0x1c02 Drivers\STM32F3xx_HAL_Driver\stm32f3xx_hal_tim.o
 .debug_line    0x0000e41a      0x8e7 Drivers\STM32F3xx_HAL_Driver\stm32f3xx_hal_tim_ex.o
 .debug_line    0x0000ed01     0x12ae Drivers\STM32F3xx_HAL_Driver\stm32f3xx_hal_uart.o
 .debug_line    0x0000ffaf      0x2d1 Middlewares\MotorControl\bus_voltage_sensor.o
 .debug_line    0x00010280      0x2b4 Middlewares\MotorControl\circle_limitation.o
 .debug_line    0x00010534      0x581 Middlewares\MotorControl\dac_common_ui.o
 .debug_line    0x00010ab5      0x60a Middlewares\MotorControl\frame_communication_protocol.o
 .debug_line    0x000110bf      0x2f3 Middlewares\MotorControl\motor_power_measurement.o
 .debug_line    0x000113b2      0x375 Middlewares\MotorControl\ntc_temperature_sensor.o
 .debug_line    0x00011727      0x45a Middlewares\MotorControl\pid_regulator.o
 .debug_line    0x00011b81      0x2ff Middlewares\MotorControl\pqd_motor_power_measurement.o
 .debug_line    0x00011e80      0x303 Middlewares\MotorControl\pwm_common.o
 .debug_line    0x00012183      0x4e5 Middlewares\MotorControl\pwm_curr_fdbk.o
 .debug_line    0x00012668      0xd67 Middlewares\MotorControl\r3_1_f30x_pwm_curr_fdbk.o
 .debug_line    0x000133cf      0x3f4 Middlewares\MotorControl\r_divider_bus_voltage_sensor.o
 .debug_line    0x000137c3      0x351 Middlewares\MotorControl\ramp_ext_mngr.o
 .debug_line    0x00013b14      0x357 Middlewares\MotorControl\speed_pos_fdbk.o
 .debug_line    0x00013e6b      0x46b Middlewares\MotorControl\speed_torq_ctrl.o
 .debug_line    0x000142d6      0x399 Middlewares\MotorControl\state_machine.o
 .debug_line    0x0001466f      0x4a6 Middlewares\MotorControl\usart_frame_communication_protocol.o
 .debug_line    0x00014b15      0x44e Middlewares\MotorControl\virtual_speed_sensor.o

.debug_info     0x00000000    0x5131a
 .debug_info    0x00000000       0xa4 Application\TrueSTUDIO\startup_stm32f302x8.o
 .debug_info    0x000000a4     0x2ee9 Application\User\dac_ui.o
 .debug_info    0x00002f8d     0x5297 Application\User\main.o
 .debug_info    0x00008224     0x39be Application\User\mc_api.o
 .debug_info    0x0000bbe2     0x34e4 Application\User\mc_config.o
 .debug_info    0x0000f0c6     0x10e1 Application\User\mc_interface.o
 .debug_info    0x000101a7      0x669 Application\User\mc_math.o
 .debug_info    0x00010810      0x814 Application\User\mc_parameters.o
 .debug_info    0x00011024     0x47b8 Application\User\mc_tasks.o
 .debug_info    0x000157dc     0x3a76 Application\User\motor_control_protocol.o
 .debug_info    0x00019252     0x34f6 Application\User\motorcontrol.o
 .debug_info    0x0001c748     0x3df0 Application\User\regular_conversion_manager.o
 .debug_info    0x00020538     0x3a8e Application\User\stm32f30x_mc_it.o
 .debug_info    0x00023fc6     0x198a Application\User\stm32f3xx_hal_msp.o
 .debug_info    0x00025950     0x37be Application\User\ui_task.o
 .debug_info    0x0002910e     0x47a9 Application\User\user_interface.o
 .debug_info    0x0002d8b7      0x462 Drivers\CMSIS\system_stm32f3xx.o
 .debug_info    0x0002dd19      0x852 Drivers\STM32F3xx_HAL_Driver\stm32f3xx_hal.o
 .debug_info    0x0002e56b     0x1a91 Drivers\STM32F3xx_HAL_Driver\stm32f3xx_hal_adc_ex.o
 .debug_info    0x0002fffc      0xce6 Drivers\STM32F3xx_HAL_Driver\stm32f3xx_hal_cortex.o
 .debug_info    0x00030ce2      0x910 Drivers\STM32F3xx_HAL_Driver\stm32f3xx_hal_dac.o
 .debug_info    0x000315f2      0x952 Drivers\STM32F3xx_HAL_Driver\stm32f3xx_hal_dac_ex.o
 .debug_info    0x00031f44      0x70c Drivers\STM32F3xx_HAL_Driver\stm32f3xx_hal_gpio.o
 .debug_info    0x00032650     0x5496 Drivers\STM32F3xx_HAL_Driver\stm32f3xx_hal_i2c.o
 .debug_info    0x00037ae6      0x8dc Drivers\STM32F3xx_HAL_Driver\stm32f3xx_hal_i2c_ex.o
 .debug_info    0x000383c2     0x14c8 Drivers\STM32F3xx_HAL_Driver\stm32f3xx_hal_rcc.o
 .debug_info    0x0003988a      0x7d4 Drivers\STM32F3xx_HAL_Driver\stm32f3xx_hal_rcc_ex.o
 .debug_info    0x0003a05e     0x425d Drivers\STM32F3xx_HAL_Driver\stm32f3xx_hal_tim.o
 .debug_info    0x0003e2bb     0x15d8 Drivers\STM32F3xx_HAL_Driver\stm32f3xx_hal_tim_ex.o
 .debug_info    0x0003f893     0x20bd Drivers\STM32F3xx_HAL_Driver\stm32f3xx_hal_uart.o
 .debug_info    0x00041950      0x369 Middlewares\MotorControl\bus_voltage_sensor.o
 .debug_info    0x00041cb9      0x345 Middlewares\MotorControl\circle_limitation.o
 .debug_info    0x00041ffe     0x2d4a Middlewares\MotorControl\dac_common_ui.o
 .debug_info    0x00044d48     0x2fff Middlewares\MotorControl\frame_communication_protocol.o
 .debug_info    0x00047d47      0x3a5 Middlewares\MotorControl\motor_power_measurement.o
 .debug_info    0x000480ec      0x6e9 Middlewares\MotorControl\ntc_temperature_sensor.o
 .debug_info    0x000487d5      0x87b Middlewares\MotorControl\pid_regulator.o
 .debug_info    0x00049050      0x560 Middlewares\MotorControl\pqd_motor_power_measurement.o
 .debug_info    0x000495b0      0x735 Middlewares\MotorControl\pwm_common.o
 .debug_info    0x00049ce5      0xb2f Middlewares\MotorControl\pwm_curr_fdbk.o
 .debug_info    0x0004a814     0x37ff Middlewares\MotorControl\r3_1_f30x_pwm_curr_fdbk.o
 .debug_info    0x0004e013      0x7dc Middlewares\MotorControl\r_divider_bus_voltage_sensor.o
 .debug_info    0x0004e7ef      0x4f8 Middlewares\MotorControl\ramp_ext_mngr.o
 .debug_info    0x0004ece7      0x568 Middlewares\MotorControl\speed_pos_fdbk.o
 .debug_info    0x0004f24f      0x9d9 Middlewares\MotorControl\speed_torq_ctrl.o
 .debug_info    0x0004fc28      0x4a9 Middlewares\MotorControl\state_machine.o
 .debug_info    0x000500d1      0xadc Middlewares\MotorControl\usart_frame_communication_protocol.o
 .debug_info    0x00050bad      0x76d Middlewares\MotorControl\virtual_speed_sensor.o

.debug_abbrev   0x00000000     0x6c83
 .debug_abbrev  0x00000000       0x12 Application\TrueSTUDIO\startup_stm32f302x8.o
 .debug_abbrev  0x00000012      0x285 Application\User\dac_ui.o
 .debug_abbrev  0x00000297      0x349 Application\User\main.o
 .debug_abbrev  0x000005e0      0x254 Application\User\mc_api.o
 .debug_abbrev  0x00000834      0x1b8 Application\User\mc_config.o
 .debug_abbrev  0x000009ec      0x242 Application\User\mc_interface.o
 .debug_abbrev  0x00000c2e      0x1dd Application\User\mc_math.o
 .debug_abbrev  0x00000e0b      0x119 Application\User\mc_parameters.o
 .debug_abbrev  0x00000f24      0x3b7 Application\User\mc_tasks.o
 .debug_abbrev  0x000012db      0x2fd Application\User\motor_control_protocol.o
 .debug_abbrev  0x000015d8      0x20d Application\User\motorcontrol.o
 .debug_abbrev  0x000017e5      0x382 Application\User\regular_conversion_manager.o
 .debug_abbrev  0x00001b67      0x2ca Application\User\stm32f30x_mc_it.o
 .debug_abbrev  0x00001e31      0x21e Application\User\stm32f3xx_hal_msp.o
 .debug_abbrev  0x0000204f      0x2a8 Application\User\ui_task.o
 .debug_abbrev  0x000022f7      0x332 Application\User\user_interface.o
 .debug_abbrev  0x00002629      0x126 Drivers\CMSIS\system_stm32f3xx.o
 .debug_abbrev  0x0000274f      0x239 Drivers\STM32F3xx_HAL_Driver\stm32f3xx_hal.o
 .debug_abbrev  0x00002988      0x33b Drivers\STM32F3xx_HAL_Driver\stm32f3xx_hal_adc_ex.o
 .debug_abbrev  0x00002cc3      0x2ef Drivers\STM32F3xx_HAL_Driver\stm32f3xx_hal_cortex.o
 .debug_abbrev  0x00002fb2      0x20d Drivers\STM32F3xx_HAL_Driver\stm32f3xx_hal_dac.o
 .debug_abbrev  0x000031bf      0x23a Drivers\STM32F3xx_HAL_Driver\stm32f3xx_hal_dac_ex.o
 .debug_abbrev  0x000033f9      0x1f5 Drivers\STM32F3xx_HAL_Driver\stm32f3xx_hal_gpio.o
 .debug_abbrev  0x000035ee      0x3b7 Drivers\STM32F3xx_HAL_Driver\stm32f3xx_hal_i2c.o
 .debug_abbrev  0x000039a5      0x1b2 Drivers\STM32F3xx_HAL_Driver\stm32f3xx_hal_i2c_ex.o
 .debug_abbrev  0x00003b57      0x304 Drivers\STM32F3xx_HAL_Driver\stm32f3xx_hal_rcc.o
 .debug_abbrev  0x00003e5b      0x26c Drivers\STM32F3xx_HAL_Driver\stm32f3xx_hal_rcc_ex.o
 .debug_abbrev  0x000040c7      0x343 Drivers\STM32F3xx_HAL_Driver\stm32f3xx_hal_tim.o
 .debug_abbrev  0x0000440a      0x2fb Drivers\STM32F3xx_HAL_Driver\stm32f3xx_hal_tim_ex.o
 .debug_abbrev  0x00004705      0x356 Drivers\STM32F3xx_HAL_Driver\stm32f3xx_hal_uart.o
 .debug_abbrev  0x00004a5b      0x119 Middlewares\MotorControl\bus_voltage_sensor.o
 .debug_abbrev  0x00004b74      0x11d Middlewares\MotorControl\circle_limitation.o
 .debug_abbrev  0x00004c91      0x20a Middlewares\MotorControl\dac_common_ui.o
 .debug_abbrev  0x00004e9b      0x232 Middlewares\MotorControl\frame_communication_protocol.o
 .debug_abbrev  0x000050cd      0x179 Middlewares\MotorControl\motor_power_measurement.o
 .debug_abbrev  0x00005246      0x177 Middlewares\MotorControl\ntc_temperature_sensor.o
 .debug_abbrev  0x000053bd      0x1d4 Middlewares\MotorControl\pid_regulator.o
 .debug_abbrev  0x00005591      0x16d Middlewares\MotorControl\pqd_motor_power_measurement.o
 .debug_abbrev  0x000056fe      0x1e4 Middlewares\MotorControl\pwm_common.o
 .debug_abbrev  0x000058e2      0x258 Middlewares\MotorControl\pwm_curr_fdbk.o
 .debug_abbrev  0x00005b3a      0x3cb Middlewares\MotorControl\r3_1_f30x_pwm_curr_fdbk.o
 .debug_abbrev  0x00005f05      0x1f9 Middlewares\MotorControl\r_divider_bus_voltage_sensor.o
 .debug_abbrev  0x000060fe      0x1ae Middlewares\MotorControl\ramp_ext_mngr.o
 .debug_abbrev  0x000062ac      0x15e Middlewares\MotorControl\speed_pos_fdbk.o
 .debug_abbrev  0x0000640a      0x20a Middlewares\MotorControl\speed_torq_ctrl.o
 .debug_abbrev  0x00006614      0x180 Middlewares\MotorControl\state_machine.o
 .debug_abbrev  0x00006794      0x2fc Middlewares\MotorControl\usart_frame_communication_protocol.o
 .debug_abbrev  0x00006a90      0x1f3 Middlewares\MotorControl\virtual_speed_sensor.o

.debug_aranges  0x00000000     0x1968
 .debug_aranges
                0x00000000       0x28 Application\TrueSTUDIO\startup_stm32f302x8.o
 .debug_aranges
                0x00000028       0x28 Application\User\dac_ui.o
 .debug_aranges
                0x00000050       0x40 Application\User\main.o
 .debug_aranges
                0x00000090      0x110 Application\User\mc_api.o
 .debug_aranges
                0x000001a0       0x18 Application\User\mc_config.o
 .debug_aranges
                0x000001b8      0x130 Application\User\mc_interface.o
 .debug_aranges
                0x000002e8       0x50 Application\User\mc_math.o
 .debug_aranges
                0x00000338       0x18 Application\User\mc_parameters.o
 .debug_aranges
                0x00000350       0xa8 Application\User\mc_tasks.o
 .debug_aranges
                0x000003f8       0x60 Application\User\motor_control_protocol.o
 .debug_aranges
                0x00000458       0x20 Application\User\motorcontrol.o
 .debug_aranges
                0x00000478       0x50 Application\User\regular_conversion_manager.o
 .debug_aranges
                0x000004c8       0x50 Application\User\stm32f30x_mc_it.o
 .debug_aranges
                0x00000518       0x78 Application\User\stm32f3xx_hal_msp.o
 .debug_aranges
                0x00000590       0x88 Application\User\ui_task.o
 .debug_aranges
                0x00000618       0xa8 Application\User\user_interface.o
 .debug_aranges
                0x000006c0       0x28 Drivers\CMSIS\system_stm32f3xx.o
 .debug_aranges
                0x000006e8       0xd8 Drivers\STM32F3xx_HAL_Driver\stm32f3xx_hal.o
 .debug_aranges
                0x000007c0      0x118 Drivers\STM32F3xx_HAL_Driver\stm32f3xx_hal_adc_ex.o
 .debug_aranges
                0x000008d8       0x90 Drivers\STM32F3xx_HAL_Driver\stm32f3xx_hal_cortex.o
 .debug_aranges
                0x00000968       0x78 Drivers\STM32F3xx_HAL_Driver\stm32f3xx_hal_dac.o
 .debug_aranges
                0x000009e0       0x78 Drivers\STM32F3xx_HAL_Driver\stm32f3xx_hal_dac_ex.o
 .debug_aranges
                0x00000a58       0x58 Drivers\STM32F3xx_HAL_Driver\stm32f3xx_hal_gpio.o
 .debug_aranges
                0x00000ab0      0x1d8 Drivers\STM32F3xx_HAL_Driver\stm32f3xx_hal_i2c.o
 .debug_aranges
                0x00000c88       0x48 Drivers\STM32F3xx_HAL_Driver\stm32f3xx_hal_i2c_ex.o
 .debug_aranges
                0x00000cd0       0x88 Drivers\STM32F3xx_HAL_Driver\stm32f3xx_hal_rcc.o
 .debug_aranges
                0x00000d58       0x30 Drivers\STM32F3xx_HAL_Driver\stm32f3xx_hal_rcc_ex.o
 .debug_aranges
                0x00000d88      0x268 Drivers\STM32F3xx_HAL_Driver\stm32f3xx_hal_tim.o
 .debug_aranges
                0x00000ff0       0xf8 Drivers\STM32F3xx_HAL_Driver\stm32f3xx_hal_tim_ex.o
 .debug_aranges
                0x000010e8      0x1b0 Drivers\STM32F3xx_HAL_Driver\stm32f3xx_hal_uart.o
 .debug_aranges
                0x00001298       0x38 Middlewares\MotorControl\bus_voltage_sensor.o
 .debug_aranges
                0x000012d0       0x20 Middlewares\MotorControl\circle_limitation.o
 .debug_aranges
                0x000012f0       0x38 Middlewares\MotorControl\dac_common_ui.o
 .debug_aranges
                0x00001328       0x40 Middlewares\MotorControl\frame_communication_protocol.o
 .debug_aranges
                0x00001368       0x38 Middlewares\MotorControl\motor_power_measurement.o
 .debug_aranges
                0x000013a0       0x50 Middlewares\MotorControl\ntc_temperature_sensor.o
 .debug_aranges
                0x000013f0       0xd0 Middlewares\MotorControl\pid_regulator.o
 .debug_aranges
                0x000014c0       0x20 Middlewares\MotorControl\pqd_motor_power_measurement.o
 .debug_aranges
                0x000014e0       0x28 Middlewares\MotorControl\pwm_common.o
 .debug_aranges
                0x00001508       0xd8 Middlewares\MotorControl\pwm_curr_fdbk.o
 .debug_aranges
                0x000015e0       0xc0 Middlewares\MotorControl\r3_1_f30x_pwm_curr_fdbk.o
 .debug_aranges
                0x000016a0       0x40 Middlewares\MotorControl\r_divider_bus_voltage_sensor.o
 .debug_aranges
                0x000016e0       0x50 Middlewares\MotorControl\ramp_ext_mngr.o
 .debug_aranges
                0x00001730       0x68 Middlewares\MotorControl\speed_pos_fdbk.o
 .debug_aranges
                0x00001798       0xb0 Middlewares\MotorControl\speed_torq_ctrl.o
 .debug_aranges
                0x00001848       0x48 Middlewares\MotorControl\state_machine.o
 .debug_aranges
                0x00001890       0x58 Middlewares\MotorControl\usart_frame_communication_protocol.o
 .debug_aranges
                0x000018e8       0x80 Middlewares\MotorControl\virtual_speed_sensor.o

.debug_ranges   0x00000000     0x47f0
 .debug_ranges  0x00000000       0x20 Application\TrueSTUDIO\startup_stm32f302x8.o
 .debug_ranges  0x00000020       0x58 Application\User\dac_ui.o
 .debug_ranges  0x00000078       0xd0 Application\User\main.o
 .debug_ranges  0x00000148      0x100 Application\User\mc_api.o
 .debug_ranges  0x00000248      0x138 Application\User\mc_interface.o
 .debug_ranges  0x00000380       0x58 Application\User\mc_math.o
 .debug_ranges  0x000003d8      0x1f8 Application\User\mc_tasks.o
 .debug_ranges  0x000005d0      0x118 Application\User\motor_control_protocol.o
 .debug_ranges  0x000006e8       0x10 Application\User\motorcontrol.o
 .debug_ranges  0x000006f8      0x190 Application\User\regular_conversion_manager.o
 .debug_ranges  0x00000888       0xb8 Application\User\stm32f30x_mc_it.o
 .debug_ranges  0x00000940      0x1a8 Application\User\stm32f3xx_hal_msp.o
 .debug_ranges  0x00000ae8       0x78 Application\User\ui_task.o
 .debug_ranges  0x00000b60      0x220 Application\User\user_interface.o
 .debug_ranges  0x00000d80       0x18 Drivers\CMSIS\system_stm32f3xx.o
 .debug_ranges  0x00000d98       0xc8 Drivers\STM32F3xx_HAL_Driver\stm32f3xx_hal.o
 .debug_ranges  0x00000e60      0x3d8 Drivers\STM32F3xx_HAL_Driver\stm32f3xx_hal_adc_ex.o
 .debug_ranges  0x00001238      0x148 Drivers\STM32F3xx_HAL_Driver\stm32f3xx_hal_cortex.o
 .debug_ranges  0x00001380       0x68 Drivers\STM32F3xx_HAL_Driver\stm32f3xx_hal_dac.o
 .debug_ranges  0x000013e8       0x68 Drivers\STM32F3xx_HAL_Driver\stm32f3xx_hal_dac_ex.o