###############################################################################
#
# IAR ELF Linker V8.42.1.236/W32 for ARM                  08/Feb/2020  10:52:12
# Copyright 2007-2019 IAR Systems AB.
#
#    Output file  =
#        C:\Users\Prameet\STM32CubeIDE\keil_test\UART_IT\EWARM\UART_IT\Exe\UART_IT.out
#    Map file     =
#        C:\Users\Prameet\STM32CubeIDE\keil_test\UART_IT\EWARM\UART_IT\List\UART_IT.map
#    Command line =
#        -f C:\Users\Prameet\AppData\Local\Temp\EWC33B.tmp
#        (C:\Users\Prameet\STM32CubeIDE\keil_test\UART_IT\EWARM\UART_IT\Obj\main.o
#        C:\Users\Prameet\STM32CubeIDE\keil_test\UART_IT\EWARM\UART_IT\Obj\startup_stm32f302x8.o
#        C:\Users\Prameet\STM32CubeIDE\keil_test\UART_IT\EWARM\UART_IT\Obj\stm32f3xx_hal.o
#        C:\Users\Prameet\STM32CubeIDE\keil_test\UART_IT\EWARM\UART_IT\Obj\stm32f3xx_hal_cortex.o
#        C:\Users\Prameet\STM32CubeIDE\keil_test\UART_IT\EWARM\UART_IT\Obj\stm32f3xx_hal_dma.o
#        C:\Users\Prameet\STM32CubeIDE\keil_test\UART_IT\EWARM\UART_IT\Obj\stm32f3xx_hal_exti.o
#        C:\Users\Prameet\STM32CubeIDE\keil_test\UART_IT\EWARM\UART_IT\Obj\stm32f3xx_hal_flash.o
#        C:\Users\Prameet\STM32CubeIDE\keil_test\UART_IT\EWARM\UART_IT\Obj\stm32f3xx_hal_flash_ex.o
#        C:\Users\Prameet\STM32CubeIDE\keil_test\UART_IT\EWARM\UART_IT\Obj\stm32f3xx_hal_gpio.o
#        C:\Users\Prameet\STM32CubeIDE\keil_test\UART_IT\EWARM\UART_IT\Obj\stm32f3xx_hal_i2c.o
#        C:\Users\Prameet\STM32CubeIDE\keil_test\UART_IT\EWARM\UART_IT\Obj\stm32f3xx_hal_i2c_ex.o
#        C:\Users\Prameet\STM32CubeIDE\keil_test\UART_IT\EWARM\UART_IT\Obj\stm32f3xx_hal_msp.o
#        C:\Users\Prameet\STM32CubeIDE\keil_test\UART_IT\EWARM\UART_IT\Obj\stm32f3xx_hal_pwr.o
#        C:\Users\Prameet\STM32CubeIDE\keil_test\UART_IT\EWARM\UART_IT\Obj\stm32f3xx_hal_pwr_ex.o
#        C:\Users\Prameet\STM32CubeIDE\keil_test\UART_IT\EWARM\UART_IT\Obj\stm32f3xx_hal_rcc.o
#        C:\Users\Prameet\STM32CubeIDE\keil_test\UART_IT\EWARM\UART_IT\Obj\stm32f3xx_hal_rcc_ex.o
#        C:\Users\Prameet\STM32CubeIDE\keil_test\UART_IT\EWARM\UART_IT\Obj\stm32f3xx_hal_tim.o
#        C:\Users\Prameet\STM32CubeIDE\keil_test\UART_IT\EWARM\UART_IT\Obj\stm32f3xx_hal_tim_ex.o
#        C:\Users\Prameet\STM32CubeIDE\keil_test\UART_IT\EWARM\UART_IT\Obj\stm32f3xx_hal_uart.o
#        C:\Users\Prameet\STM32CubeIDE\keil_test\UART_IT\EWARM\UART_IT\Obj\stm32f3xx_hal_uart_ex.o
#        C:\Users\Prameet\STM32CubeIDE\keil_test\UART_IT\EWARM\UART_IT\Obj\stm32f3xx_it.o
#        C:\Users\Prameet\STM32CubeIDE\keil_test\UART_IT\EWARM\UART_IT\Obj\system_stm32f3xx.o
#        --redirect _Printf=_PrintfFull --redirect _Scanf=_ScanfFull
#        --no_out_extension -o
#        C:\Users\Prameet\STM32CubeIDE\keil_test\UART_IT\EWARM\UART_IT\Exe\UART_IT.out
#        --map
#        C:\Users\Prameet\STM32CubeIDE\keil_test\UART_IT\EWARM\UART_IT\List\UART_IT.map
#        --config
#        C:\Users\Prameet\STM32CubeIDE\keil_test\UART_IT\EWARM/stm32f302x8_flash.icf
#        --semihosting --entry __iar_program_start --vfe --text_out locale)
#
###############################################################################

*******************************************************************************
*** RUNTIME MODEL ATTRIBUTES
***

CppFlavor       = *
__SystemLibrary = DLib
__dlib_version  = 6


*******************************************************************************
*** HEAP SELECTION
***

The basic heap was selected because no calls to memory allocation
functions were found in the application outside of system library
functions, and there are calls to deallocation functions in the
application.


*******************************************************************************
*** PLACEMENT SUMMARY
***

"A0":  place at address 0x800'0000 { ro section .intvec };
"P1":  place in [from 0x800'0000 to 0x800'ffff] { ro };
define block CSTACK with size = 1K, alignment = 8 { };
define block HEAP with size = 512, alignment = 8 { };
"P2":  place in [from 0x2000'0000 to 0x2000'3fff] {
          rw, block CSTACK, block HEAP };
initialize by copy { rw };

  Section            Kind         Address    Size  Object
  -------            ----         -------    ----  ------
"A0":                                       0x188
  .intvec            ro code   0x800'0000   0x188  startup_stm32f302x8.o [1]
                             - 0x800'0188   0x188

"P1":                                      0x1404
  .text              ro code   0x800'0188   0x70a  stm32f3xx_hal_uart.o [1]
  .text              ro code   0x800'0892    0x3a  zero_init3.o [4]
  .text              ro code   0x800'08cc    0xac  stm32f3xx_hal_msp.o [1]
  .text              ro code   0x800'0978     0xc  stm32f3xx_hal.o [1]
  .text              ro code   0x800'0984    0x50  stm32f3xx_hal_dma.o [1]
  .text              ro code   0x800'09d4     0x2  stm32f3xx_hal_uart.o [1]
  .text              ro code   0x800'09d6     0x2  stm32f3xx_hal_uart_ex.o [1]
  .text              ro code   0x800'09d8     0x2  stm32f3xx_hal_uart.o [1]
  .text              ro code   0x800'09da    0x2e  copy_init3.o [4]
  .text              ro code   0x800'0a08   0x4b4  stm32f3xx_hal_rcc.o [1]
  .text              ro code   0x800'0ebc   0x168  main.o [1]
  .text              ro code   0x800'1024    0xc4  stm32f3xx_hal_cortex.o [1]
  .text              ro code   0x800'10e8    0x14  memset.o [4]
  .text              ro code   0x800'10fc   0x1b8  stm32f3xx_hal_gpio.o [1]
  .text              ro code   0x800'12b4    0x40  stm32f3xx_hal.o [1]
  .text              ro code   0x800'12f4    0x24  stm32f3xx_hal.o [1]
  .text              ro code   0x800'1318    0x66  ABImemset.o [4]
  .text              ro code   0x800'1380    0x2c  system_stm32f3xx.o [1]
  .text              ro code   0x800'13ac    0x28  data_init.o [4]
  .text              ro code   0x800'13d4    0x22  fpinit_M.o [3]
  .iar.init_table    const     0x800'13f8    0x24  - Linker created -
  .text              ro code   0x800'141c    0x20  stm32f3xx_it.o [1]
  .text              ro code   0x800'143c    0x10  stm32f3xx_hal.o [1]
  .text              ro code   0x800'144c    0x1e  cmain.o [4]
  .text              ro code   0x800'146a     0x4  low_level_init.o [2]
  .text              ro code   0x800'146e     0x4  exit.o [2]
  .text              ro code   0x800'1474     0xa  cexit.o [4]
  .text              ro code   0x800'1480    0x14  exit.o [5]
  .text              ro code   0x800'1494    0x10  startup_stm32f302x8.o [1]
  Initializer bytes  const     0x800'14a4    0x10  <for P2-1>
  .text              ro code   0x800'14b4     0xc  cstartup_M.o [4]
  .rodata            const     0x800'14c0     0x8  system_stm32f3xx.o [1]
  .text              ro code   0x800'14c8     0x4  startup_stm32f302x8.o [1]
  .text              ro code   0x800'14cc     0x4  startup_stm32f302x8.o [1]
  .text              ro code   0x800'14d0     0x4  startup_stm32f302x8.o [1]
  .text              ro code   0x800'14d4     0x4  startup_stm32f302x8.o [1]
  .text              ro code   0x800'14d8     0x4  startup_stm32f302x8.o [1]
  .text              ro code   0x800'14dc     0x4  startup_stm32f302x8.o [1]
  .text              ro code   0x800'14e0     0x4  startup_stm32f302x8.o [1]
  .text              ro code   0x800'14e4     0x4  startup_stm32f302x8.o [1]
  .text              ro code   0x800'14e8     0x4  startup_stm32f302x8.o [1]
  .text              ro code   0x800'14ec     0x4  startup_stm32f302x8.o [1]
  .text              ro code   0x800'14f0     0x4  startup_stm32f302x8.o [1]
  .text              ro code   0x800'14f4     0x4  startup_stm32f302x8.o [1]
  .text              ro code   0x800'14f8     0x4  startup_stm32f302x8.o [1]
  .text              ro code   0x800'14fc     0x4  startup_stm32f302x8.o [1]
  .text              ro code   0x800'1500     0x4  startup_stm32f302x8.o [1]
  .text              ro code   0x800'1504     0x4  startup_stm32f302x8.o [1]
  .text              ro code   0x800'1508     0x4  startup_stm32f302x8.o [1]
  .text              ro code   0x800'150c     0x4  startup_stm32f302x8.o [1]
  .text              ro code   0x800'1510     0x4  startup_stm32f302x8.o [1]
  .text              ro code   0x800'1514     0x4  startup_stm32f302x8.o [1]
  .text              ro code   0x800'1518     0x4  startup_stm32f302x8.o [1]
  .text              ro code   0x800'151c     0x4  startup_stm32f302x8.o [1]
  .text              ro code   0x800'1520     0x4  startup_stm32f302x8.o [1]
  .text              ro code   0x800'1524     0x4  startup_stm32f302x8.o [1]
  .text              ro code   0x800'1528     0x4  startup_stm32f302x8.o [1]
  .text              ro code   0x800'152c     0x4  startup_stm32f302x8.o [1]
  .text              ro code   0x800'1530     0x4  startup_stm32f302x8.o [1]
  .text              ro code   0x800'1534     0x4  startup_stm32f302x8.o [1]
  .text              ro code   0x800'1538     0x4  startup_stm32f302x8.o [1]
  .text              ro code   0x800'153c     0x4  startup_stm32f302x8.o [1]
  .text              ro code   0x800'1540     0x4  startup_stm32f302x8.o [1]
  .text              ro code   0x800'1544     0x4  startup_stm32f302x8.o [1]
  .text              ro code   0x800'1548     0x4  startup_stm32f302x8.o [1]
  .text              ro code   0x800'154c     0x4  startup_stm32f302x8.o [1]
  .text              ro code   0x800'1550     0x4  startup_stm32f302x8.o [1]
  .text              ro code   0x800'1554     0x4  startup_stm32f302x8.o [1]
  .text              ro code   0x800'1558     0x4  startup_stm32f302x8.o [1]
  .text              ro code   0x800'155c     0x4  startup_stm32f302x8.o [1]
  .text              ro code   0x800'1560     0x4  startup_stm32f302x8.o [1]
  .text              ro code   0x800'1564     0x4  startup_stm32f302x8.o [1]
  .text              ro code   0x800'1568     0x4  startup_stm32f302x8.o [1]
  .text              ro code   0x800'156c     0x4  startup_stm32f302x8.o [1]
  .text              ro code   0x800'1570     0x4  startup_stm32f302x8.o [1]
  .text              ro code   0x800'1574     0x4  startup_stm32f302x8.o [1]
  .text              ro code   0x800'1578     0x4  startup_stm32f302x8.o [1]
  .text              ro code   0x800'157c     0x4  startup_stm32f302x8.o [1]
  .text              ro code   0x800'1580     0x4  startup_stm32f302x8.o [1]
  .text              ro code   0x800'1584     0x4  startup_stm32f302x8.o [1]
  .text              ro code   0x800'1588     0x4  startup_stm32f302x8.o [1]
  .rodata            const     0x800'158c     0x0  zero_init3.o [4]
  .rodata            const     0x800'158c     0x0  copy_init3.o [4]
                             - 0x800'158c  0x1404

"P2", part 1 of 3:                           0x10
  P2-1                        0x2000'0000    0x10  <Init block>
    .data            inited   0x2000'0000     0xc  stm32f3xx_hal.o [1]
    .data            inited   0x2000'000c     0x4  system_stm32f3xx.o [1]
                            - 0x2000'0010    0x10

"P2", part 2 of 3:                           0x84
  .bss               zero     0x2000'0010    0x81  main.o [1]
                            - 0x2000'0091    0x81

"P2", part 3 of 3:                          0x400
  CSTACK                      0x2000'0098   0x400  <Block>
    CSTACK           uninit   0x2000'0098   0x400  <Block tail>
                            - 0x2000'0498   0x400

Unused ranges:

         From           To    Size
         ----           --    ----
   0x800'158c   0x800'ffff  0xea74
  0x2000'0094  0x2000'0097     0x4
  0x2000'0498  0x2000'3fff  0x3b68


*******************************************************************************
*** INIT TABLE
***

          Address      Size
          -------      ----
Zero (__iar_zero_init3)
    1 destination range, total size 0x81:
          0x2000'0010  0x81

Copy (__iar_copy_init3)
    1 source range, total size 0x10:
           0x800'14a4  0x10
    1 destination range, total size 0x10:
          0x2000'0000  0x10



*******************************************************************************
*** MODULE SUMMARY
***

    Module                   ro code  ro data  rw data
    ------                   -------  -------  -------
command line/config:
    --------------------------------------------------
    Total:

C:\Users\Prameet\STM32CubeIDE\keil_test\UART_IT\EWARM\UART_IT\Obj: [1]
    main.o                       360               129
    startup_stm32f302x8.o        604
    stm32f3xx_hal.o              128       12       12
    stm32f3xx_hal_cortex.o       196
    stm32f3xx_hal_dma.o           80
    stm32f3xx_hal_gpio.o         440
    stm32f3xx_hal_msp.o          172
    stm32f3xx_hal_rcc.o        1'204
    stm32f3xx_hal_uart.o       1'806
    stm32f3xx_hal_uart_ex.o        2
    stm32f3xx_it.o                32
    system_stm32f3xx.o            44       12        4
    --------------------------------------------------
    Total:                     5'068       24      145

dl7M_tln.a: [2]
    exit.o                         4
    low_level_init.o               4
    --------------------------------------------------
    Total:                         8

m7M_tls.a: [3]
    fpinit_M.o                    34
    --------------------------------------------------
    Total:                        34

rt7M_tl.a: [4]
    ABImemset.o                  102
    cexit.o                       10
    cmain.o                       30
    copy_init3.o                  46
    cstartup_M.o                  12
    data_init.o                   40
    memset.o                      20
    zero_init3.o                  58
    --------------------------------------------------
    Total:                       318

shb_l.a: [5]
    exit.o                        20
    --------------------------------------------------
    Total:                        20

    Gaps                           6        2
    Linker created                         36    1'024
------------------------------------------------------
    Grand Total:               5'454       62    1'169


*******************************************************************************
*** ENTRY LIST
***

Entry                       Address   Size  Type      Object
-----                       -------   ----  ----      ------
.iar.init_table$$Base    0x800'13f8          --   Gb  - Linker created -
.iar.init_table$$Limit   0x800'141c          --   Gb  - Linker created -
?main                    0x800'144d         Code  Gb  cmain.o [4]
AHBPrescTable            0x800'139c   0x10  Data  Gb  system_stm32f3xx.o [1]
APBPrescTable            0x800'14c0    0x8  Data  Gb  system_stm32f3xx.o [1]
BusFault_Handler         0x800'1423    0x2  Code  Gb  stm32f3xx_it.o [1]
CSTACK$$Base            0x2000'0098          --   Gb  - Linker created -
CSTACK$$Limit           0x2000'0498          --   Gb  - Linker created -
DebugMon_Handler         0x800'1429    0x2  Code  Gb  stm32f3xx_it.o [1]
HAL_DMA_Abort_IT         0x800'0985   0x40  Code  Gb  stm32f3xx_hal_dma.o [1]
HAL_GPIO_Init            0x800'10fd  0x196  Code  Gb  stm32f3xx_hal_gpio.o [1]
HAL_GPIO_WritePin        0x800'1293    0xa  Code  Gb  stm32f3xx_hal_gpio.o [1]
HAL_GetTick              0x800'0979    0xc  Code  Wk  stm32f3xx_hal.o [1]
HAL_IncTick              0x800'143d   0x10  Code  Wk  stm32f3xx_hal.o [1]
HAL_Init                 0x800'12f5   0x20  Code  Gb  stm32f3xx_hal.o [1]
HAL_InitTick             0x800'12b5   0x40  Code  Wk  stm32f3xx_hal.o [1]
HAL_MspInit              0x800'08cd   0x30  Code  Gb  stm32f3xx_hal_msp.o [1]
HAL_NVIC_EnableIRQ       0x800'1093   0x16  Code  Gb  stm32f3xx_hal_cortex.o [1]
HAL_NVIC_SetPriority     0x800'1059   0x3a  Code  Gb  stm32f3xx_hal_cortex.o [1]
HAL_NVIC_SetPriorityGrouping
                         0x800'103f   0x1a  Code  Gb  stm32f3xx_hal_cortex.o [1]
HAL_RCC_ClockConfig      0x800'0d19   0xe2  Code  Gb  stm32f3xx_hal_rcc.o [1]
HAL_RCC_GetPCLK1Freq     0x800'0e55   0x10  Code  Gb  stm32f3xx_hal_rcc.o [1]
HAL_RCC_GetSysClockFreq
                         0x800'0e19   0x3c  Code  Gb  stm32f3xx_hal_rcc.o [1]
HAL_RCC_OscConfig        0x800'0a09  0x308  Code  Gb  stm32f3xx_hal_rcc.o [1]
HAL_SYSTICK_Config       0x800'10a9   0x28  Code  Gb  stm32f3xx_hal_cortex.o [1]
HAL_UARTEx_WakeupCallback
                         0x800'09d7    0x2  Code  Wk  stm32f3xx_hal_uart_ex.o [1]
HAL_UART_IRQHandler      0x800'0361  0x164  Code  Gb  stm32f3xx_hal_uart.o [1]
HAL_UART_Init            0x800'0189   0x30  Code  Gb  stm32f3xx_hal_uart.o [1]
HAL_UART_MspInit         0x800'08fd   0x6e  Code  Gb  stm32f3xx_hal_msp.o [1]
HAL_UART_Receive_IT      0x800'02bd   0x9e  Code  Gb  stm32f3xx_hal_uart.o [1]
HAL_UART_RxCpltCallback
                         0x800'0ebd   0x2c  Code  Gb  main.o [1]
HAL_UART_Transmit        0x800'0209   0xb4  Code  Gb  stm32f3xx_hal_uart.o [1]
HardFault_Handler        0x800'141f    0x2  Code  Gb  stm32f3xx_it.o [1]
MemManage_Handler        0x800'1421    0x2  Code  Gb  stm32f3xx_it.o [1]
NMI_Handler              0x800'141d    0x2  Code  Gb  stm32f3xx_it.o [1]
PendSV_Handler           0x800'142b    0x2  Code  Gb  stm32f3xx_it.o [1]
Region$$Table$$Base      0x800'13f8          --   Gb  - Linker created -
Region$$Table$$Limit     0x800'141c          --   Gb  - Linker created -
SVC_Handler              0x800'1427    0x2  Code  Gb  stm32f3xx_it.o [1]
SysTick_Handler          0x800'142d    0x4  Code  Gb  stm32f3xx_it.o [1]
SystemClock_Config       0x800'0fcd   0x58  Code  Gb  main.o [1]
SystemCoreClock         0x2000'000c    0x4  Data  Gb  system_stm32f3xx.o [1]
SystemInit               0x800'1381   0x14  Code  Gb  system_stm32f3xx.o [1]
UART_AdvFeatureConfig    0x800'062d   0xc6  Code  Gb  stm32f3xx_hal_uart.o [1]
UART_CheckIdleState      0x800'06f3   0x5a  Code  Gb  stm32f3xx_hal_uart.o [1]
UART_DMAAbortOnError     0x800'07f1   0x10  Code  Lc  stm32f3xx_hal_uart.o [1]
UART_EndRxTransfer       0x800'07d3   0x1e  Code  Lc  stm32f3xx_hal_uart.o [1]
UART_RxISR_16BIT         0x800'0825   0x24  Code  Lc  stm32f3xx_hal_uart.o [1]
UART_RxISR_8BIT          0x800'0801   0x24  Code  Lc  stm32f3xx_hal_uart.o [1]
UART_SetConfig           0x800'04d1  0x138  Code  Gb  stm32f3xx_hal_uart.o [1]
UART_WaitOnFlagUntilTimeout
                         0x800'074d   0x66  Code  Gb  stm32f3xx_hal_uart.o [1]
USART2_IRQHandler        0x800'1431    0x6  Code  Gb  stm32f3xx_it.o [1]
UsageFault_Handler       0x800'1425    0x2  Code  Gb  stm32f3xx_it.o [1]
__NVIC_SetPriority       0x800'1025   0x1a  Code  Lc  stm32f3xx_hal_cortex.o [1]
__aeabi_memset           0x800'1319         Code  Gb  ABImemset.o [4]
__cmain                  0x800'144d         Code  Gb  cmain.o [4]
__exit                   0x800'1481   0x14  Code  Gb  exit.o [5]
__iar_Memset             0x800'1319         Code  Gb  ABImemset.o [4]
__iar_Memset_word        0x800'1321         Code  Gb  ABImemset.o [4]
__iar_copy_init3         0x800'09db   0x2e  Code  Gb  copy_init3.o [4]
__iar_data_init3         0x800'13ad   0x28  Code  Gb  data_init.o [4]
__iar_init_vfp           0x800'13d5         Code  Gb  fpinit_M.o [3]
__iar_program_start      0x800'14b5         Code  Gb  cstartup_M.o [4]
__iar_zero_init3         0x800'0893   0x3a  Code  Gb  zero_init3.o [4]
__low_level_init         0x800'146b    0x4  Code  Gb  low_level_init.o [2]
__vector_table           0x800'0000         Data  Gb  startup_stm32f302x8.o [1]
_call_main               0x800'1459         Code  Gb  cmain.o [4]
_exit                    0x800'1475         Code  Gb  cexit.o [4]
_main                    0x800'1467         Code  Gb  cmain.o [4]
aPLLMULFactorTable       0x800'0e9c   0x10  Data  Gb  stm32f3xx_hal_rcc.o [1]
aPredivFactorTable       0x800'0eac   0x10  Data  Gb  stm32f3xx_hal_rcc.o [1]
byte                    0x2000'0090    0x1  Data  Gb  main.o [1]
exit                     0x800'146f    0x4  Code  Gb  exit.o [2]
huart2                  0x2000'0010   0x80  Data  Gb  main.o [1]
main                     0x800'0ee9   0xcc  Code  Gb  main.o [1]
memset                   0x800'10e9   0x14  Code  Gb  memset.o [4]
uwTick                  0x2000'0004    0x4  Data  Gb  stm32f3xx_hal.o [1]
uwTickFreq              0x2000'0000    0x1  Data  Gb  stm32f3xx_hal.o [1]
uwTickPrio              0x2000'0008    0x4  Data  Gb  stm32f3xx_hal.o [1]


[1] = C:\Users\Prameet\STM32CubeIDE\keil_test\UART_IT\EWARM\UART_IT\Obj
[2] = dl7M_tln.a
[3] = m7M_tls.a
[4] = rt7M_tl.a
[5] = shb_l.a

  5'454 bytes of readonly  code memory
     62 bytes of readonly  data memory
  1'169 bytes of readwrite data memory

Errors: none
Warnings: none
