stm32f3xx_hal_rtc.c:241:19:HAL_RTC_Init	16	static
stm32f3xx_hal_rtc.c:331:19:HAL_RTC_DeInit	24	static
stm32f3xx_hal_rtc.c:431:13:HAL_RTC_MspInit	16	static
stm32f3xx_hal_rtc.c:446:13:HAL_RTC_MspDeInit	16	static
stm32f3xx_hal_rtc.c:484:19:HAL_RTC_SetTime	40	static
stm32f3xx_hal_rtc.c:614:19:HAL_RTC_GetTime	32	static
stm32f3xx_hal_rtc.c:658:19:HAL_RTC_SetDate	40	static
stm32f3xx_hal_rtc.c:764:19:HAL_RTC_GetDate	32	static
stm32f3xx_hal_rtc.c:818:19:HAL_RTC_SetAlarm	48	static
stm32f3xx_hal_rtc.c:1002:19:HAL_RTC_SetAlarm_IT	48	static
stm32f3xx_hal_rtc.c:1187:19:HAL_RTC_DeactivateAlarm	24	static
stm32f3xx_hal_rtc.c:1281:19:HAL_RTC_GetAlarm	32	static
stm32f3xx_hal_rtc.c:1331:6:HAL_RTC_AlarmIRQHandler	16	static
stm32f3xx_hal_rtc.c:1373:13:HAL_RTC_AlarmAEventCallback	16	static
stm32f3xx_hal_rtc.c:1389:19:HAL_RTC_PollForAlarmAEvent	24	static
stm32f3xx_hal_rtc.c:1448:19:HAL_RTC_WaitForSynchro	24	static
stm32f3xx_hal_rtc.c:1492:21:HAL_RTC_GetState	16	static
stm32f3xx_hal_rtc.c:1519:19:RTC_EnterInitMode	24	static
stm32f3xx_hal_rtc.c:1549:9:RTC_ByteToBcd2	24	static
stm32f3xx_hal_rtc.c:1567:9:RTC_Bcd2ToByte	24	static
