stm32f3xx_hal_msp.c:66:6:HAL_MspInit	16	static
stm32f3xx_hal_msp.c:90:6:HAL_ADC_MspInit	48	static
stm32f3xx_hal_msp.c:133:6:HAL_ADC_MspDeInit	8	static
stm32f3xx_hal_msp.c:169:6:HAL_DAC_MspInit	40	static
stm32f3xx_hal_msp.c:202:6:HAL_DAC_MspDeInit	0	static
stm32f3xx_hal_msp.c:230:6:HAL_I2C_MspInit	56	static
stm32f3xx_hal_msp.c:274:6:HAL_I2C_MspDeInit	8	static
stm32f3xx_hal_msp.c:305:6:HAL_TIM_Base_MspInit	48	static
stm32f3xx_hal_msp.c:334:6:HAL_TIM_MspPostInit	40	static
stm32f3xx_hal_msp.c:368:6:HAL_TIM_Base_MspDeInit	8	static
stm32f3xx_hal_msp.c:402:6:HAL_UART_MspInit	48	static
stm32f3xx_hal_msp.c:438:6:HAL_UART_MspDeInit	8	static
