r3_1_f30x_pwm_curr_fdbk.c:438:13:R3_1_GetPhaseCurrents	20	static
r3_1_f30x_pwm_curr_fdbk.c:604:10:R3_1_SetADCSampPointPolarization	8	static
r3_1_f30x_pwm_curr_fdbk.c:633:10:R3_1_SetADCSampPointSectX	12	static
r3_1_f30x_pwm_curr_fdbk.c:745:13:R3_1_HFCurrentsPolarizationAB	12	static
r3_1_f30x_pwm_curr_fdbk.c:783:13:R3_1_HFCurrentsPolarizationC	4	static
r3_1_f30x_pwm_curr_fdbk.c:817:13:R3_1_TurnOnLowSides	12	static
r3_1_f30x_pwm_curr_fdbk.c:861:13:R3_1_SwitchOnPWM	12	static
r3_1_f30x_pwm_curr_fdbk.c:918:13:R3_1_SwitchOffPWM	12	static
r3_1_f30x_pwm_curr_fdbk.c:1331:13:R3_1_RLGetPhaseCurrents	12	static
r3_1_f30x_pwm_curr_fdbk.c:1376:13:R3_1_RLTurnOnLowSides	12	static
r3_1_f30x_pwm_curr_fdbk.c:1418:13:R3_1_RLSwitchOnPWM	16	static
r3_1_f30x_pwm_curr_fdbk.c:82:13:R3_1_Init	40	static
r3_1_f30x_pwm_curr_fdbk.c:324:6:R3_1_CurrentReadingPolarization	24	static
r3_1_f30x_pwm_curr_fdbk.c:974:15:R3_1_TIMx_UP_IRQHandler	12	static
r3_1_f30x_pwm_curr_fdbk.c:1002:15:R3_1_BRK2_IRQHandler	12	static
r3_1_f30x_pwm_curr_fdbk.c:1030:15:R3_1_BRK_IRQHandler	0	static
r3_1_f30x_pwm_curr_fdbk.c:1047:17:R3_1_IsOverCurrentOccurred	0	static
r3_1_f30x_pwm_curr_fdbk.c:1117:6:R3_1_RLDetectionModeEnable	8	static
r3_1_f30x_pwm_curr_fdbk.c:1173:6:R3_1_RLDetectionModeDisable	16	static
r3_1_f30x_pwm_curr_fdbk.c:1274:10:R3_1_RLDetectionModeSetDuty	8	static
r3_1_f30x_pwm_curr_fdbk.c:1498:6:RLTurnOnLowSidesAndStart	16	static
